Archive member included to satisfy reference by file (symbol)

g:/iot/5.4 2016q2/bin/../lib/gcc/arm-none-eabi/5.4.1/armv6-m\libgcc.a(_udivsi3.o)
                              ..\obj\stm32f0xx_rcc.o (__aeabi_uidiv)
g:/iot/5.4 2016q2/bin/../lib/gcc/arm-none-eabi/5.4.1/armv6-m\libgcc.a(_dvmd_tls.o)
                              g:/iot/5.4 2016q2/bin/../lib/gcc/arm-none-eabi/5.4.1/armv6-m\libgcc.a(_udivsi3.o) (__aeabi_idiv0)
g:/iot/5.4 2016q2/bin/../lib/gcc/arm-none-eabi/5.4.1/../../../../arm-none-eabi/lib/armv6-m\libg.a(lib_a-memcpy-stub.o)
                              ..\obj\main.o (memcpy)
g:/iot/5.4 2016q2/bin/../lib/gcc/arm-none-eabi/5.4.1/../../../../arm-none-eabi/lib/armv6-m\libg.a(lib_a-strlen-stub.o)
                              ..\obj\stm32f030xx_uart_print.o (strlen)

Allocating common symbols
Common symbol       size              file

TM_KEYPAD_INT_KeypadType
                    0x1               ..\obj\tm_stm32f4_keypad.o
prescaler_ms        0x4               ..\obj\main.o
prescaler_us        0x4               ..\obj\main.o
str                 0x14              ..\obj\main.o

Discarded input sections

 .text          0x00000000        0x0 ..\obj\semihosting.o
 .data          0x00000000        0x0 ..\obj\semihosting.o
 .bss           0x00000000       0x11 ..\obj\semihosting.o
 .text.SH_SendChar
                0x00000000       0x60 ..\obj\semihosting.o
 .text.SH_SendString
                0x00000000       0x1c ..\obj\semihosting.o
 .text.SH_GetChar
                0x00000000       0x3c ..\obj\semihosting.o
 .debug_info    0x00000000      0x136 ..\obj\semihosting.o
 .debug_abbrev  0x00000000       0xad ..\obj\semihosting.o
 .debug_aranges
                0x00000000       0x30 ..\obj\semihosting.o
 .debug_ranges  0x00000000       0x20 ..\obj\semihosting.o
 .debug_line    0x00000000       0xa7 ..\obj\semihosting.o
 .debug_str     0x00000000      0x1c4 ..\obj\semihosting.o
 .comment       0x00000000       0x6f ..\obj\semihosting.o
 .debug_frame   0x00000000       0x70 ..\obj\semihosting.o
 .ARM.attributes
                0x00000000       0x31 ..\obj\semihosting.o
 .text          0x00000000        0x0 ..\obj\stm32f0xx_rcc.o
 .data          0x00000000       0x10 ..\obj\stm32f0xx_rcc.o
 .bss           0x00000000        0x0 ..\obj\stm32f0xx_rcc.o
 .text.RCC_DeInit
                0x00000000       0x88 ..\obj\stm32f0xx_rcc.o
 .text.RCC_HSEConfig
                0x00000000       0x28 ..\obj\stm32f0xx_rcc.o
 .text.RCC_WaitForHSEStartUp
                0x00000000       0x60 ..\obj\stm32f0xx_rcc.o
 .text.RCC_AdjustHSICalibrationValue
                0x00000000       0x3c ..\obj\stm32f0xx_rcc.o
 .text.RCC_HSICmd
                0x00000000       0x3c ..\obj\stm32f0xx_rcc.o
 .text.RCC_AdjustHSI14CalibrationValue
                0x00000000       0x3c ..\obj\stm32f0xx_rcc.o
 .text.RCC_HSI14Cmd
                0x00000000       0x3c ..\obj\stm32f0xx_rcc.o
 .text.RCC_HSI14ADCRequestCmd
                0x00000000       0x3c ..\obj\stm32f0xx_rcc.o
 .text.RCC_LSEConfig
                0x00000000       0x38 ..\obj\stm32f0xx_rcc.o
 .text.RCC_LSEDriveConfig
                0x00000000       0x2c ..\obj\stm32f0xx_rcc.o
 .text.RCC_LSICmd
                0x00000000       0x3c ..\obj\stm32f0xx_rcc.o
 .text.RCC_PLLConfig
                0x00000000       0x38 ..\obj\stm32f0xx_rcc.o
 .text.RCC_PLLCmd
                0x00000000       0x40 ..\obj\stm32f0xx_rcc.o
 .text.RCC_HSI48Cmd
                0x00000000       0x40 ..\obj\stm32f0xx_rcc.o
 .text.RCC_PREDIV1Config
                0x00000000       0x34 ..\obj\stm32f0xx_rcc.o
 .text.RCC_ClockSecuritySystemCmd
                0x00000000       0x40 ..\obj\stm32f0xx_rcc.o
 .text.RCC_MCOConfig
                0x00000000       0x44 ..\obj\stm32f0xx_rcc.o
 .text.RCC_SYSCLKConfig
                0x00000000       0x34 ..\obj\stm32f0xx_rcc.o
 .text.RCC_GetSYSCLKSource
                0x00000000       0x1c ..\obj\stm32f0xx_rcc.o
 .text.RCC_HCLKConfig
                0x00000000       0x34 ..\obj\stm32f0xx_rcc.o
 .text.RCC_PCLKConfig
                0x00000000       0x38 ..\obj\stm32f0xx_rcc.o
 .text.RCC_ADCCLKConfig
                0x00000000       0x54 ..\obj\stm32f0xx_rcc.o
 .text.RCC_CECCLKConfig
                0x00000000       0x2c ..\obj\stm32f0xx_rcc.o
 .text.RCC_I2CCLKConfig
                0x00000000       0x2c ..\obj\stm32f0xx_rcc.o
 .text.RCC_USARTCLKConfig
                0x00000000       0x50 ..\obj\stm32f0xx_rcc.o
 .text.RCC_USBCLKConfig
                0x00000000       0x2c ..\obj\stm32f0xx_rcc.o
 .text.RCC_GetClocksFreq
                0x00000000      0x264 ..\obj\stm32f0xx_rcc.o
 .text.RCC_RTCCLKConfig
                0x00000000       0x20 ..\obj\stm32f0xx_rcc.o
 .text.RCC_RTCCLKCmd
                0x00000000       0x40 ..\obj\stm32f0xx_rcc.o
 .text.RCC_BackupResetCmd
                0x00000000       0x40 ..\obj\stm32f0xx_rcc.o
 .text.RCC_AHBPeriphClockCmd
                0x00000000       0x40 ..\obj\stm32f0xx_rcc.o
 .text.RCC_APB2PeriphClockCmd
                0x00000000       0x40 ..\obj\stm32f0xx_rcc.o
 .text.RCC_APB1PeriphClockCmd
                0x00000000       0x40 ..\obj\stm32f0xx_rcc.o
 .text.RCC_AHBPeriphResetCmd
                0x00000000       0x40 ..\obj\stm32f0xx_rcc.o
 .text.RCC_APB2PeriphResetCmd
                0x00000000       0x40 ..\obj\stm32f0xx_rcc.o
 .text.RCC_APB1PeriphResetCmd
                0x00000000       0x40 ..\obj\stm32f0xx_rcc.o
 .text.RCC_ITConfig
                0x00000000       0x50 ..\obj\stm32f0xx_rcc.o
 .text.RCC_GetFlagStatus
                0x00000000       0x94 ..\obj\stm32f0xx_rcc.o
 .text.RCC_ClearFlag
                0x00000000       0x1c ..\obj\stm32f0xx_rcc.o
 .text.RCC_GetITStatus
                0x00000000       0x44 ..\obj\stm32f0xx_rcc.o
 .text.RCC_ClearITPendingBit
                0x00000000       0x20 ..\obj\stm32f0xx_rcc.o
 .debug_info    0x00000000      0xa41 ..\obj\stm32f0xx_rcc.o
 .debug_abbrev  0x00000000      0x1ee ..\obj\stm32f0xx_rcc.o
 .debug_aranges
                0x00000000      0x160 ..\obj\stm32f0xx_rcc.o
 .debug_ranges  0x00000000      0x150 ..\obj\stm32f0xx_rcc.o
 .debug_line    0x00000000      0x50f ..\obj\stm32f0xx_rcc.o
 .debug_str     0x00000000      0x77b ..\obj\stm32f0xx_rcc.o
 .comment       0x00000000       0x6f ..\obj\stm32f0xx_rcc.o
 .debug_frame   0x00000000      0x524 ..\obj\stm32f0xx_rcc.o
 .ARM.attributes
                0x00000000       0x31 ..\obj\stm32f0xx_rcc.o
 .text          0x00000000        0x0 ..\obj\stm32f0xx_adc.o
 .data          0x00000000        0x0 ..\obj\stm32f0xx_adc.o
 .bss           0x00000000        0x0 ..\obj\stm32f0xx_adc.o
 .text.ADC_DeInit
                0x00000000       0x34 ..\obj\stm32f0xx_adc.o
 .text.ADC_Init
                0x00000000       0x58 ..\obj\stm32f0xx_adc.o
 .text.ADC_StructInit
                0x00000000       0x34 ..\obj\stm32f0xx_adc.o
 .text.ADC_Cmd  0x00000000       0x38 ..\obj\stm32f0xx_adc.o
 .text.ADC_JitterCmd
                0x00000000       0x3c ..\obj\stm32f0xx_adc.o
 .text.ADC_AutoPowerOffCmd
                0x00000000       0x40 ..\obj\stm32f0xx_adc.o
 .text.ADC_WaitModeCmd
                0x00000000       0x40 ..\obj\stm32f0xx_adc.o
 .text.ADC_AnalogWatchdogCmd
                0x00000000       0x40 ..\obj\stm32f0xx_adc.o
 .text.ADC_AnalogWatchdogThresholdsConfig
                0x00000000       0x30 ..\obj\stm32f0xx_adc.o
 .text.ADC_AnalogWatchdogSingleChannelConfig
                0x00000000       0x38 ..\obj\stm32f0xx_adc.o
 .text.ADC_AnalogWatchdogSingleChannelCmd
                0x00000000       0x40 ..\obj\stm32f0xx_adc.o
 .text.ADC_TempSensorCmd
                0x00000000       0x40 ..\obj\stm32f0xx_adc.o
 .text.ADC_VrefintCmd
                0x00000000       0x40 ..\obj\stm32f0xx_adc.o
 .text.ADC_VbatCmd
                0x00000000       0x40 ..\obj\stm32f0xx_adc.o
 .text.ADC_ChannelConfig
                0x00000000       0x3c ..\obj\stm32f0xx_adc.o
 .text.ADC_ContinuousModeCmd
                0x00000000       0x40 ..\obj\stm32f0xx_adc.o
 .text.ADC_DiscModeCmd
                0x00000000       0x40 ..\obj\stm32f0xx_adc.o
 .text.ADC_OverrunModeCmd
                0x00000000       0x40 ..\obj\stm32f0xx_adc.o
 .text.ADC_GetCalibrationFactor
                0x00000000       0x60 ..\obj\stm32f0xx_adc.o
 .text.ADC_StopOfConversion
                0x00000000       0x1c ..\obj\stm32f0xx_adc.o
 .text.ADC_StartOfConversion
                0x00000000       0x1c ..\obj\stm32f0xx_adc.o
 .text.ADC_GetConversionValue
                0x00000000       0x18 ..\obj\stm32f0xx_adc.o
 .text.ADC_DMACmd
                0x00000000       0x3c ..\obj\stm32f0xx_adc.o
 .text.ADC_DMARequestModeConfig
                0x00000000       0x2c ..\obj\stm32f0xx_adc.o
 .text.ADC_ITConfig
                0x00000000       0x3c ..\obj\stm32f0xx_adc.o
 .text.ADC_GetFlagStatus
                0x00000000       0x60 ..\obj\stm32f0xx_adc.o
 .text.ADC_ClearFlag
                0x00000000       0x18 ..\obj\stm32f0xx_adc.o
 .text.ADC_GetITStatus
                0x00000000       0x50 ..\obj\stm32f0xx_adc.o
 .text.ADC_ClearITPendingBit
                0x00000000       0x18 ..\obj\stm32f0xx_adc.o
 .debug_info    0x00000000      0x89c ..\obj\stm32f0xx_adc.o
 .debug_abbrev  0x00000000      0x18a ..\obj\stm32f0xx_adc.o
 .debug_aranges
                0x00000000      0x100 ..\obj\stm32f0xx_adc.o
 .debug_ranges  0x00000000       0xf0 ..\obj\stm32f0xx_adc.o
 .debug_line    0x00000000      0x3e3 ..\obj\stm32f0xx_adc.o
 .debug_str     0x00000000      0x59a ..\obj\stm32f0xx_adc.o
 .comment       0x00000000       0x6f ..\obj\stm32f0xx_adc.o
 .debug_frame   0x00000000      0x3b0 ..\obj\stm32f0xx_adc.o
 .ARM.attributes
                0x00000000       0x31 ..\obj\stm32f0xx_adc.o
 .text          0x00000000        0x0 ..\obj\systick_millis.o
 .data          0x00000000        0x0 ..\obj\systick_millis.o
 .text.NVIC_SetPriority
                0x00000000       0xdc ..\obj\systick_millis.o
 .text.SysTick_Config
                0x00000000       0x4c ..\obj\systick_millis.o
 .text.systick_millis_init
                0x00000000       0x40 ..\obj\systick_millis.o
 .text.millis   0x00000000       0x14 ..\obj\systick_millis.o
 .text.delay    0x00000000       0x30 ..\obj\systick_millis.o
 .text.restartMillis
                0x00000000       0x20 ..\obj\systick_millis.o
 .text          0x00000000        0x0 ..\obj\LCD1602_main.o
 .data          0x00000000        0x0 ..\obj\LCD1602_main.o
 .bss           0x00000000        0x0 ..\obj\LCD1602_main.o
 .debug_line    0x00000000        0x0 ..\obj\LCD1602_main.o
 .debug_str     0x00000000       0xac ..\obj\LCD1602_main.o
 .comment       0x00000000       0x6f ..\obj\LCD1602_main.o
 .ARM.attributes
                0x00000000       0x31 ..\obj\LCD1602_main.o
 .text          0x00000000        0x0 ..\obj\main.o
 .data          0x00000000        0x0 ..\obj\main.o
 .bss           0x00000000        0x0 ..\obj\main.o
 .text          0x00000000       0x14 ..\obj\startup_stm32f0xx.o
 .data          0x00000000        0x0 ..\obj\startup_stm32f0xx.o
 .bss           0x00000000        0x0 ..\obj\startup_stm32f0xx.o
 .text          0x00000000        0x0 ..\obj\printf.o
 .data          0x00000000      0x42c ..\obj\printf.o
 .bss           0x00000000        0x0 ..\obj\printf.o
 .text.PrintChar
                0x00000000       0x20 ..\obj\printf.o
 .text.PutChar  0x00000000       0x20 ..\obj\printf.o
 .text.PutString
                0x00000000       0x38 ..\obj\printf.o
 .text.PutUnsignedInt
                0x00000000       0xa8 ..\obj\printf.o
 .text.PutSignedInt
                0x00000000      0x110 ..\obj\printf.o
 .text.PutHexa  0x00000000       0xf8 ..\obj\printf.o
 .text.vsnprintf
                0x00000000      0x228 ..\obj\printf.o
 .rodata        0x00000000       0xa8 ..\obj\printf.o
 .text.snprintf
                0x00000000       0x34 ..\obj\printf.o
 .text.vsprintf
                0x00000000       0x24 ..\obj\printf.o
 .text.vfprintf
                0x00000000       0x68 ..\obj\printf.o
 .text.vprintf  0x00000000       0x28 ..\obj\printf.o
 .text.fprintf  0x00000000       0x30 ..\obj\printf.o
 .text.printf   0x00000000       0x30 ..\obj\printf.o
 .text.sprintf  0x00000000       0x30 ..\obj\printf.o
 .text.puts     0x00000000       0x28 ..\obj\printf.o
 .text.fputc    0x00000000       0x40 ..\obj\printf.o
 .text.fputs    0x00000000       0x4c ..\obj\printf.o
 .debug_info    0x00000000      0xe3d ..\obj\printf.o
 .debug_abbrev  0x00000000      0x262 ..\obj\printf.o
 .debug_aranges
                0x00000000       0xa0 ..\obj\printf.o
 .debug_ranges  0x00000000       0x90 ..\obj\printf.o
 .debug_line    0x00000000      0x301 ..\obj\printf.o
 .debug_str     0x00000000      0x661 ..\obj\printf.o
 .comment       0x00000000       0x6f ..\obj\printf.o
 .debug_frame   0x00000000      0x234 ..\obj\printf.o
 .ARM.attributes
                0x00000000       0x31 ..\obj\printf.o
 .text          0x00000000        0x0 ..\obj\stm32f0xx_spi.o
 .data          0x00000000        0x0 ..\obj\stm32f0xx_spi.o
 .bss           0x00000000        0x0 ..\obj\stm32f0xx_spi.o
 .text.SPI_I2S_DeInit
                0x00000000       0x5c ..\obj\stm32f0xx_spi.o
 .text.SPI_StructInit
                0x00000000       0x48 ..\obj\stm32f0xx_spi.o
 .text.SPI_Init
                0x00000000      0x108 ..\obj\stm32f0xx_spi.o
 .text.I2S_StructInit
                0x00000000       0x34 ..\obj\stm32f0xx_spi.o
 .text.I2S_Init
                0x00000000      0x1c4 ..\obj\stm32f0xx_spi.o
 .text.SPI_Cmd  0x00000000       0x40 ..\obj\stm32f0xx_spi.o
 .text.SPI_TIModeCmd
                0x00000000       0x40 ..\obj\stm32f0xx_spi.o
 .text.I2S_Cmd  0x00000000       0x48 ..\obj\stm32f0xx_spi.o
 .text.SPI_DataSizeConfig
                0x00000000       0x58 ..\obj\stm32f0xx_spi.o
 .text.SPI_RxFIFOThresholdConfig
                0x00000000       0x3c ..\obj\stm32f0xx_spi.o
 .text.SPI_BiDirectionalLineConfig
                0x00000000       0x4c ..\obj\stm32f0xx_spi.o
 .text.SPI_NSSInternalSoftwareConfig
                0x00000000       0x4c ..\obj\stm32f0xx_spi.o
 .text.SPI_SSOutputCmd
                0x00000000       0x40 ..\obj\stm32f0xx_spi.o
 .text.SPI_NSSPulseModeCmd
                0x00000000       0x40 ..\obj\stm32f0xx_spi.o
 .text.SPI_SendData8
                0x00000000       0x2c ..\obj\stm32f0xx_spi.o
 .text.SPI_I2S_SendData16
                0x00000000       0x20 ..\obj\stm32f0xx_spi.o
 .text.SPI_ReceiveData8
                0x00000000       0x24 ..\obj\stm32f0xx_spi.o
 .text.SPI_I2S_ReceiveData16
                0x00000000       0x18 ..\obj\stm32f0xx_spi.o
 .text.SPI_CRCLengthConfig
                0x00000000       0x3c ..\obj\stm32f0xx_spi.o
 .text.SPI_CalculateCRC
                0x00000000       0x48 ..\obj\stm32f0xx_spi.o
 .text.SPI_TransmitCRC
                0x00000000       0x24 ..\obj\stm32f0xx_spi.o
 .text.SPI_GetCRC
                0x00000000       0x44 ..\obj\stm32f0xx_spi.o
 .text.SPI_GetCRCPolynomial
                0x00000000       0x18 ..\obj\stm32f0xx_spi.o
 .text.SPI_I2S_DMACmd
                0x00000000       0x54 ..\obj\stm32f0xx_spi.o
 .text.SPI_LastDMATransferCmd
                0x00000000       0x3c ..\obj\stm32f0xx_spi.o
 .text.SPI_I2S_ITConfig
                0x00000000       0x84 ..\obj\stm32f0xx_spi.o
 .text.SPI_GetTransmissionFIFOStatus
                0x00000000       0x20 ..\obj\stm32f0xx_spi.o
 .text.SPI_GetReceptionFIFOStatus
                0x00000000       0x20 ..\obj\stm32f0xx_spi.o
 .text.SPI_I2S_GetFlagStatus
                0x00000000       0x48 ..\obj\stm32f0xx_spi.o
 .text.SPI_I2S_ClearFlag
                0x00000000       0x24 ..\obj\stm32f0xx_spi.o
 .text.SPI_I2S_GetITStatus
                0x00000000       0xb0 ..\obj\stm32f0xx_spi.o
 .debug_info    0x00000000      0xaaf ..\obj\stm32f0xx_spi.o
 .debug_abbrev  0x00000000      0x1a3 ..\obj\stm32f0xx_spi.o
 .debug_aranges
                0x00000000      0x110 ..\obj\stm32f0xx_spi.o
 .debug_ranges  0x00000000      0x100 ..\obj\stm32f0xx_spi.o
 .debug_line    0x00000000      0x441 ..\obj\stm32f0xx_spi.o
 .debug_str     0x00000000      0x71a ..\obj\stm32f0xx_spi.o
 .comment       0x00000000       0x6f ..\obj\stm32f0xx_spi.o
 .debug_frame   0x00000000      0x3f0 ..\obj\stm32f0xx_spi.o
 .ARM.attributes
                0x00000000       0x31 ..\obj\stm32f0xx_spi.o
 .text          0x00000000        0x0 ..\obj\stm32f0xx_i2c.o
 .data          0x00000000        0x0 ..\obj\stm32f0xx_i2c.o
 .bss           0x00000000        0x0 ..\obj\stm32f0xx_i2c.o
 .text.I2C_DeInit
                0x00000000       0x50 ..\obj\stm32f0xx_i2c.o
 .text.I2C_Init
                0x00000000       0xd0 ..\obj\stm32f0xx_i2c.o
 .text.I2C_StructInit
                0x00000000       0x3c ..\obj\stm32f0xx_i2c.o
 .text.I2C_Cmd  0x00000000       0x3c ..\obj\stm32f0xx_i2c.o
 .text.I2C_SoftwareResetCmd
                0x00000000       0x40 ..\obj\stm32f0xx_i2c.o
 .text.I2C_ITConfig
                0x00000000       0x3c ..\obj\stm32f0xx_i2c.o
 .text.I2C_StretchClockCmd
                0x00000000       0x40 ..\obj\stm32f0xx_i2c.o
 .text.I2C_StopModeCmd
                0x00000000       0x40 ..\obj\stm32f0xx_i2c.o
 .text.I2C_DualAddressCmd
                0x00000000       0x40 ..\obj\stm32f0xx_i2c.o
 .text.I2C_OwnAddress2Config
                0x00000000       0x58 ..\obj\stm32f0xx_i2c.o
 .text.I2C_GeneralCallCmd
                0x00000000       0x40 ..\obj\stm32f0xx_i2c.o
 .text.I2C_SlaveByteControlCmd
                0x00000000       0x40 ..\obj\stm32f0xx_i2c.o
 .text.I2C_SlaveAddressConfig
                0x00000000       0x3c ..\obj\stm32f0xx_i2c.o
 .text.I2C_10BitAddressingModeCmd
                0x00000000       0x40 ..\obj\stm32f0xx_i2c.o
 .text.I2C_AutoEndCmd
                0x00000000       0x40 ..\obj\stm32f0xx_i2c.o
 .text.I2C_ReloadCmd
                0x00000000       0x40 ..\obj\stm32f0xx_i2c.o
 .text.I2C_NumberOfBytesConfig
                0x00000000       0x44 ..\obj\stm32f0xx_i2c.o
 .text.I2C_MasterRequestConfig
                0x00000000       0x40 ..\obj\stm32f0xx_i2c.o
 .text.I2C_GenerateSTART
                0x00000000       0x40 ..\obj\stm32f0xx_i2c.o
 .text.I2C_GenerateSTOP
                0x00000000       0x40 ..\obj\stm32f0xx_i2c.o
 .text.I2C_10BitAddressHeaderCmd
                0x00000000       0x40 ..\obj\stm32f0xx_i2c.o
 .text.I2C_AcknowledgeConfig
                0x00000000       0x40 ..\obj\stm32f0xx_i2c.o
 .text.I2C_GetAddressMatched
                0x00000000       0x20 ..\obj\stm32f0xx_i2c.o
 .text.I2C_GetTransferDirection
                0x00000000       0x48 ..\obj\stm32f0xx_i2c.o
 .text.I2C_TransferHandling
                0x00000000       0x6c ..\obj\stm32f0xx_i2c.o
 .text.I2C_SMBusAlertCmd
                0x00000000       0x40 ..\obj\stm32f0xx_i2c.o
 .text.I2C_ClockTimeoutCmd
                0x00000000       0x40 ..\obj\stm32f0xx_i2c.o
 .text.I2C_ExtendedClockTimeoutCmd
                0x00000000       0x3c ..\obj\stm32f0xx_i2c.o
 .text.I2C_IdleClockTimeoutCmd
                0x00000000       0x40 ..\obj\stm32f0xx_i2c.o
 .text.I2C_TimeoutAConfig
                0x00000000       0x3c ..\obj\stm32f0xx_i2c.o
 .text.I2C_TimeoutBConfig
                0x00000000       0x48 ..\obj\stm32f0xx_i2c.o
 .text.I2C_CalculatePEC
                0x00000000       0x40 ..\obj\stm32f0xx_i2c.o
 .text.I2C_PECRequestCmd
                0x00000000       0x40 ..\obj\stm32f0xx_i2c.o
 .text.I2C_GetPEC
                0x00000000       0x18 ..\obj\stm32f0xx_i2c.o
 .text.I2C_ReadRegister
                0x00000000       0x2c ..\obj\stm32f0xx_i2c.o
 .text.I2C_SendData
                0x00000000       0x20 ..\obj\stm32f0xx_i2c.o
 .text.I2C_ReceiveData
                0x00000000       0x18 ..\obj\stm32f0xx_i2c.o
 .text.I2C_DMACmd
                0x00000000       0x3c ..\obj\stm32f0xx_i2c.o
 .text.I2C_GetFlagStatus
                0x00000000       0x4c ..\obj\stm32f0xx_i2c.o
 .text.I2C_ClearFlag
                0x00000000       0x18 ..\obj\stm32f0xx_i2c.o
 .text.I2C_GetITStatus
                0x00000000       0x88 ..\obj\stm32f0xx_i2c.o
 .text.I2C_ClearITPendingBit
                0x00000000       0x18 ..\obj\stm32f0xx_i2c.o
 .debug_info    0x00000000      0xbca ..\obj\stm32f0xx_i2c.o
 .debug_abbrev  0x00000000      0x187 ..\obj\stm32f0xx_i2c.o
 .debug_aranges
                0x00000000      0x168 ..\obj\stm32f0xx_i2c.o
 .debug_ranges  0x00000000      0x158 ..\obj\stm32f0xx_i2c.o
 .debug_line    0x00000000      0x4fe ..\obj\stm32f0xx_i2c.o
 .debug_str     0x00000000      0x631 ..\obj\stm32f0xx_i2c.o
 .comment       0x00000000       0x6f ..\obj\stm32f0xx_i2c.o
 .debug_frame   0x00000000      0x550 ..\obj\stm32f0xx_i2c.o
 .ARM.attributes
                0x00000000       0x31 ..\obj\stm32f0xx_i2c.o
 .text          0x00000000        0x0 ..\obj\stm32f0xx_gpio.o
 .data          0x00000000        0x0 ..\obj\stm32f0xx_gpio.o
 .bss           0x00000000        0x0 ..\obj\stm32f0xx_gpio.o
 .text.GPIO_DeInit
                0x00000000       0xf0 ..\obj\stm32f0xx_gpio.o
 .text.GPIO_Init
                0x00000000      0x130 ..\obj\stm32f0xx_gpio.o
 .text.GPIO_StructInit
                0x00000000       0x34 ..\obj\stm32f0xx_gpio.o
 .text.GPIO_PinLockConfig
                0x00000000       0x48 ..\obj\stm32f0xx_gpio.o
 .text.GPIO_ReadInputDataBit
                0x00000000       0x48 ..\obj\stm32f0xx_gpio.o
 .text.GPIO_ReadInputData
                0x00000000       0x18 ..\obj\stm32f0xx_gpio.o
 .text.GPIO_ReadOutputDataBit
                0x00000000       0x48 ..\obj\stm32f0xx_gpio.o
 .text.GPIO_ReadOutputData
                0x00000000       0x18 ..\obj\stm32f0xx_gpio.o
 .text.GPIO_SetBits
                0x00000000       0x20 ..\obj\stm32f0xx_gpio.o
 .text.GPIO_ResetBits
                0x00000000       0x20 ..\obj\stm32f0xx_gpio.o
 .text.GPIO_WriteBit
                0x00000000       0x3c ..\obj\stm32f0xx_gpio.o
 .text.GPIO_Write
                0x00000000       0x20 ..\obj\stm32f0xx_gpio.o
 .text.GPIO_PinAFConfig
                0x00000000       0xa4 ..\obj\stm32f0xx_gpio.o
 .debug_info    0x00000000      0x5e7 ..\obj\stm32f0xx_gpio.o
 .debug_abbrev  0x00000000      0x19f ..\obj\stm32f0xx_gpio.o
 .debug_aranges
                0x00000000       0x80 ..\obj\stm32f0xx_gpio.o
 .debug_ranges  0x00000000       0x70 ..\obj\stm32f0xx_gpio.o
 .debug_line    0x00000000      0x2b8 ..\obj\stm32f0xx_gpio.o
 .debug_str     0x00000000      0x483 ..\obj\stm32f0xx_gpio.o
 .comment       0x00000000       0x6f ..\obj\stm32f0xx_gpio.o
 .debug_frame   0x00000000      0x1b0 ..\obj\stm32f0xx_gpio.o
 .ARM.attributes
                0x00000000       0x31 ..\obj\stm32f0xx_gpio.o
 .text          0x00000000        0x0 ..\obj\analog_test.o
 .data          0x00000000        0x0 ..\obj\analog_test.o
 .bss           0x00000000        0x0 ..\obj\analog_test.o
 .debug_line    0x00000000        0x0 ..\obj\analog_test.o
 .debug_str     0x00000000       0xad ..\obj\analog_test.o
 .comment       0x00000000       0x6f ..\obj\analog_test.o
 .ARM.attributes
                0x00000000       0x31 ..\obj\analog_test.o
 .data          0x00000000        0x0 ..\obj\sh_cmd.o
 .bss           0x00000000        0x0 ..\obj\sh_cmd.o
 .text          0x00000000        0x0 ..\obj\stm32f0xx_rtc.o
 .data          0x00000000        0x0 ..\obj\stm32f0xx_rtc.o
 .bss           0x00000000        0x0 ..\obj\stm32f0xx_rtc.o
 .text.RTC_DeInit
                0x00000000       0xac ..\obj\stm32f0xx_rtc.o
 .text.RTC_Init
                0x00000000       0x84 ..\obj\stm32f0xx_rtc.o
 .text.RTC_StructInit
                0x00000000       0x24 ..\obj\stm32f0xx_rtc.o
 .text.RTC_WriteProtectionCmd
                0x00000000       0x34 ..\obj\stm32f0xx_rtc.o
 .text.RTC_EnterInitMode
                0x00000000       0x80 ..\obj\stm32f0xx_rtc.o
 .text.RTC_ExitInitMode
                0x00000000       0x1c ..\obj\stm32f0xx_rtc.o
 .text.RTC_WaitForSynchro
                0x00000000       0x98 ..\obj\stm32f0xx_rtc.o
 .text.RTC_RefClockCmd
                0x00000000       0x78 ..\obj\stm32f0xx_rtc.o
 .text.RTC_BypassShadowCmd
                0x00000000       0x4c ..\obj\stm32f0xx_rtc.o
 .text.RTC_SetTime
                0x00000000      0x124 ..\obj\stm32f0xx_rtc.o
 .text.RTC_TimeStructInit
                0x00000000       0x28 ..\obj\stm32f0xx_rtc.o
 .text.RTC_GetTime
                0x00000000       0xa4 ..\obj\stm32f0xx_rtc.o
 .text.RTC_GetSubSecond
                0x00000000       0x24 ..\obj\stm32f0xx_rtc.o
 .text.RTC_SetDate
                0x00000000      0x130 ..\obj\stm32f0xx_rtc.o
 .text.RTC_DateStructInit
                0x00000000       0x28 ..\obj\stm32f0xx_rtc.o
 .text.RTC_GetDate
                0x00000000       0xa4 ..\obj\stm32f0xx_rtc.o
 .text.RTC_SetAlarm
                0x00000000      0x124 ..\obj\stm32f0xx_rtc.o
 .text.RTC_AlarmStructInit
                0x00000000       0x3c ..\obj\stm32f0xx_rtc.o
 .text.RTC_GetAlarm
                0x00000000       0xd8 ..\obj\stm32f0xx_rtc.o
 .text.RTC_AlarmCmd
                0x00000000       0xb0 ..\obj\stm32f0xx_rtc.o
 .text.RTC_AlarmSubSecondConfig
                0x00000000       0x44 ..\obj\stm32f0xx_rtc.o
 .text.RTC_GetAlarmSubSecond
                0x00000000       0x24 ..\obj\stm32f0xx_rtc.o
 .text.RTC_WakeUpClockConfig
                0x00000000       0x40 ..\obj\stm32f0xx_rtc.o
 .text.RTC_SetWakeUpCounter
                0x00000000       0x2c ..\obj\stm32f0xx_rtc.o
 .text.RTC_GetWakeUpCounter
                0x00000000       0x18 ..\obj\stm32f0xx_rtc.o
 .text.RTC_WakeUpCmd
                0x00000000       0xac ..\obj\stm32f0xx_rtc.o
 .text.RTC_DayLightSavingConfig
                0x00000000       0x48 ..\obj\stm32f0xx_rtc.o
 .text.RTC_GetStoreOperation
                0x00000000       0x18 ..\obj\stm32f0xx_rtc.o
 .text.RTC_OutputConfig
                0x00000000       0x48 ..\obj\stm32f0xx_rtc.o
 .text.RTC_CalibOutputCmd
                0x00000000       0x54 ..\obj\stm32f0xx_rtc.o
 .text.RTC_CalibOutputConfig
                0x00000000       0x44 ..\obj\stm32f0xx_rtc.o
 .text.RTC_SmoothCalibConfig
                0x00000000       0x94 ..\obj\stm32f0xx_rtc.o
 .text.RTC_TimeStampCmd
                0x00000000       0x64 ..\obj\stm32f0xx_rtc.o
 .text.RTC_GetTimeStamp
                0x00000000      0x120 ..\obj\stm32f0xx_rtc.o
 .text.RTC_GetTimeStampSubSecond
                0x00000000       0x14 ..\obj\stm32f0xx_rtc.o
 .text.RTC_TamperTriggerConfig
                0x00000000       0x3c ..\obj\stm32f0xx_rtc.o
 .text.RTC_TamperCmd
                0x00000000       0x40 ..\obj\stm32f0xx_rtc.o
 .text.RTC_TamperFilterConfig
                0x00000000       0x30 ..\obj\stm32f0xx_rtc.o
 .text.RTC_TamperSamplingFreqConfig
                0x00000000       0x30 ..\obj\stm32f0xx_rtc.o
 .text.RTC_TamperPinsPrechargeDuration
                0x00000000       0x30 ..\obj\stm32f0xx_rtc.o
 .text.RTC_TimeStampOnTamperDetectionCmd
                0x00000000       0x3c ..\obj\stm32f0xx_rtc.o
 .text.RTC_TamperPullUpCmd
                0x00000000       0x40 ..\obj\stm32f0xx_rtc.o
 .text.RTC_WriteBackupRegister
                0x00000000       0x30 ..\obj\stm32f0xx_rtc.o
 .text.RTC_ReadBackupRegister
                0x00000000       0x2c ..\obj\stm32f0xx_rtc.o
 .text.RTC_OutputTypeConfig
                0x00000000       0x30 ..\obj\stm32f0xx_rtc.o
 .text.RTC_SynchroShiftConfig
                0x00000000       0xac ..\obj\stm32f0xx_rtc.o
 .text.RTC_ITConfig
                0x00000000       0x7c ..\obj\stm32f0xx_rtc.o
 .text.RTC_GetFlagStatus
                0x00000000       0x50 ..\obj\stm32f0xx_rtc.o
 .text.RTC_ClearFlag
                0x00000000       0x34 ..\obj\stm32f0xx_rtc.o
 .text.RTC_GetITStatus
                0x00000000       0x7c ..\obj\stm32f0xx_rtc.o
 .text.RTC_ClearITPendingBit
                0x00000000       0x38 ..\obj\stm32f0xx_rtc.o
 .text.RTC_ByteToBcd2
                0x00000000       0x50 ..\obj\stm32f0xx_rtc.o
 .text.RTC_Bcd2ToByte
                0x00000000       0x48 ..\obj\stm32f0xx_rtc.o
 .debug_info    0x00000000      0xf21 ..\obj\stm32f0xx_rtc.o
 .debug_abbrev  0x00000000      0x1b7 ..\obj\stm32f0xx_rtc.o
 .debug_aranges
                0x00000000      0x1c0 ..\obj\stm32f0xx_rtc.o
 .debug_ranges  0x00000000      0x1b0 ..\obj\stm32f0xx_rtc.o
 .debug_line    0x00000000      0x726 ..\obj\stm32f0xx_rtc.o
 .debug_str     0x00000000      0xa39 ..\obj\stm32f0xx_rtc.o
 .comment       0x00000000       0x6f ..\obj\stm32f0xx_rtc.o
 .debug_frame   0x00000000      0x6a0 ..\obj\stm32f0xx_rtc.o
 .ARM.attributes
                0x00000000       0x31 ..\obj\stm32f0xx_rtc.o
 .text          0x00000000        0x0 ..\obj\syscalls.o
 .data          0x00000000        0x0 ..\obj\syscalls.o
 .bss           0x00000000        0x4 ..\obj\syscalls.o
 .text._sbrk    0x00000000       0x3c ..\obj\syscalls.o
 .text.link     0x00000000       0x18 ..\obj\syscalls.o
 .text._close   0x00000000       0x14 ..\obj\syscalls.o
 .text._fstat   0x00000000       0x1c ..\obj\syscalls.o
 .text._isatty  0x00000000       0x14 ..\obj\syscalls.o
 .text._lseek   0x00000000       0x18 ..\obj\syscalls.o
 .text._read    0x00000000       0x18 ..\obj\syscalls.o
 .text._write   0x00000000       0x18 ..\obj\syscalls.o
 .text.abort    0x00000000        0x8 ..\obj\syscalls.o
 .debug_info    0x00000000      0x458 ..\obj\syscalls.o
 .debug_abbrev  0x00000000       0xe5 ..\obj\syscalls.o
 .debug_aranges
                0x00000000       0x60 ..\obj\syscalls.o
 .debug_ranges  0x00000000       0x50 ..\obj\syscalls.o
 .debug_line    0x00000000      0x19c ..\obj\syscalls.o
 .debug_str     0x00000000      0x32a ..\obj\syscalls.o
 .comment       0x00000000       0x6f ..\obj\syscalls.o
 .debug_frame   0x00000000      0x12c ..\obj\syscalls.o
 .ARM.attributes
                0x00000000       0x31 ..\obj\syscalls.o
 .text          0x00000000        0x0 ..\obj\stm32f0xx_usart.o
 .data          0x00000000        0x0 ..\obj\stm32f0xx_usart.o
 .bss           0x00000000        0x0 ..\obj\stm32f0xx_usart.o
 .text.USART_DeInit
                0x00000000       0xa8 ..\obj\stm32f0xx_usart.o
 .text.USART_Init
                0x00000000      0x174 ..\obj\stm32f0xx_usart.o
 .text.USART_StructInit
                0x00000000       0x38 ..\obj\stm32f0xx_usart.o
 .text.USART_ClockInit
                0x00000000       0x4c ..\obj\stm32f0xx_usart.o
 .text.USART_ClockStructInit
                0x00000000       0x28 ..\obj\stm32f0xx_usart.o
 .text.USART_Cmd
                0x00000000       0x3c ..\obj\stm32f0xx_usart.o
 .text.USART_DirectionModeCmd
                0x00000000       0x3c ..\obj\stm32f0xx_usart.o
 .text.USART_OverSampling8Cmd
                0x00000000       0x40 ..\obj\stm32f0xx_usart.o
 .text.USART_OneBitMethodCmd
                0x00000000       0x40 ..\obj\stm32f0xx_usart.o
 .text.USART_MSBFirstCmd
                0x00000000       0x40 ..\obj\stm32f0xx_usart.o
 .text.USART_DataInvCmd
                0x00000000       0x40 ..\obj\stm32f0xx_usart.o
 .text.USART_InvPinCmd
                0x00000000       0x3c ..\obj\stm32f0xx_usart.o
 .text.USART_SWAPPinCmd
                0x00000000       0x40 ..\obj\stm32f0xx_usart.o
 .text.USART_ReceiverTimeOutCmd
                0x00000000       0x40 ..\obj\stm32f0xx_usart.o
 .text.USART_SetReceiverTimeOut
                0x00000000       0x2c ..\obj\stm32f0xx_usart.o
 .text.USART_SetPrescaler
                0x00000000       0x3c ..\obj\stm32f0xx_usart.o
 .text.USART_STOPModeCmd
                0x00000000       0x3c ..\obj\stm32f0xx_usart.o
 .text.USART_StopModeWakeUpSourceConfig
                0x00000000       0x30 ..\obj\stm32f0xx_usart.o
 .text.USART_AutoBaudRateCmd
                0x00000000       0x40 ..\obj\stm32f0xx_usart.o
 .text.USART_AutoBaudRateConfig
                0x00000000       0x30 ..\obj\stm32f0xx_usart.o
 .text.USART_SendData
                0x00000000       0x24 ..\obj\stm32f0xx_usart.o
 .text.USART_ReceiveData
                0x00000000       0x1c ..\obj\stm32f0xx_usart.o
 .text.USART_SetAddress
                0x00000000       0x34 ..\obj\stm32f0xx_usart.o
 .text.USART_MuteModeCmd
                0x00000000       0x40 ..\obj\stm32f0xx_usart.o
 .text.USART_MuteModeWakeUpConfig
                0x00000000       0x30 ..\obj\stm32f0xx_usart.o
 .text.USART_AddressDetectionConfig
                0x00000000       0x2c ..\obj\stm32f0xx_usart.o
 .text.USART_LINBreakDetectLengthConfig
                0x00000000       0x2c ..\obj\stm32f0xx_usart.o
 .text.USART_LINCmd
                0x00000000       0x40 ..\obj\stm32f0xx_usart.o
 .text.USART_HalfDuplexCmd
                0x00000000       0x3c ..\obj\stm32f0xx_usart.o
 .text.USART_SetGuardTime
                0x00000000       0x40 ..\obj\stm32f0xx_usart.o
 .text.USART_SmartCardCmd
                0x00000000       0x3c ..\obj\stm32f0xx_usart.o
 .text.USART_SmartCardNACKCmd
                0x00000000       0x3c ..\obj\stm32f0xx_usart.o
 .text.USART_SetAutoRetryCount
                0x00000000       0x38 ..\obj\stm32f0xx_usart.o
 .text.USART_SetBlockLength
                0x00000000       0x34 ..\obj\stm32f0xx_usart.o
 .text.USART_IrDAConfig
                0x00000000       0x2c ..\obj\stm32f0xx_usart.o
 .text.USART_IrDACmd
                0x00000000       0x3c ..\obj\stm32f0xx_usart.o
 .text.USART_DECmd
                0x00000000       0x40 ..\obj\stm32f0xx_usart.o
 .text.USART_DEPolarityConfig
                0x00000000       0x30 ..\obj\stm32f0xx_usart.o
 .text.USART_SetDEAssertionTime
                0x00000000       0x30 ..\obj\stm32f0xx_usart.o
 .text.USART_SetDEDeassertionTime
                0x00000000       0x30 ..\obj\stm32f0xx_usart.o
 .text.USART_DMACmd
                0x00000000       0x3c ..\obj\stm32f0xx_usart.o
 .text.USART_DMAReceptionErrorConfig
                0x00000000       0x30 ..\obj\stm32f0xx_usart.o
 .text.USART_ITConfig
                0x00000000       0x88 ..\obj\stm32f0xx_usart.o
 .text.USART_RequestCmd
                0x00000000       0x48 ..\obj\stm32f0xx_usart.o
 .text.USART_OverrunDetectionConfig
                0x00000000       0x30 ..\obj\stm32f0xx_usart.o
 .text.USART_GetFlagStatus
                0x00000000       0x3c ..\obj\stm32f0xx_usart.o
 .text.USART_ClearFlag
                0x00000000       0x18 ..\obj\stm32f0xx_usart.o
 .text.USART_GetITStatus
                0x00000000       0xb0 ..\obj\stm32f0xx_usart.o
 .text.USART_ClearITPendingBit
                0x00000000       0x30 ..\obj\stm32f0xx_usart.o
 .debug_info    0x00000000      0xe4e ..\obj\stm32f0xx_usart.o
 .debug_abbrev  0x00000000      0x15e ..\obj\stm32f0xx_usart.o
 .debug_aranges
                0x00000000      0x1a0 ..\obj\stm32f0xx_usart.o
 .debug_ranges  0x00000000      0x190 ..\obj\stm32f0xx_usart.o
 .debug_line    0x00000000      0x5ad ..\obj\stm32f0xx_usart.o
 .debug_str     0x00000000      0x96f ..\obj\stm32f0xx_usart.o
 .comment       0x00000000       0x6f ..\obj\stm32f0xx_usart.o
 .debug_frame   0x00000000      0x630 ..\obj\stm32f0xx_usart.o
 .ARM.attributes
                0x00000000       0x31 ..\obj\stm32f0xx_usart.o
 .text          0x00000000        0x0 ..\obj\I2CSAVE.o
 .data          0x00000000        0x0 ..\obj\I2CSAVE.o
 .bss           0x00000000        0x0 ..\obj\I2CSAVE.o
 .debug_line    0x00000000        0x0 ..\obj\I2CSAVE.o
 .debug_str     0x00000000       0xa9 ..\obj\I2CSAVE.o
 .comment       0x00000000       0x6f ..\obj\I2CSAVE.o
 .ARM.attributes
                0x00000000       0x31 ..\obj\I2CSAVE.o
 .text          0x00000000        0x0 ..\obj\system_stm32f0xx.o
 .bss           0x00000000        0x0 ..\obj\system_stm32f0xx.o
 .text.SystemCoreClockUpdate
                0x00000000       0xd4 ..\obj\system_stm32f0xx.o
 .text          0x00000000        0x0 ..\obj\stm32f0xx_gpio_init.o
 .data          0x00000000        0x0 ..\obj\stm32f0xx_gpio_init.o
 .bss           0x00000000        0x0 ..\obj\stm32f0xx_gpio_init.o
 .text.gpio_toggleBit
                0x00000000       0x48 ..\obj\stm32f0xx_gpio_init.o
 .text.gpio_pinSetup
                0x00000000       0xf8 ..\obj\stm32f0xx_gpio_init.o
 .text.gpio_pinSetup_AF
                0x00000000      0x1ec ..\obj\stm32f0xx_gpio_init.o
 .text.gpio_pinSetup_interrupt
                0x00000000      0x2e4 ..\obj\stm32f0xx_gpio_init.o
 .debug_info    0x00000000      0x66c ..\obj\stm32f0xx_gpio_init.o
 .debug_abbrev  0x00000000      0x13c ..\obj\stm32f0xx_gpio_init.o
 .debug_aranges
                0x00000000       0x38 ..\obj\stm32f0xx_gpio_init.o
 .debug_ranges  0x00000000       0x28 ..\obj\stm32f0xx_gpio_init.o
 .debug_line    0x00000000      0x23e ..\obj\stm32f0xx_gpio_init.o
 .debug_str     0x00000000      0x75f ..\obj\stm32f0xx_gpio_init.o
 .comment       0x00000000       0x6f ..\obj\stm32f0xx_gpio_init.o
 .debug_frame   0x00000000       0x90 ..\obj\stm32f0xx_gpio_init.o
 .ARM.attributes
                0x00000000       0x31 ..\obj\stm32f0xx_gpio_init.o
 .text          0x00000000        0x0 ..\obj\stm32f030xx_uart_print.o
 .data          0x00000000        0x0 ..\obj\stm32f030xx_uart_print.o
 .bss           0x00000000        0x0 ..\obj\stm32f030xx_uart_print.o
 .text.NVIC_EnableIRQ
                0x00000000       0x2c ..\obj\stm32f030xx_uart_print.o
 .text.UART_Init
                0x00000000       0xec ..\obj\stm32f030xx_uart_print.o
 .text._send_byte
                0x00000000       0x3c ..\obj\stm32f030xx_uart_print.o
 .text._receive_byte
                0x00000000        0xc ..\obj\stm32f030xx_uart_print.o
 .text.printString
                0x00000000       0x5c ..\obj\stm32f030xx_uart_print.o
 .rodata        0x00000000        0xb ..\obj\stm32f030xx_uart_print.o
 .text.printNumber
                0x00000000       0x4c ..\obj\stm32f030xx_uart_print.o
 .text.printStringLn
                0x00000000       0x60 ..\obj\stm32f030xx_uart_print.o
 .text.printNumberLn
                0x00000000       0x50 ..\obj\stm32f030xx_uart_print.o
 .text.printLn  0x00000000       0x18 ..\obj\stm32f030xx_uart_print.o
 .text.writeData
                0x00000000       0x60 ..\obj\stm32f030xx_uart_print.o
 .text.printUnsignedNumber
                0x00000000       0xa0 ..\obj\stm32f030xx_uart_print.o
 .text.printFloat
                0x00000000       0x34 ..\obj\stm32f030xx_uart_print.o
 .text.printFloatLn
                0x00000000       0x24 ..\obj\stm32f030xx_uart_print.o
 .debug_info    0x00000000      0x883 ..\obj\stm32f030xx_uart_print.o
 .debug_abbrev  0x00000000      0x20c ..\obj\stm32f030xx_uart_print.o
 .debug_aranges
                0x00000000       0x80 ..\obj\stm32f030xx_uart_print.o
 .debug_ranges  0x00000000       0x70 ..\obj\stm32f030xx_uart_print.o
 .debug_line    0x00000000      0x359 ..\obj\stm32f030xx_uart_print.o
 .debug_str     0x00000000      0x705 ..\obj\stm32f030xx_uart_print.o
 .comment       0x00000000       0x6f ..\obj\stm32f030xx_uart_print.o
 .debug_frame   0x00000000      0x1a8 ..\obj\stm32f030xx_uart_print.o
 .ARM.attributes
                0x00000000       0x31 ..\obj\stm32f030xx_uart_print.o
 .text          0x00000000        0x0 ..\obj\stm32f0xx_exti.o
 .data          0x00000000        0x0 ..\obj\stm32f0xx_exti.o
 .bss           0x00000000        0x0 ..\obj\stm32f0xx_exti.o
 .text.EXTI_DeInit
                0x00000000       0x34 ..\obj\stm32f0xx_exti.o
 .text.EXTI_Init
                0x00000000       0xe0 ..\obj\stm32f0xx_exti.o
 .text.EXTI_StructInit
                0x00000000       0x28 ..\obj\stm32f0xx_exti.o
 .text.EXTI_GenerateSWInterrupt
                0x00000000       0x20 ..\obj\stm32f0xx_exti.o
 .text.EXTI_GetFlagStatus
                0x00000000       0x40 ..\obj\stm32f0xx_exti.o
 .text.EXTI_ClearFlag
                0x00000000       0x1c ..\obj\stm32f0xx_exti.o
 .text.EXTI_GetITStatus
                0x00000000       0x40 ..\obj\stm32f0xx_exti.o
 .text.EXTI_ClearITPendingBit
                0x00000000       0x1c ..\obj\stm32f0xx_exti.o
 .debug_info    0x00000000      0x31d ..\obj\stm32f0xx_exti.o
 .debug_abbrev  0x00000000      0x196 ..\obj\stm32f0xx_exti.o
 .debug_aranges
                0x00000000       0x58 ..\obj\stm32f0xx_exti.o
 .debug_ranges  0x00000000       0x48 ..\obj\stm32f0xx_exti.o
 .debug_line    0x00000000      0x219 ..\obj\stm32f0xx_exti.o
 .debug_str     0x00000000      0x326 ..\obj\stm32f0xx_exti.o
 .comment       0x00000000       0x6f ..\obj\stm32f0xx_exti.o
 .debug_frame   0x00000000      0x10c ..\obj\stm32f0xx_exti.o
 .ARM.attributes
                0x00000000       0x31 ..\obj\stm32f0xx_exti.o
 .text          0x00000000        0x0 ..\obj\tm_stm32f4_keypad.o
 .data          0x00000000       0x11 ..\obj\tm_stm32f4_keypad.o
 .bss           0x00000000        0x2 ..\obj\tm_stm32f4_keypad.o
 .text.TM_KEYPAD_Init
                0x00000000       0xe8 ..\obj\tm_stm32f4_keypad.o
 .text.TM_KEYPAD_Read
                0x00000000       0x24 ..\obj\tm_stm32f4_keypad.o
 .text.TM_KEYPAD_INT_SetColumn
                0x00000000       0x90 ..\obj\tm_stm32f4_keypad.o
 .text.TM_KEYPAD_INT_CheckRow
                0x00000000       0x9c ..\obj\tm_stm32f4_keypad.o
 .text.TM_KEYPAD_INT_Read
                0x00000000       0x9c ..\obj\tm_stm32f4_keypad.o
 .text.TM_KEYPAD_Update
                0x00000000       0x40 ..\obj\tm_stm32f4_keypad.o
 .debug_info    0x00000000      0x3f0 ..\obj\tm_stm32f4_keypad.o
 .debug_abbrev  0x00000000      0x139 ..\obj\tm_stm32f4_keypad.o
 .debug_aranges
                0x00000000       0x48 ..\obj\tm_stm32f4_keypad.o
 .debug_ranges  0x00000000       0x38 ..\obj\tm_stm32f4_keypad.o
 .debug_line    0x00000000      0x1ec ..\obj\tm_stm32f4_keypad.o
 .debug_str     0x00000000      0x526 ..\obj\tm_stm32f4_keypad.o
 .comment       0x00000000       0x6f ..\obj\tm_stm32f4_keypad.o
 .debug_frame   0x00000000       0xcc ..\obj\tm_stm32f4_keypad.o
 .ARM.attributes
                0x00000000       0x31 ..\obj\tm_stm32f4_keypad.o
 COMMON         0x00000000        0x1 ..\obj\tm_stm32f4_keypad.o
 .text          0x00000000        0x0 ..\obj\tm_stm32f4_gpio.o
 .data          0x00000000        0x0 ..\obj\tm_stm32f4_gpio.o
 .bss           0x00000000       0x16 ..\obj\tm_stm32f4_gpio.o
 .text.TM_GPIO_Init
                0x00000000       0x60 ..\obj\tm_stm32f4_gpio.o
 .text.TM_GPIO_InitAlternate
                0x00000000       0xc0 ..\obj\tm_stm32f4_gpio.o
 .text.TM_GPIO_DeInit
                0x00000000       0xac ..\obj\tm_stm32f4_gpio.o
 .text.TM_GPIO_SetPinAsInput
                0x00000000       0x68 ..\obj\tm_stm32f4_gpio.o
 .text.TM_GPIO_SetPinAsOutput
                0x00000000       0x78 ..\obj\tm_stm32f4_gpio.o
 .text.TM_GPIO_SetPinAsAnalog
                0x00000000       0x64 ..\obj\tm_stm32f4_gpio.o
 .text.TM_GPIO_SetPinAsAlternate
                0x00000000       0x7c ..\obj\tm_stm32f4_gpio.o
 .text.TM_GPIO_SetPullResistor
                0x00000000       0x88 ..\obj\tm_stm32f4_gpio.o
 .text.TM_GPIO_Lock
                0x00000000       0x40 ..\obj\tm_stm32f4_gpio.o
 .text.TM_GPIO_GetPinSource
                0x00000000       0x44 ..\obj\tm_stm32f4_gpio.o
 .text.TM_GPIO_GetPortSource
                0x00000000       0x20 ..\obj\tm_stm32f4_gpio.o
 .text.TM_GPIO_INT_EnableClock
                0x00000000       0x30 ..\obj\tm_stm32f4_gpio.o
 .text.TM_GPIO_INT_DisableClock
                0x00000000       0x30 ..\obj\tm_stm32f4_gpio.o
 .text.TM_GPIO_INT_Init
                0x00000000      0x17c ..\obj\tm_stm32f4_gpio.o
 .text.TM_GPIO_GetUsedPins
                0x00000000       0x28 ..\obj\tm_stm32f4_gpio.o
 .text.TM_GPIO_GetFreePins
                0x00000000       0x2c ..\obj\tm_stm32f4_gpio.o
 .debug_info    0x00000000      0x76a ..\obj\tm_stm32f4_gpio.o
 .debug_abbrev  0x00000000      0x140 ..\obj\tm_stm32f4_gpio.o
 .debug_aranges
                0x00000000       0x98 ..\obj\tm_stm32f4_gpio.o
 .debug_ranges  0x00000000       0x88 ..\obj\tm_stm32f4_gpio.o
 .debug_line    0x00000000      0x2e8 ..\obj\tm_stm32f4_gpio.o
 .debug_str     0x00000000      0x4e9 ..\obj\tm_stm32f4_gpio.o
 .comment       0x00000000       0x6f ..\obj\tm_stm32f4_gpio.o
 .debug_frame   0x00000000      0x210 ..\obj\tm_stm32f4_gpio.o
 .ARM.attributes
                0x00000000       0x31 ..\obj\tm_stm32f4_gpio.o
 .text          0x00000000        0x0 ..\obj\before_code_change.o
 .data          0x00000000        0x0 ..\obj\before_code_change.o
 .bss           0x00000000        0x0 ..\obj\before_code_change.o
 .debug_line    0x00000000        0x0 ..\obj\before_code_change.o
 .debug_str     0x00000000       0xb4 ..\obj\before_code_change.o
 .comment       0x00000000       0x6f ..\obj\before_code_change.o
 .ARM.attributes
                0x00000000       0x31 ..\obj\before_code_change.o
 .text          0x00000000        0x0 ..\obj\stm32f0xx_syscfg.o
 .data          0x00000000        0x0 ..\obj\stm32f0xx_syscfg.o
 .bss           0x00000000        0x0 ..\obj\stm32f0xx_syscfg.o
 .text.SYSCFG_DeInit
                0x00000000       0x40 ..\obj\stm32f0xx_syscfg.o
 .text.SYSCFG_MemoryRemapConfig
                0x00000000       0x34 ..\obj\stm32f0xx_syscfg.o
 .text.SYSCFG_DMAChannelRemapConfig
                0x00000000       0x40 ..\obj\stm32f0xx_syscfg.o
 .text.SYSCFG_I2CFastModePlusConfig
                0x00000000       0x40 ..\obj\stm32f0xx_syscfg.o
 .text.SYSCFG_EXTILineConfig
                0x00000000       0x94 ..\obj\stm32f0xx_syscfg.o
 .text.SYSCFG_BreakConfig
                0x00000000       0x20 ..\obj\stm32f0xx_syscfg.o
 .text.SYSCFG_GetFlagStatus
                0x00000000       0x40 ..\obj\stm32f0xx_syscfg.o
 .text.SYSCFG_ClearFlag
                0x00000000       0x20 ..\obj\stm32f0xx_syscfg.o
 .debug_info    0x00000000      0x2b1 ..\obj\stm32f0xx_syscfg.o
 .debug_abbrev  0x00000000      0x149 ..\obj\stm32f0xx_syscfg.o
 .debug_aranges
                0x00000000       0x58 ..\obj\stm32f0xx_syscfg.o
 .debug_ranges  0x00000000       0x48 ..\obj\stm32f0xx_syscfg.o
 .debug_line    0x00000000      0x1c5 ..\obj\stm32f0xx_syscfg.o
 .debug_str     0x00000000      0x312 ..\obj\stm32f0xx_syscfg.o
 .comment       0x00000000       0x6f ..\obj\stm32f0xx_syscfg.o
 .debug_frame   0x00000000      0x110 ..\obj\stm32f0xx_syscfg.o
 .ARM.attributes
                0x00000000       0x31 ..\obj\stm32f0xx_syscfg.o
 .text          0x00000000        0x0 ..\obj\stm32f0xx_can.o
 .data          0x00000000        0x0 ..\obj\stm32f0xx_can.o
 .bss           0x00000000        0x0 ..\obj\stm32f0xx_can.o
 .text.CAN_DeInit
                0x00000000       0x28 ..\obj\stm32f0xx_can.o
 .text.CAN_Init
                0x00000000      0x1bc ..\obj\stm32f0xx_can.o
 .text.CAN_FilterInit
                0x00000000      0x1a0 ..\obj\stm32f0xx_can.o
 .text.CAN_StructInit
                0x00000000       0x54 ..\obj\stm32f0xx_can.o
 .text.CAN_SlaveStartBank
                0x00000000       0x74 ..\obj\stm32f0xx_can.o
 .text.CAN_DBGFreeze
                0x00000000       0x40 ..\obj\stm32f0xx_can.o
 .text.CAN_TTComModeCmd
                0x00000000       0xc8 ..\obj\stm32f0xx_can.o
 .text.CAN_Transmit
                0x00000000      0x1e0 ..\obj\stm32f0xx_can.o
 .text.CAN_TransmitStatus
                0x00000000       0xd4 ..\obj\stm32f0xx_can.o
 .text.CAN_CancelTransmit
                0x00000000       0x58 ..\obj\stm32f0xx_can.o
 .text.CAN_Receive
                0x00000000      0x1b8 ..\obj\stm32f0xx_can.o
 .text.CAN_FIFORelease
                0x00000000       0x38 ..\obj\stm32f0xx_can.o
 .text.CAN_MessagePending
                0x00000000       0x60 ..\obj\stm32f0xx_can.o
 .text.CAN_OperatingModeRequest
                0x00000000      0x124 ..\obj\stm32f0xx_can.o
 .text.CAN_Sleep
                0x00000000       0x44 ..\obj\stm32f0xx_can.o
 .text.CAN_WakeUp
                0x00000000       0x60 ..\obj\stm32f0xx_can.o
 .text.CAN_GetLastErrorCode
                0x00000000       0x30 ..\obj\stm32f0xx_can.o
 .text.CAN_GetReceiveErrorCounter
                0x00000000       0x30 ..\obj\stm32f0xx_can.o
 .text.CAN_GetLSBTransmitErrorCounter
                0x00000000       0x30 ..\obj\stm32f0xx_can.o
 .text.CAN_ITConfig
                0x00000000       0x3c ..\obj\stm32f0xx_can.o
 .text.CAN_GetFlagStatus
                0x00000000       0xf0 ..\obj\stm32f0xx_can.o
 .text.CAN_ClearFlag
                0x00000000       0x70 ..\obj\stm32f0xx_can.o
 .text.CAN_GetITStatus
                0x00000000      0x1f0 ..\obj\stm32f0xx_can.o
 .text.CAN_ClearITPendingBit
                0x00000000       0xec ..\obj\stm32f0xx_can.o
 .text.CheckITStatus
                0x00000000       0x3c ..\obj\stm32f0xx_can.o
 .debug_info    0x00000000      0xb79 ..\obj\stm32f0xx_can.o
 .debug_abbrev  0x00000000      0x1e2 ..\obj\stm32f0xx_can.o
 .debug_aranges
                0x00000000       0xe0 ..\obj\stm32f0xx_can.o
 .debug_ranges  0x00000000       0xd0 ..\obj\stm32f0xx_can.o
 .debug_line    0x00000000      0x4e1 ..\obj\stm32f0xx_can.o
 .debug_str     0x00000000      0x718 ..\obj\stm32f0xx_can.o
 .comment       0x00000000       0x6f ..\obj\stm32f0xx_can.o
 .debug_frame   0x00000000      0x330 ..\obj\stm32f0xx_can.o
 .ARM.attributes
                0x00000000       0x31 ..\obj\stm32f0xx_can.o
 .text          0x00000000        0x0 ..\obj\stm32f0xx_misc.o
 .data          0x00000000        0x0 ..\obj\stm32f0xx_misc.o
 .bss           0x00000000        0x0 ..\obj\stm32f0xx_misc.o
 .text.NVIC_Init
                0x00000000       0xac ..\obj\stm32f0xx_misc.o
 .text.NVIC_SystemLPConfig
                0x00000000       0x48 ..\obj\stm32f0xx_misc.o
 .text.SysTick_CLKSourceConfig
                0x00000000       0x34 ..\obj\stm32f0xx_misc.o
 .debug_info    0x00000000      0x36e ..\obj\stm32f0xx_misc.o
 .debug_abbrev  0x00000000      0x145 ..\obj\stm32f0xx_misc.o
 .debug_aranges
                0x00000000       0x30 ..\obj\stm32f0xx_misc.o
 .debug_ranges  0x00000000       0x20 ..\obj\stm32f0xx_misc.o
 .debug_line    0x00000000      0x1e0 ..\obj\stm32f0xx_misc.o
 .debug_str     0x00000000      0x2ed ..\obj\stm32f0xx_misc.o
 .comment       0x00000000       0x6f ..\obj\stm32f0xx_misc.o
 .debug_frame   0x00000000       0x70 ..\obj\stm32f0xx_misc.o
 .ARM.attributes
                0x00000000       0x31 ..\obj\stm32f0xx_misc.o
 .text          0x00000000        0x0 ..\obj\stm32f0xx_dac.o
 .data          0x00000000        0x0 ..\obj\stm32f0xx_dac.o
 .bss           0x00000000        0x0 ..\obj\stm32f0xx_dac.o
 .text.DAC_DeInit
                0x00000000       0x24 ..\obj\stm32f0xx_dac.o
 .text.DAC_Init
                0x00000000       0x64 ..\obj\stm32f0xx_dac.o
 .text.DAC_StructInit
                0x00000000       0x28 ..\obj\stm32f0xx_dac.o
 .text.DAC_Cmd  0x00000000       0x4c ..\obj\stm32f0xx_dac.o
 .text.DAC_SoftwareTriggerCmd
                0x00000000       0x50 ..\obj\stm32f0xx_dac.o
 .text.DAC_DualSoftwareTriggerCmd
                0x00000000       0x3c ..\obj\stm32f0xx_dac.o
 .text.DAC_WaveGenerationCmd
                0x00000000       0x4c ..\obj\stm32f0xx_dac.o
 .text.DAC_SetChannel1Data
                0x00000000       0x34 ..\obj\stm32f0xx_dac.o
 .text.DAC_SetChannel2Data
                0x00000000       0x34 ..\obj\stm32f0xx_dac.o
 .text.DAC_SetDualChannelData
                0x00000000       0x64 ..\obj\stm32f0xx_dac.o
 .text.DAC_GetDataOutputValue
                0x00000000       0x30 ..\obj\stm32f0xx_dac.o
 .text.DAC_DMACmd
                0x00000000       0x50 ..\obj\stm32f0xx_dac.o
 .text.DAC_ITConfig
                0x00000000       0x4c ..\obj\stm32f0xx_dac.o
 .text.DAC_GetFlagStatus
                0x00000000       0x48 ..\obj\stm32f0xx_dac.o
 .text.DAC_ClearFlag
                0x00000000       0x24 ..\obj\stm32f0xx_dac.o
 .text.DAC_GetITStatus
                0x00000000       0x60 ..\obj\stm32f0xx_dac.o
 .text.DAC_ClearITPendingBit
                0x00000000       0x24 ..\obj\stm32f0xx_dac.o
 .debug_info    0x00000000      0x617 ..\obj\stm32f0xx_dac.o
 .debug_abbrev  0x00000000      0x185 ..\obj\stm32f0xx_dac.o
 .debug_aranges
                0x00000000       0xa0 ..\obj\stm32f0xx_dac.o
 .debug_ranges  0x00000000       0x90 ..\obj\stm32f0xx_dac.o
 .debug_line    0x00000000      0x2d3 ..\obj\stm32f0xx_dac.o
 .debug_str     0x00000000      0x42d ..\obj\stm32f0xx_dac.o
 .comment       0x00000000       0x6f ..\obj\stm32f0xx_dac.o
 .debug_frame   0x00000000      0x22c ..\obj\stm32f0xx_dac.o
 .ARM.attributes
                0x00000000       0x31 ..\obj\stm32f0xx_dac.o
 .text          0x00000000        0x0 ..\obj\i2c_lcd.o
 .bss           0x00000000        0x0 ..\obj\i2c_lcd.o
 .text.lcd_Goto
                0x00000000       0x1c ..\obj\i2c_lcd.o
 .text.lcd_Backlight
                0x00000000       0x34 ..\obj\i2c_lcd.o
 .text.lcd_checkBusy
                0x00000000       0xb8 ..\obj\i2c_lcd.o
 .data          0x00000000        0x0 g:/iot/5.4 2016q2/bin/../lib/gcc/arm-none-eabi/5.4.1/armv6-m\libgcc.a(_udivsi3.o)
 .bss           0x00000000        0x0 g:/iot/5.4 2016q2/bin/../lib/gcc/arm-none-eabi/5.4.1/armv6-m\libgcc.a(_udivsi3.o)
 .data          0x00000000        0x0 g:/iot/5.4 2016q2/bin/../lib/gcc/arm-none-eabi/5.4.1/armv6-m\libgcc.a(_dvmd_tls.o)
 .bss           0x00000000        0x0 g:/iot/5.4 2016q2/bin/../lib/gcc/arm-none-eabi/5.4.1/armv6-m\libgcc.a(_dvmd_tls.o)
 .text          0x00000000        0x0 g:/iot/5.4 2016q2/bin/../lib/gcc/arm-none-eabi/5.4.1/../../../../arm-none-eabi/lib/armv6-m\libg.a(lib_a-memcpy-stub.o)
 .data          0x00000000        0x0 g:/iot/5.4 2016q2/bin/../lib/gcc/arm-none-eabi/5.4.1/../../../../arm-none-eabi/lib/armv6-m\libg.a(lib_a-memcpy-stub.o)
 .bss           0x00000000        0x0 g:/iot/5.4 2016q2/bin/../lib/gcc/arm-none-eabi/5.4.1/../../../../arm-none-eabi/lib/armv6-m\libg.a(lib_a-memcpy-stub.o)
 .text          0x00000000        0x0 g:/iot/5.4 2016q2/bin/../lib/gcc/arm-none-eabi/5.4.1/../../../../arm-none-eabi/lib/armv6-m\libg.a(lib_a-strlen-stub.o)
 .data          0x00000000        0x0 g:/iot/5.4 2016q2/bin/../lib/gcc/arm-none-eabi/5.4.1/../../../../arm-none-eabi/lib/armv6-m\libg.a(lib_a-strlen-stub.o)
 .bss           0x00000000        0x0 g:/iot/5.4 2016q2/bin/../lib/gcc/arm-none-eabi/5.4.1/../../../../arm-none-eabi/lib/armv6-m\libg.a(lib_a-strlen-stub.o)
 .text.strlen   0x00000000       0x68 g:/iot/5.4 2016q2/bin/../lib/gcc/arm-none-eabi/5.4.1/../../../../arm-none-eabi/lib/armv6-m\libg.a(lib_a-strlen-stub.o)
 .debug_frame   0x00000000       0x28 g:/iot/5.4 2016q2/bin/../lib/gcc/arm-none-eabi/5.4.1/../../../../arm-none-eabi/lib/armv6-m\libg.a(lib_a-strlen-stub.o)
 .ARM.attributes
                0x00000000       0x2c g:/iot/5.4 2016q2/bin/../lib/gcc/arm-none-eabi/5.4.1/../../../../arm-none-eabi/lib/armv6-m\libg.a(lib_a-strlen-stub.o)

Memory Configuration

Name             Origin             Length             Attributes
rom              0x08000000         0x00010000         xr
ram              0x20000000         0x00004000         xrw
*default*        0x00000000         0xffffffff

Linker script and memory map

                0x20004000                _eram = 0x20004000

.text           0x08000000      0xc4c
 *(.isr_vector)
 .isr_vector    0x08000000       0xc4 ..\obj\startup_stm32f0xx.o
                0x08000000                g_pfnVectors
 *(.text*)
 .text.SysTick_Handler
                0x080000c4       0x18 ..\obj\systick_millis.o
                0x080000c4                SysTick_Handler
 .text.InitDelayTIM6
                0x080000dc       0x1c ..\obj\main.o
                0x080000dc                InitDelayTIM6
 .text.TIM6delay_us
                0x080000f8       0x68 ..\obj\main.o
                0x080000f8                TIM6delay_us
 .text.TIM6delay_ms
                0x08000160       0x68 ..\obj\main.o
                0x08000160                TIM6delay_ms
 .text.main     0x080001c8      0x14c ..\obj\main.o
                0x080001c8                main
 .text.gpioInit
                0x08000314       0x58 ..\obj\main.o
                0x08000314                gpioInit
 .text.i2cInit  0x0800036c       0x54 ..\obj\main.o
                0x0800036c                i2cInit
 .text.Reset_Handler
                0x080003c0       0x44 ..\obj\startup_stm32f0xx.o
                0x080003c0                Reset_Handler
 .text.Default_Handler
                0x08000404        0x2 ..\obj\startup_stm32f0xx.o
                0x08000404                PVD_VDDUSB_LP_IRQHandler
                0x08000404                TIM1_CC_IRQHandler
                0x08000404                ADC1_COMP_IRQHandler
                0x08000404                PendSV_Handler
                0x08000404                NMI_Handler
                0x08000404                I2C1_IRQHandler
                0x08000404                RCC_CRS_IRQHandler
                0x08000404                SPI1_IRQHandler
                0x08000404                TIM6_DAC_IRQHandler
                0x08000404                USART3_4_IRQHandler
                0x08000404                EXTI2_3_IRQHandler
                0x08000404                I2C2_IRQHandler
                0x08000404                TIM17_IRQHandler
                0x08000404                CEC_CAN_IRQHandler
                0x08000404                RTC_IRQHandler
                0x08000404                DMA1_Channel4_5_6_7_IRQHandler
                0x08000404                TIM16_IRQHandler
                0x08000404                TIM3_IRQHandler
                0x08000404                EXTI4_15_IRQHandler
                0x08000404                DMA1_Channel1_IRQHandler
                0x08000404                Default_Handler
                0x08000404                TIM14_IRQHandler
                0x08000404                TIM7_IRQHandler
                0x08000404                TIM15_IRQHandler
                0x08000404                EXTI0_1_IRQHandler
                0x08000404                SPI2_IRQHandler
                0x08000404                SVC_Handler
                0x08000404                USB_LP_IRQHandler
                0x08000404                TS_IRQHandler
                0x08000404                WWDG_IRQHandler
                0x08000404                TIM2_IRQHandler
                0x08000404                DMA1_Channel2_3_IRQHandler
                0x08000404                USART2_IRQHandler
                0x08000404                FLASH_IRQHandler
                0x08000404                USART1_IRQHandler
                0x08000404                TIM1_BRK_UP_TRG_COM_IRQHandler
 *fill*         0x08000406        0x2 
 .text          0x08000408       0x28 ..\obj\sh_cmd.o
                0x08000408                SH_DoCommand
                0x0800041a                HardFault_Handler
 .text.SystemInit
                0x08000430       0x8c ..\obj\system_stm32f0xx.o
                0x08000430                SystemInit
 .text.SetSysClock
                0x080004bc       0x88 ..\obj\system_stm32f0xx.o
 .text.lcd_PrintC
                0x08000544       0x48 ..\obj\i2c_lcd.o
                0x08000544                lcd_PrintC
 .text.lcd_Init
                0x0800058c       0x50 ..\obj\i2c_lcd.o
                0x0800058c                lcd_Init
 .text.lcd_Send
                0x080005dc       0x68 ..\obj\i2c_lcd.o
                0x080005dc                lcd_Send
 .text.lcd_FirstCommand
                0x08000644       0xc8 ..\obj\i2c_lcd.o
                0x08000644                lcd_FirstCommand
 .text.lcd_Command
                0x0800070c      0x1a8 ..\obj\i2c_lcd.o
                0x0800070c                lcd_Command
 .text.lcd_Data
                0x080008b4      0x1ec ..\obj\i2c_lcd.o
                0x080008b4                lcd_Data
 .text          0x08000aa0      0x114 g:/iot/5.4 2016q2/bin/../lib/gcc/arm-none-eabi/5.4.1/armv6-m\libgcc.a(_udivsi3.o)
                0x08000aa0                __aeabi_uidiv
                0x08000aa0                __udivsi3
                0x08000bac                __aeabi_uidivmod
 .text          0x08000bb4        0x4 g:/iot/5.4 2016q2/bin/../lib/gcc/arm-none-eabi/5.4.1/armv6-m\libgcc.a(_dvmd_tls.o)
                0x08000bb4                __aeabi_idiv0
                0x08000bb4                __aeabi_ldiv0
 .text.memcpy   0x08000bb8       0x7c g:/iot/5.4 2016q2/bin/../lib/gcc/arm-none-eabi/5.4.1/../../../../arm-none-eabi/lib/armv6-m\libg.a(lib_a-memcpy-stub.o)
                0x08000bb8                memcpy
 *(.init)
 *(.fini)
 *crtbegin.o(.ctors)
 *crtbegin?.o(.ctors)
 *(EXCLUDE_FILE(*crtend.o *crtend?.o) .ctors)
 *(SORT(.ctors.*))
 *(.ctors)
 *crtbegin.o(.dtors)
 *crtbegin?.o(.dtors)
 *(EXCLUDE_FILE(*crtend.o *crtend?.o) .dtors)
 *(SORT(.dtors.*))
 *(.dtors)
 *(.rodata*)
 .rodata        0x08000c34       0x18 ..\obj\main.o
                0x08000c34                mes
                0x08000c38                mes1
 *(.eh_fram e*)

.glue_7         0x08000c4c        0x0
 .glue_7        0x08000c4c        0x0 linker stubs

.glue_7t        0x08000c4c        0x0
 .glue_7t       0x08000c4c        0x0 linker stubs

.vfp11_veneer   0x08000c4c        0x0
 .vfp11_veneer  0x08000c4c        0x0 linker stubs

.v4_bx          0x08000c4c        0x0
 .v4_bx         0x08000c4c        0x0 linker stubs

.iplt           0x08000c4c        0x0
 .iplt          0x08000c4c        0x0 ..\obj\semihosting.o

.rel.dyn        0x08000c4c        0x0
 .rel.iplt      0x08000c4c        0x0 ..\obj\semihosting.o

.ARM.extab
 *(.ARM.extab* .gnu.linkonce.armextab.*)
                0x08000c4c                __exidx_start = .

.ARM.exidx
 *(.ARM.exidx* .gnu.linkonce.armexidx.*)
                0x08000c4c                __exidx_end = .
                0x08000c4c                __etext = .
                0x08000c4c                _sidata = __etext

.data           0x20000000       0x18 load address 0x08000c4c
                0x20000000                __data_start__ = .
                0x20000000                _sdata = __data_start__
 *(vtable)
 *(.data*)
 .data          0x20000000       0x14 ..\obj\system_stm32f0xx.o
                0x20000000                SystemCoreClock
                0x20000004                AHBPrescTable
 .data          0x20000014        0x1 ..\obj\i2c_lcd.o
                0x20000014                backlightState
                0x20000018                . = ALIGN (0x4)
 *fill*         0x20000015        0x3 
                [!provide]                PROVIDE (__preinit_array_start, .)
 *(.preinit_array)
                [!provide]                PROVIDE (__preinit_array_end, .)
                0x20000018                . = ALIGN (0x4)
                [!provide]                PROVIDE (__init_array_start, .)
 *(SORT(.init_array.*))
 *(.init_array)
                [!provide]                PROVIDE (__init_array_end, .)
                0x20000018                . = ALIGN (0x4)
                [!provide]                PROVIDE (__fini_array_start, .)
 *(SORT(.fini_array.*))
 *(.fini_array)
                [!provide]                PROVIDE (__fini_array_end, .)
 *(.jcr*)
                0x20000018                . = ALIGN (0x4)
                0x20000018                __data_end__ = .
                0x20000018                _edata = __data_end__

.igot.plt       0x20000018        0x0 load address 0x08000c64
 .igot.plt      0x20000018        0x0 ..\obj\semihosting.o

.bss            0x20000018       0x20 load address 0x08000c64
                0x20000018                . = ALIGN (0x4)
                0x20000018                __bss_start__ = .
                0x20000018                _sbss = __bss_start__
 *(.bss*)
 .bss           0x20000018        0x4 ..\obj\systick_millis.o
                0x20000018                systick_millis
 *(COMMON)
 COMMON         0x2000001c       0x1c ..\obj\main.o
                0x2000001c                prescaler_ms
                0x20000020                prescaler_us
                0x20000024                str
                0x20000038                . = ALIGN (0x4)
                0x20000038                __bss_end__ = .
                0x20000038                _ebss = __bss_end__

.heap           0x20000038        0x0
                0x20000038                __end__ = .
                0x20000038                _end = __end__
                0x20000038                end = __end__
 *(.heap*)
                0x20000038                __HeapLimit = .

.co_stack       0x20000038        0x0
                0x20000038                . = ALIGN (0x8)
 *(.co_stack .co_stack.*)
                0x20004000                __StackTop = (ORIGIN (ram) + LENGTH (ram))
                0x20004000                __StackLimit = (__StackTop - SIZEOF (.co_stack))
                [!provide]                PROVIDE (__stack, __StackTop)
                0x00000001                ASSERT ((__StackLimit >= __HeapLimit), region ram  overflowed with stack)
LOAD ..\obj\semihosting.o
LOAD ..\obj\stm32f0xx_rcc.o
LOAD ..\obj\stm32f0xx_adc.o
LOAD ..\obj\systick_millis.o
LOAD ..\obj\LCD1602_main.o
LOAD ..\obj\main.o
LOAD ..\obj\startup_stm32f0xx.o
LOAD ..\obj\printf.o
LOAD ..\obj\stm32f0xx_spi.o
LOAD ..\obj\stm32f0xx_i2c.o
LOAD ..\obj\stm32f0xx_gpio.o
LOAD ..\obj\analog_test.o
LOAD ..\obj\sh_cmd.o
LOAD ..\obj\stm32f0xx_rtc.o
LOAD ..\obj\syscalls.o
LOAD ..\obj\stm32f0xx_usart.o
LOAD ..\obj\I2CSAVE.o
LOAD ..\obj\system_stm32f0xx.o
LOAD ..\obj\stm32f0xx_gpio_init.o
LOAD ..\obj\stm32f030xx_uart_print.o
LOAD ..\obj\stm32f0xx_exti.o
LOAD ..\obj\tm_stm32f4_keypad.o
LOAD ..\obj\tm_stm32f4_gpio.o
LOAD ..\obj\before_code_change.o
LOAD ..\obj\stm32f0xx_syscfg.o
LOAD ..\obj\stm32f0xx_can.o
LOAD ..\obj\stm32f0xx_misc.o
LOAD ..\obj\stm32f0xx_dac.o
LOAD ..\obj\i2c_lcd.o
START GROUP
LOAD g:/iot/5.4 2016q2/bin/../lib/gcc/arm-none-eabi/5.4.1/armv6-m\libgcc.a
LOAD g:/iot/5.4 2016q2/bin/../lib/gcc/arm-none-eabi/5.4.1/../../../../arm-none-eabi/lib/armv6-m\libg.a
LOAD g:/iot/5.4 2016q2/bin/../lib/gcc/arm-none-eabi/5.4.1/../../../../arm-none-eabi/lib/armv6-m\libc.a
END GROUP
OUTPUT(smart-aid.elf elf32-littlearm)

.debug_info     0x00000000     0x129c
 .debug_info    0x00000000      0x503 ..\obj\systick_millis.o
 .debug_info    0x00000503      0x686 ..\obj\main.o
 .debug_info    0x00000b89       0xa1 ..\obj\startup_stm32f0xx.o
 .debug_info    0x00000c2a       0x93 ..\obj\sh_cmd.o
 .debug_info    0x00000cbd      0x2aa ..\obj\system_stm32f0xx.o
 .debug_info    0x00000f67      0x335 ..\obj\i2c_lcd.o

.debug_abbrev   0x00000000      0x603
 .debug_abbrev  0x00000000      0x1e5 ..\obj\systick_millis.o
 .debug_abbrev  0x000001e5      0x15c ..\obj\main.o
 .debug_abbrev  0x00000341       0x12 ..\obj\startup_stm32f0xx.o
 .debug_abbrev  0x00000353       0x14 ..\obj\sh_cmd.o
 .debug_abbrev  0x00000367      0x104 ..\obj\system_stm32f0xx.o
 .debug_abbrev  0x0000046b      0x198 ..\obj\i2c_lcd.o

.debug_aranges  0x00000000      0x170
 .debug_aranges
                0x00000000       0x50 ..\obj\systick_millis.o
 .debug_aranges
                0x00000050       0x48 ..\obj\main.o
 .debug_aranges
                0x00000098       0x28 ..\obj\startup_stm32f0xx.o
 .debug_aranges
                0x000000c0       0x20 ..\obj\sh_cmd.o
 .debug_aranges
                0x000000e0       0x30 ..\obj\system_stm32f0xx.o
 .debug_aranges
                0x00000110       0x60 ..\obj\i2c_lcd.o

.debug_ranges   0x00000000      0x108
 .debug_ranges  0x00000000       0x40 ..\obj\systick_millis.o
 .debug_ranges  0x00000040       0x38 ..\obj\main.o
 .debug_ranges  0x00000078       0x20 ..\obj\startup_stm32f0xx.o
 .debug_ranges  0x00000098       0x20 ..\obj\system_stm32f0xx.o
 .debug_ranges  0x000000b8       0x50 ..\obj\i2c_lcd.o

.debug_line     0x00000000      0x927
 .debug_line    0x00000000      0x24a ..\obj\systick_millis.o
 .debug_line    0x0000024a      0x210 ..\obj\main.o
 .debug_line    0x0000045a       0xa6 ..\obj\startup_stm32f0xx.o
 .debug_line    0x00000500       0x7b ..\obj\sh_cmd.o
 .debug_line    0x0000057b      0x156 ..\obj\system_stm32f0xx.o
 .debug_line    0x000006d1      0x256 ..\obj\i2c_lcd.o

.debug_str      0x00000000      0x8df
 .debug_str     0x00000000      0x50b ..\obj\systick_millis.o
                                0x554 (size before relaxing)
 .debug_str     0x0000050b      0x266 ..\obj\main.o
                                0x3cb (size before relaxing)
 .debug_str     0x00000771       0xbe ..\obj\system_stm32f0xx.o
                                0x255 (size before relaxing)
 .debug_str     0x0000082f       0xb0 ..\obj\i2c_lcd.o
                                0x23e (size before relaxing)

.comment        0x00000000       0x6e
 .comment       0x00000000       0x6e ..\obj\systick_millis.o
                                 0x6f (size before relaxing)
 .comment       0x0000006e       0x6f ..\obj\main.o
 .comment       0x0000006e       0x6f ..\obj\system_stm32f0xx.o
 .comment       0x0000006e       0x6f ..\obj\i2c_lcd.o

.ARM.attributes
                0x00000000       0x2f
 .ARM.attributes
                0x00000000       0x31 ..\obj\systick_millis.o
 .ARM.attributes
                0x00000031       0x31 ..\obj\main.o
 .ARM.attributes
                0x00000062       0x21 ..\obj\startup_stm32f0xx.o
 .ARM.attributes
                0x00000083       0x21 ..\obj\sh_cmd.o
 .ARM.attributes
                0x000000a4       0x31 ..\obj\system_stm32f0xx.o
 .ARM.attributes
                0x000000d5       0x31 ..\obj\i2c_lcd.o
 .ARM.attributes
                0x00000106       0x1e g:/iot/5.4 2016q2/bin/../lib/gcc/arm-none-eabi/5.4.1/armv6-m\libgcc.a(_udivsi3.o)
 .ARM.attributes
                0x00000124       0x1e g:/iot/5.4 2016q2/bin/../lib/gcc/arm-none-eabi/5.4.1/armv6-m\libgcc.a(_dvmd_tls.o)
 .ARM.attributes
                0x00000142       0x2c g:/iot/5.4 2016q2/bin/../lib/gcc/arm-none-eabi/5.4.1/../../../../arm-none-eabi/lib/armv6-m\libg.a(lib_a-memcpy-stub.o)

.debug_frame    0x00000000      0x384
 .debug_frame   0x00000000       0xe8 ..\obj\systick_millis.o
 .debug_frame   0x000000e8       0xc0 ..\obj\main.o
 .debug_frame   0x000001a8       0x68 ..\obj\system_stm32f0xx.o
 .debug_frame   0x00000210      0x128 ..\obj\i2c_lcd.o
 .debug_frame   0x00000338       0x20 g:/iot/5.4 2016q2/bin/../lib/gcc/arm-none-eabi/5.4.1/armv6-m\libgcc.a(_udivsi3.o)
 .debug_frame   0x00000358       0x2c g:/iot/5.4 2016q2/bin/../lib/gcc/arm-none-eabi/5.4.1/../../../../arm-none-eabi/lib/armv6-m\libg.a(lib_a-memcpy-stub.o)
