Archive member included to satisfy reference by file (symbol)

g:/iot/5.4 2016q2/bin/../lib/gcc/arm-none-eabi/5.4.1/armv6-m\libgcc.a(_udivsi3.o)
                              ..\obj\delay.o (__aeabi_uidiv)
g:/iot/5.4 2016q2/bin/../lib/gcc/arm-none-eabi/5.4.1/armv6-m\libgcc.a(_divsi3.o)
                              ..\obj\APS.o (__aeabi_idiv)
g:/iot/5.4 2016q2/bin/../lib/gcc/arm-none-eabi/5.4.1/armv6-m\libgcc.a(_dvmd_tls.o)
                              g:/iot/5.4 2016q2/bin/../lib/gcc/arm-none-eabi/5.4.1/armv6-m\libgcc.a(_udivsi3.o) (__aeabi_idiv0)
g:/iot/5.4 2016q2/bin/../lib/gcc/arm-none-eabi/5.4.1/../../../../arm-none-eabi/lib/armv6-m\libg.a(lib_a-memcpy-stub.o)
                              ..\obj\main.o (memcpy)
g:/iot/5.4 2016q2/bin/../lib/gcc/arm-none-eabi/5.4.1/../../../../arm-none-eabi/lib/armv6-m\libg.a(lib_a-printf.o)
                              ..\obj\adc_photoresistor.o (printf)
g:/iot/5.4 2016q2/bin/../lib/gcc/arm-none-eabi/5.4.1/../../../../arm-none-eabi/lib/armv6-m\libg.a(lib_a-puts.o)
                              ..\obj\main.o (puts)
g:/iot/5.4 2016q2/bin/../lib/gcc/arm-none-eabi/5.4.1/../../../../arm-none-eabi/lib/armv6-m\libg.a(lib_a-sprintf.o)
                              ..\obj\i2c_lcd.o (sprintf)
g:/iot/5.4 2016q2/bin/../lib/gcc/arm-none-eabi/5.4.1/../../../../arm-none-eabi/lib/armv6-m\libg.a(lib_a-strcmp.o)
                              ..\obj\main.o (strcmp)
g:/iot/5.4 2016q2/bin/../lib/gcc/arm-none-eabi/5.4.1/../../../../arm-none-eabi/lib/armv6-m\libg.a(lib_a-strlen-stub.o)
                              g:/iot/5.4 2016q2/bin/../lib/gcc/arm-none-eabi/5.4.1/../../../../arm-none-eabi/lib/armv6-m\libg.a(lib_a-puts.o) (strlen)
g:/iot/5.4 2016q2/bin/../lib/gcc/arm-none-eabi/5.4.1/../../../../arm-none-eabi/lib/armv6-m\libg.a(lib_a-svfprintf.o)
                              g:/iot/5.4 2016q2/bin/../lib/gcc/arm-none-eabi/5.4.1/../../../../arm-none-eabi/lib/armv6-m\libg.a(lib_a-sprintf.o) (_svfprintf_r)
g:/iot/5.4 2016q2/bin/../lib/gcc/arm-none-eabi/5.4.1/../../../../arm-none-eabi/lib/armv6-m\libg.a(lib_a-vfprintf.o)
                              g:/iot/5.4 2016q2/bin/../lib/gcc/arm-none-eabi/5.4.1/../../../../arm-none-eabi/lib/armv6-m\libg.a(lib_a-printf.o) (_vfprintf_r)
g:/iot/5.4 2016q2/bin/../lib/gcc/arm-none-eabi/5.4.1/../../../../arm-none-eabi/lib/armv6-m\libg.a(lib_a-wsetup.o)
                              g:/iot/5.4 2016q2/bin/../lib/gcc/arm-none-eabi/5.4.1/../../../../arm-none-eabi/lib/armv6-m\libg.a(lib_a-vfprintf.o) (__swsetup_r)
g:/iot/5.4 2016q2/bin/../lib/gcc/arm-none-eabi/5.4.1/../../../../arm-none-eabi/lib/armv6-m\libg.a(lib_a-dtoa.o)
                              g:/iot/5.4 2016q2/bin/../lib/gcc/arm-none-eabi/5.4.1/../../../../arm-none-eabi/lib/armv6-m\libg.a(lib_a-svfprintf.o) (_dtoa_r)
g:/iot/5.4 2016q2/bin/../lib/gcc/arm-none-eabi/5.4.1/../../../../arm-none-eabi/lib/armv6-m\libg.a(lib_a-fflush.o)
                              g:/iot/5.4 2016q2/bin/../lib/gcc/arm-none-eabi/5.4.1/../../../../arm-none-eabi/lib/armv6-m\libg.a(lib_a-vfprintf.o) (_fflush_r)
g:/iot/5.4 2016q2/bin/../lib/gcc/arm-none-eabi/5.4.1/../../../../arm-none-eabi/lib/armv6-m\libg.a(lib_a-findfp.o)
                              g:/iot/5.4 2016q2/bin/../lib/gcc/arm-none-eabi/5.4.1/../../../../arm-none-eabi/lib/armv6-m\libg.a(lib_a-puts.o) (__sinit)
g:/iot/5.4 2016q2/bin/../lib/gcc/arm-none-eabi/5.4.1/../../../../arm-none-eabi/lib/armv6-m\libg.a(lib_a-freer.o)
                              g:/iot/5.4 2016q2/bin/../lib/gcc/arm-none-eabi/5.4.1/../../../../arm-none-eabi/lib/armv6-m\libg.a(lib_a-wsetup.o) (_free_r)
g:/iot/5.4 2016q2/bin/../lib/gcc/arm-none-eabi/5.4.1/../../../../arm-none-eabi/lib/armv6-m\libg.a(lib_a-fvwrite.o)
                              g:/iot/5.4 2016q2/bin/../lib/gcc/arm-none-eabi/5.4.1/../../../../arm-none-eabi/lib/armv6-m\libg.a(lib_a-puts.o) (__sfvwrite_r)
g:/iot/5.4 2016q2/bin/../lib/gcc/arm-none-eabi/5.4.1/../../../../arm-none-eabi/lib/armv6-m\libg.a(lib_a-fwalk.o)
                              g:/iot/5.4 2016q2/bin/../lib/gcc/arm-none-eabi/5.4.1/../../../../arm-none-eabi/lib/armv6-m\libg.a(lib_a-findfp.o) (_fwalk)
g:/iot/5.4 2016q2/bin/../lib/gcc/arm-none-eabi/5.4.1/../../../../arm-none-eabi/lib/armv6-m\libg.a(lib_a-impure.o)
                              g:/iot/5.4 2016q2/bin/../lib/gcc/arm-none-eabi/5.4.1/../../../../arm-none-eabi/lib/armv6-m\libg.a(lib_a-fflush.o) (_global_impure_ptr)
g:/iot/5.4 2016q2/bin/../lib/gcc/arm-none-eabi/5.4.1/../../../../arm-none-eabi/lib/armv6-m\libg.a(lib_a-locale.o)
                              g:/iot/5.4 2016q2/bin/../lib/gcc/arm-none-eabi/5.4.1/../../../../arm-none-eabi/lib/armv6-m\libg.a(lib_a-svfprintf.o) (_localeconv_r)
g:/iot/5.4 2016q2/bin/../lib/gcc/arm-none-eabi/5.4.1/../../../../arm-none-eabi/lib/armv6-m\libg.a(lib_a-makebuf.o)
                              g:/iot/5.4 2016q2/bin/../lib/gcc/arm-none-eabi/5.4.1/../../../../arm-none-eabi/lib/armv6-m\libg.a(lib_a-wsetup.o) (__smakebuf_r)
[...]
Memory Configuration

Name             Origin             Length             Attributes
rom              0x08000000         0x00010000         xr
ram              0x20000000         0x00004000         xrw
*default*        0x00000000         0xffffffff

Linker script and memory map

                0x20004000                _eram = 0x20004000

.text           0x08000000     0xbac4
 *(.isr_vector)
 .isr_vector    0x08000000       0xc4 ..\obj\startup_stm32f0xx.o
                0x08000000                g_pfnVectors
 *(.text*)
 .text.InitDelayTIM6
                0x080000c4       0x5c ..\obj\delay.o
                0x080000c4                InitDelayTIM6
 .text.TIM6delay_ms
                0x08000120       0x68 ..\obj\delay.o
                0x08000120                TIM6delay_ms
 .text.TIM6delay_us
                0x08000188       0x68 ..\obj\delay.o
                0x08000188                TIM6delay_us
 .text.delay_init
                0x080001f0       0x1c ..\obj\delay.o
                0x080001f0                delay_init
 .text.ConfigureGPIO_ADC
                0x0800020c       0x30 ..\obj\adc_photoresistor.o
                0x0800020c                ConfigureGPIO_ADC
 .text.SetClockForADC
                0x0800023c       0x34 ..\obj\adc_photoresistor.o
                0x0800023c                SetClockForADC
 .text.CalibrateADC
                0x08000270       0x3c ..\obj\adc_photoresistor.o
                0x08000270                CalibrateADC
 .text.EnableADC
                0x080002ac       0x24 ..\obj\adc_photoresistor.o
                0x080002ac                EnableADC
 .text.ConfigureADC
                0x080002d0       0x18 ..\obj\adc_photoresistor.o
                0x080002d0                ConfigureADC
 .text.launch_photoresistor
                0x080002e8       0x20 ..\obj\adc_photoresistor.o
                0x080002e8                launch_photoresistor
 .text.calibrate_light_resistor
                0x08000308      0x188 ..\obj\adc_photoresistor.o
                0x08000308                calibrate_light_resistor
 .text.check_if_pill
                0x08000490      0x128 ..\obj\adc_photoresistor.o
                0x08000490                check_if_pill
 .text.config_light_resistor_pin
                0x080005b8       0x48 ..\obj\adc_photoresistor.o
                0x080005b8                config_light_resistor_pin
 .text.turnON_LR_DIOD
                0x08000600       0x20 ..\obj\adc_photoresistor.o
                0x08000600                turnON_LR_DIOD
 .text.turnOFF_LR_DIOD
                0x08000620       0x20 ..\obj\adc_photoresistor.o
                0x08000620                turnOFF_LR_DIOD
 .text.listenLR
                0x08000640       0x20 ..\obj\adc_photoresistor.o
                0x08000640                listenLR
 .text.unlistenLR
                0x08000660       0x20 ..\obj\adc_photoresistor.o
                0x08000660                unlistenLR
 .text.read_from_LR
                0x08000680       0x38 ..\obj\adc_photoresistor.o
                0x08000680                read_from_LR
 .text.RCC_GetClocksFreq
                0x080006b8      0x264 ..\obj\stm32f0xx_rcc.o
                0x080006b8                RCC_GetClocksFreq
 .text.RCC_AHBPeriphClockCmd
                0x0800091c       0x40 ..\obj\stm32f0xx_rcc.o
                0x0800091c                RCC_AHBPeriphClockCmd
 .text.RCC_APB2PeriphClockCmd
                0x0800095c       0x40 ..\obj\stm32f0xx_rcc.o
                0x0800095c                RCC_APB2PeriphClockCmd
 .text.RCC_APB1PeriphClockCmd
                0x0800099c       0x40 ..\obj\stm32f0xx_rcc.o
                0x0800099c                RCC_APB1PeriphClockCmd
 .text.NVIC_EnableIRQ
                0x080009dc       0x2c ..\obj\main.o
 .text.NVIC_SetPriority
                0x08000a08       0xdc ..\obj\main.o
 .text.SysTick_Config
                0x08000ae4       0x4c ..\obj\main.o
 .text.SysTick_Handler
                0x08000b30       0x18 ..\obj\main.o
                0x08000b30                SysTick_Handler
 .text.Servo_init
                0x08000b48       0x4c ..\obj\main.o
                0x08000b48                Servo_init
 .text.Delay    0x08000b94       0x2c ..\obj\main.o
                0x08000b94                Delay
 .text.servo_45_0_45
                0x08000bc0      0x18c ..\obj\main.o
                0x08000bc0                servo_45_0_45
 .text.UART_Init
                0x08000d4c       0xec ..\obj\main.o
                0x08000d4c                UART_Init
 .text.readPWD  0x08000e38       0xc4 ..\obj\main.o
                0x08000e38                readPWD
 .text.USART1_IRQHandler
                0x08000efc       0xf8 ..\obj\main.o
                0x08000efc                USART1_IRQHandler
 .text.main     0x08000ff4      0x1c8 ..\obj\main.o
                0x08000ff4                main
 .text.Reset_Handler
                0x080011bc       0x44 ..\obj\startup_stm32f0xx.o
                0x080011bc                Reset_Handler
 .text.Default_Handler
                0x08001200        0x2 ..\obj\startup_stm32f0xx.o
                0x08001200                PVD_VDDUSB_LP_IRQHandler
                0x08001200                TIM1_CC_IRQHandler
                0x08001200                HardFault_Handler
                0x08001200                ADC1_COMP_IRQHandler
                0x08001200                PendSV_Handler
                0x08001200                NMI_Handler
                0x08001200                I2C1_IRQHandler
                0x08001200                RCC_CRS_IRQHandler
                0x08001200                SPI1_IRQHandler
                0x08001200                TIM6_DAC_IRQHandler
                0x08001200                USART3_4_IRQHandler
                0x08001200                EXTI2_3_IRQHandler
                0x08001200                I2C2_IRQHandler
                0x08001200                TIM17_IRQHandler
                0x08001200                CEC_CAN_IRQHandler
                0x08001200                RTC_IRQHandler
                0x08001200                DMA1_Channel4_5_6_7_IRQHandler
                0x08001200                TIM16_IRQHandler
                0x08001200                TIM3_IRQHandler
                0x08001200                EXTI4_15_IRQHandler
                0x08001200                DMA1_Channel1_IRQHandler
                0x08001200                Default_Handler
                0x08001200                TIM7_IRQHandler
                0x08001200                TIM15_IRQHandler
                0x08001200                EXTI0_1_IRQHandler
                0x08001200                SPI2_IRQHandler
                0x08001200                SVC_Handler
                0x08001200                USB_LP_IRQHandler
                0x08001200                TS_IRQHandler
                0x08001200                WWDG_IRQHandler
                0x08001200                TIM2_IRQHandler
                0x08001200                DMA1_Channel2_3_IRQHandler
                0x08001200                USART2_IRQHandler
                0x08001200                FLASH_IRQHandler
                0x08001200                TIM1_BRK_UP_TRG_COM_IRQHandler
 *fill*         0x08001202        0x2 
 .text.keypad_init_GPIO_IN
                0x08001204       0x50 ..\obj\stm32f0xx_keypad_d1md1m.o
                0x08001204                keypad_init_GPIO_IN
 .text.keypad_init_GPIO_OUT
                0x08001254       0x48 ..\obj\stm32f0xx_keypad_d1md1m.o
                0x08001254                keypad_init_GPIO_OUT
 .text.initgpio_keyboard
                0x0800129c       0x8c ..\obj\stm32f0xx_keypad_d1md1m.o
                0x0800129c                initgpio_keyboard
 .text.keypadRowHight
                0x08001328       0x20 ..\obj\stm32f0xx_keypad_d1md1m.o
                0x08001328                keypadRowHight
 .text.keypadRowLow
                0x08001348       0x20 ..\obj\stm32f0xx_keypad_d1md1m.o
                0x08001348                keypadRowLow
 .text.read_active_colomn
                0x08001368       0x6c ..\obj\stm32f0xx_keypad_d1md1m.o
                0x08001368                read_active_colomn
 .text.setColHight
                0x080013d4       0x94 ..\obj\stm32f0xx_keypad_d1md1m.o
                0x080013d4                setColHight
 .text.read_keypad_key
                0x08001468       0x68 ..\obj\stm32f0xx_keypad_d1md1m.o
                0x08001468                read_keypad_key
 .text.I2C_Cmd  0x080014d0       0x3c ..\obj\stm32f0xx_i2c.o
                0x080014d0                I2C_Cmd
 .text.TIM14_IRQHandler
                0x0800150c      0x110 ..\obj\APS.o
                0x0800150c                TIM14_IRQHandler
 .text.APS_Init
                0x0800161c       0xfc ..\obj\APS.o
                0x0800161c                APS_Init
 .text.APS_AddPin
                0x08001718      0x138 ..\obj\APS.o
                0x08001718                APS_AddPin
 .text.APS_SetPosition
                0x08001850       0x8c ..\obj\APS.o
                0x08001850                APS_SetPosition
 .text.APS_SetPositionDegree
                0x080018dc       0x7c ..\obj\APS.o
                0x080018dc                APS_SetPositionDegree
 .text.APS_GetStatus
                0x08001958       0x1c ..\obj\APS.o
                0x08001958                APS_GetStatus
 .text.APS_WaitForUpdate
                0x08001974       0x14 ..\obj\APS.o
                0x08001974                APS_WaitForUpdate
 .text.GPIO_Init
                0x08001988      0x130 ..\obj\stm32f0xx_gpio.o
                0x08001988                GPIO_Init
 .text.GPIO_ReadInputDataBit
                0x08001ab8       0x48 ..\obj\stm32f0xx_gpio.o
                0x08001ab8                GPIO_ReadInputDataBit
 .text.GPIO_SetBits
                0x08001b00       0x20 ..\obj\stm32f0xx_gpio.o
                0x08001b00                GPIO_SetBits
 .text.GPIO_ResetBits
                0x08001b20       0x20 ..\obj\stm32f0xx_gpio.o
                0x08001b20                GPIO_ResetBits
 .text.GPIO_PinAFConfig
                0x08001b40       0xa4 ..\obj\stm32f0xx_gpio.o
                0x08001b40                GPIO_PinAFConfig
 .text._sbrk    0x08001be4       0x3c ..\obj\syscalls.o
                0x08001be4                _sbrk
 .text._close   0x08001c20       0x14 ..\obj\syscalls.o
                0x08001c20                _close
 .text._fstat   0x08001c34       0x1c ..\obj\syscalls.o
                0x08001c34                _fstat
 .text._isatty  0x08001c50       0x14 ..\obj\syscalls.o
                0x08001c50                _isatty
 .text._lseek   0x08001c64       0x18 ..\obj\syscalls.o
                0x08001c64                _lseek
 .text._read    0x08001c7c       0x18 ..\obj\syscalls.o
                0x08001c7c                _read
 .text._write   0x08001c94       0x54 ..\obj\syscalls.o
                0x08001c94                _write
 .text.USART_Init
                0x08001ce8      0x174 ..\obj\stm32f0xx_usart.o
                0x08001ce8                USART_Init
 .text.USART_StructInit
                0x08001e5c       0x38 ..\obj\stm32f0xx_usart.o
                0x08001e5c                USART_StructInit
 .text.USART_Cmd
                0x08001e94       0x3c ..\obj\stm32f0xx_usart.o
                0x08001e94                USART_Cmd
 .text.USART_SendData
                0x08001ed0       0x24 ..\obj\stm32f0xx_usart.o
                0x08001ed0                USART_SendData
 .text.USART_ReceiveData
                0x08001ef4       0x1c ..\obj\stm32f0xx_usart.o
                0x08001ef4                USART_ReceiveData
 .text.USART_ITConfig
                0x08001f10       0x88 ..\obj\stm32f0xx_usart.o
                0x08001f10                USART_ITConfig
 .text.USART_GetFlagStatus
                0x08001f98       0x3c ..\obj\stm32f0xx_usart.o
                0x08001f98                USART_GetFlagStatus
 .text.USART_GetITStatus
                0x08001fd4       0xb0 ..\obj\stm32f0xx_usart.o
                0x08001fd4                USART_GetITStatus
 .text.USART_ClearITPendingBit
                0x08002084       0x30 ..\obj\stm32f0xx_usart.o
                0x08002084                USART_ClearITPendingBit
 .text.TIM_TimeBaseInit
                0x080020b4       0xf0 ..\obj\stm32f0xx_tim.o
                0x080020b4                TIM_TimeBaseInit
 .text.TIM_Cmd  0x080021a4       0x40 ..\obj\stm32f0xx_tim.o
                0x080021a4                TIM_Cmd
 .text.TIM_ITConfig
                0x080021e4       0x54 ..\obj\stm32f0xx_tim.o
                0x080021e4                TIM_ITConfig
 .text.TIM_GetITStatus
                0x08002238       0x80 ..\obj\stm32f0xx_tim.o
                0x08002238                TIM_GetITStatus
 .text.TIM_ClearITPendingBit
                0x080022b8       0x24 ..\obj\stm32f0xx_tim.o
                0x080022b8                TIM_ClearITPendingBit
 .text.SystemInit
                0x080022dc       0x8c ..\obj\system_stm32f0xx.o
                0x080022dc                SystemInit
 .text.SetSysClock
                0x08002368       0x88 ..\obj\system_stm32f0xx.o
 .text.gpio_pinSetup_AF
                0x080023f0      0x1ec ..\obj\stm32f0xx_gpio_init.o
                0x080023f0                gpio_pinSetup_AF
 .text.NVIC_Init
                0x080025dc       0xac ..\obj\stm32f0xx_misc.o
                0x080025dc                NVIC_Init
 .text.gpioInit
                0x08002688       0x5c ..\obj\i2c_lcd.o
                0x08002688                gpioInit
 .text.i2cInit  0x080026e4       0x5c ..\obj\i2c_lcd.o
                0x080026e4                i2cInit
 .text.lcd_PrintC
                0x08002740       0x48 ..\obj\i2c_lcd.o
                0x08002740                lcd_PrintC
 .text.lcd_Init
                0x08002788       0x50 ..\obj\i2c_lcd.o
                0x08002788                lcd_Init
 .text.lcd_Send
                0x080027d8       0x68 ..\obj\i2c_lcd.o
                0x080027d8                lcd_Send
 .text.lcd_FirstCommand
                0x08002840       0xc8 ..\obj\i2c_lcd.o
                0x08002840                lcd_FirstCommand
 .text.lcd_Command
                0x08002908      0x1a8 ..\obj\i2c_lcd.o
                0x08002908                lcd_Command
 .text.lcd_Data
                0x08002ab0      0x1ec ..\obj\i2c_lcd.o
                0x08002ab0                lcd_Data
 .text.LCD_launch
                0x08002c9c       0x28 ..\obj\i2c_lcd.o
                0x08002c9c                LCD_launch
 .text.LCD_test_run
                0x08002cc4      0x118 ..\obj\i2c_lcd.o
                0x08002cc4                LCD_test_run
 .text          0x08002ddc      0x114 g:/iot/5.4 2016q2/bin/../lib/gcc/arm-none-eabi/5.4.1/armv6-m\libgcc.a(_udivsi3.o)
                0x08002ddc                __aeabi_uidiv
                0x08002ddc                __udivsi3
                0x08002ee8                __aeabi_uidivmod
 .text          0x08002ef0      0x1d4 g:/iot/5.4 2016q2/bin/../lib/gcc/arm-none-eabi/5.4.1/armv6-m\libgcc.a(_divsi3.o)
                0x08002ef0                __divsi3
                0x08002ef0                __aeabi_idiv
                0x080030bc                __aeabi_idivmod
 .text          0x080030c4        0x4 g:/iot/5.4 2016q2/bin/../lib/gcc/arm-none-eabi/5.4.1/armv6-m\libgcc.a(_dvmd_tls.o)
                0x080030c4                __aeabi_idiv0
                0x080030c4                __aeabi_ldiv0
 .text.memcpy   0x080030c8       0x7c g:/iot/5.4 2016q2/bin/../lib/gcc/arm-none-eabi/5.4.1/../../../../arm-none-eabi/lib/armv6-m\libg.a(lib_a-memcpy-stub.o)
                0x080030c8                memcpy
 .text.printf   0x08003144       0x24 g:/iot/5.4 2016q2/bin/../lib/gcc/arm-none-eabi/5.4.1/../../../../arm-none-eabi/lib/armv6-m\libg.a(lib_a-printf.o)
                0x08003144                printf
 .text._puts_r  0x08003168       0x70 g:/iot/5.4 2016q2/bin/../lib/gcc/arm-none-eabi/5.4.1/../../../../arm-none-eabi/lib/armv6-m\libg.a(lib_a-puts.o)
                0x08003168                _puts_r
 .text.puts     0x080031d8       0x14 g:/iot/5.4 2016q2/bin/../lib/gcc/arm-none-eabi/5.4.1/../../../../arm-none-eabi/lib/armv6-m\libg.a(lib_a-puts.o)
                0x080031d8                puts
 .text.sprintf  0x080031ec       0x44 g:/iot/5.4 2016q2/bin/../lib/gcc/arm-none-eabi/5.4.1/../../../../arm-none-eabi/lib/armv6-m\libg.a(lib_a-sprintf.o)
                0x080031ec                sprintf
 .text          0x08003230       0x88 g:/iot/5.4 2016q2/bin/../lib/gcc/arm-none-eabi/5.4.1/../../../../arm-none-eabi/lib/armv6-m\libg.a(lib_a-strcmp.o)
                0x08003230                strcmp
 .text.strlen   0x080032b8       0x68 g:/iot/5.4 2016q2/bin/../lib/gcc/arm-none-eabi/5.4.1/../../../../arm-none-eabi/lib/armv6-m\libg.a(lib_a-strlen-stub.o)
                0x080032b8                strlen
 .text._svfprintf_r
                0x08003320     0x1820 g:/iot/5.4 2016q2/bin/../lib/gcc/arm-none-eabi/5.4.1/../../../../arm-none-eabi/lib/armv6-m\libg.a(lib_a-svfprintf.o)
                0x08003320                _svfprintf_r
 .text._vfprintf_r
                0x08004b40     0x1828 g:/iot/5.4 2016q2/bin/../lib/gcc/arm-none-eabi/5.4.1/../../../../arm-none-eabi/lib/armv6-m\libg.a(lib_a-vfprintf.o)
                0x08004b40                _vfprintf_r
 .text.__sbprintf
                0x08006368       0x74 g:/iot/5.4 2016q2/bin/../lib/gcc/arm-none-eabi/5.4.1/../../../../arm-none-eabi/lib/armv6-m\libg.a(lib_a-vfprintf.o)
 .text.__swsetup_r
                0x080063dc       0xd4 g:/iot/5.4 2016q2/bin/../lib/gcc/arm-none-eabi/5.4.1/../../../../arm-none-eabi/lib/armv6-m\libg.a(lib_a-wsetup.o)
                0x080063dc                __swsetup_r
 .text.quorem   0x080064b0      0x150 g:/iot/5.4 2016q2/bin/../lib/gcc/arm-none-eabi/5.4.1/../../../../arm-none-eabi/lib/armv6-m\libg.a(lib_a-dtoa.o)
 .text._dtoa_r  0x08006600      0xf54 g:/iot/5.4 2016q2/bin/../lib/gcc/arm-none-eabi/5.4.1/../../../../arm-none-eabi/lib/armv6-m\libg.a(lib_a-dtoa.o)
                0x08006600                _dtoa_r
 .text.__sflush_r
                0x08007554      0x150 g:/iot/5.4 2016q2/bin/../lib/gcc/arm-none-eabi/5.4.1/../../../../arm-none-eabi/lib/armv6-m\libg.a(lib_a-fflush.o)
                0x08007554                __sflush_r
 .text._fflush_r
                0x080076a4       0x2c g:/iot/5.4 2016q2/bin/../lib/gcc/arm-none-eabi/5.4.1/../../../../arm-none-eabi/lib/armv6-m\libg.a(lib_a-fflush.o)
                0x080076a4                _fflush_r
 .text._cleanup_r
                0x080076d0       0x10 g:/iot/5.4 2016q2/bin/../lib/gcc/arm-none-eabi/5.4.1/../../../../arm-none-eabi/lib/armv6-m\libg.a(lib_a-findfp.o)
                0x080076d0                _cleanup_r
 .text.__sinit.part.1
                0x080076e0       0xf0 g:/iot/5.4 2016q2/bin/../lib/gcc/arm-none-eabi/5.4.1/../../../../arm-none-eabi/lib/armv6-m\libg.a(lib_a-findfp.o)
 .text.__sinit  0x080077d0       0x10 g:/iot/5.4 2016q2/bin/../lib/gcc/arm-none-eabi/5.4.1/../../../../arm-none-eabi/lib/armv6-m\libg.a(lib_a-findfp.o)
                0x080077d0                __sinit
 .text.__sfp_lock_acquire
                0x080077e0        0x4 g:/iot/5.4 2016q2/bin/../lib/gcc/arm-none-eabi/5.4.1/../../../../arm-none-eabi/lib/armv6-m\libg.a(lib_a-findfp.o)
                0x080077e0                __sfp_lock_acquire
 .text.__sfp_lock_release
                0x080077e4        0x4 g:/iot/5.4 2016q2/bin/../lib/gcc/arm-none-eabi/5.4.1/../../../../arm-none-eabi/lib/armv6-m\libg.a(lib_a-findfp.o)
                0x080077e4                __sfp_lock_release
 .text._malloc_trim_r
                0x080077e8       0xa0 g:/iot/5.4 2016q2/bin/../lib/gcc/arm-none-eabi/5.4.1/../../../../arm-none-eabi/lib/armv6-m\libg.a(lib_a-freer.o)
                0x080077e8                _malloc_trim_r
 .text._free_r  0x08007888      0x1c4 g:/iot/5.4 2016q2/bin/../lib/gcc/arm-none-eabi/5.4.1/../../../../arm-none-eabi/lib/armv6-m\libg.a(lib_a-freer.o)
                0x08007888                _free_r
 .text.__sfvwrite_r
                0x08007a4c      0x31c g:/iot/5.4 2016q2/bin/../lib/gcc/arm-none-eabi/5.4.1/../../../../arm-none-eabi/lib/armv6-m\libg.a(lib_a-fvwrite.o)
                0x08007a4c                __sfvwrite_r
 .text._fwalk_reent
                0x08007d68       0x4c g:/iot/5.4 2016q2/bin/../lib/gcc/arm-none-eabi/5.4.1/../../../../arm-none-eabi/lib/armv6-m\libg.a(lib_a-fwalk.o)
                0x08007d68                _fwalk_reent
 .text.__locale_charset
                0x08007db4        0x8 g:/iot/5.4 2016q2/bin/../lib/gcc/arm-none-eabi/5.4.1/../../../../arm-none-eabi/lib/armv6-m\libg.a(lib_a-locale.o)
                0x08007db4                __locale_charset
 .text.__locale_mb_cur_max
                0x08007dbc        0xc g:/iot/5.4 2016q2/bin/../lib/gcc/arm-none-eabi/5.4.1/../../../../arm-none-eabi/lib/armv6-m\libg.a(lib_a-locale.o)
                0x08007dbc                __locale_mb_cur_max
 .text._localeconv_r
                0x08007dc8        0x8 g:/iot/5.4 2016q2/bin/../lib/gcc/arm-none-eabi/5.4.1/../../../../arm-none-eabi/lib/armv6-m\libg.a(lib_a-locale.o)
                0x08007dc8                _localeconv_r
 .text.__swhatbuf_r
                0x08007dd0       0x60 g:/iot/5.4 2016q2/bin/../lib/gcc/arm-none-eabi/5.4.1/../../../../arm-none-eabi/lib/armv6-m\libg.a(lib_a-makebuf.o)
                0x08007dd0                __swhatbuf_r
 .text.__smakebuf_r
                0x08007e30       0x88 g:/iot/5.4 2016q2/bin/../lib/gcc/arm-none-eabi/5.4.1/../../../../arm-none-eabi/lib/armv6-m\libg.a(lib_a-makebuf.o)
                0x08007e30                __smakebuf_r
 .text._malloc_r
                0x08007eb8      0x554 g:/iot/5.4 2016q2/bin/../lib/gcc/arm-none-eabi/5.4.1/../../../../arm-none-eabi/lib/armv6-m\libg.a(lib_a-mallocr.o)
                0x08007eb8                _malloc_r
 .text.memchr   0x0800840c       0x90 g:/iot/5.4 2016q2/bin/../lib/gcc/arm-none-eabi/5.4.1/../../../../arm-none-eabi/lib/armv6-m\libg.a(lib_a-memchr-stub.o)
                0x0800840c                memchr
 .text.memmove  0x0800849c       0x98 g:/iot/5.4 2016q2/bin/../lib/gcc/arm-none-eabi/5.4.1/../../../../arm-none-eabi/lib/armv6-m\libg.a(lib_a-memmove.o)
                0x0800849c                memmove
 .text.memset   0x08008534       0x8c g:/iot/5.4 2016q2/bin/../lib/gcc/arm-none-eabi/5.4.1/../../../../arm-none-eabi/lib/armv6-m\libg.a(lib_a-memset.o)
                0x08008534                memset
 .text.__malloc_lock
                0x080085c0        0x4 g:/iot/5.4 2016q2/bin/../lib/gcc/arm-none-eabi/5.4.1/../../../../arm-none-eabi/lib/armv6-m\libg.a(lib_a-mlock.o)
                0x080085c0                __malloc_lock
 .text.__malloc_unlock
                0x080085c4        0x4 g:/iot/5.4 2016q2/bin/../lib/gcc/arm-none-eabi/5.4.1/../../../../arm-none-eabi/lib/armv6-m\libg.a(lib_a-mlock.o)
                0x080085c4                __malloc_unlock
 .text._Balloc  0x080085c8       0x50 g:/iot/5.4 2016q2/bin/../lib/gcc/arm-none-eabi/5.4.1/../../../../arm-none-eabi/lib/armv6-m\libg.a(lib_a-mprec.o)
                0x080085c8                _Balloc
 .text._Bfree   0x08008618       0x14 g:/iot/5.4 2016q2/bin/../lib/gcc/arm-none-eabi/5.4.1/../../../../arm-none-eabi/lib/armv6-m\libg.a(lib_a-mprec.o)
                0x08008618                _Bfree
 .text.__multadd
                0x0800862c       0x8c g:/iot/5.4 2016q2/bin/../lib/gcc/arm-none-eabi/5.4.1/../../../../arm-none-eabi/lib/armv6-m\libg.a(lib_a-mprec.o)
                0x0800862c                __multadd
 .text.__hi0bits
                0x080086b8       0x3c g:/iot/5.4 2016q2/bin/../lib/gcc/arm-none-eabi/5.4.1/../../../../arm-none-eabi/lib/armv6-m\libg.a(lib_a-mprec.o)
                0x080086b8                __hi0bits
 .text.__lo0bits
                0x080086f4       0x5c g:/iot/5.4 2016q2/bin/../lib/gcc/arm-none-eabi/5.4.1/../../../../arm-none-eabi/lib/armv6-m\libg.a(lib_a-mprec.o)
                0x080086f4                __lo0bits
 .text.__i2b    0x08008750       0x14 g:/iot/5.4 2016q2/bin/../lib/gcc/arm-none-eabi/5.4.1/../../../../arm-none-eabi/lib/armv6-m\libg.a(lib_a-mprec.o)
                0x08008750                __i2b
 .text.__multiply
                0x08008764      0x15c g:/iot/5.4 2016q2/bin/../lib/gcc/arm-none-eabi/5.4.1/../../../../arm-none-eabi/lib/armv6-m\libg.a(lib_a-mprec.o)
                0x08008764                __multiply
 .text.__pow5mult
                0x080088c0       0xbc g:/iot/5.4 2016q2/bin/../lib/gcc/arm-none-eabi/5.4.1/../../../../arm-none-eabi/lib/armv6-m\libg.a(lib_a-mprec.o)
                0x080088c0                __pow5mult
 .text.__lshift
                0x0800897c       0xc0 g:/iot/5.4 2016q2/bin/../lib/gcc/arm-none-eabi/5.4.1/../../../../arm-none-eabi/lib/armv6-m\libg.a(lib_a-mprec.o)
                0x0800897c                __lshift
 .text.__mcmp   0x08008a3c       0x3c g:/iot/5.4 2016q2/bin/../lib/gcc/arm-none-eabi/5.4.1/../../../../arm-none-eabi/lib/armv6-m\libg.a(lib_a-mprec.o)
                0x08008a3c                __mcmp
 .text.__mdiff  0x08008a78      0x11c g:/iot/5.4 2016q2/bin/../lib/gcc/arm-none-eabi/5.4.1/../../../../arm-none-eabi/lib/armv6-m\libg.a(lib_a-mprec.o)
                0x08008a78                __mdiff
 .text.__d2b    0x08008b94       0xbc g:/iot/5.4 2016q2/bin/../lib/gcc/arm-none-eabi/5.4.1/../../../../arm-none-eabi/lib/armv6-m\libg.a(lib_a-mprec.o)
                0x08008b94                __d2b
 .text._realloc_r
                0x08008c50      0x3dc g:/iot/5.4 2016q2/bin/../lib/gcc/arm-none-eabi/5.4.1/../../../../arm-none-eabi/lib/armv6-m\libg.a(lib_a-reallocr.o)
                0x08008c50                _realloc_r
 .text._sbrk_r  0x0800902c       0x24 g:/iot/5.4 2016q2/bin/../lib/gcc/arm-none-eabi/5.4.1/../../../../arm-none-eabi/lib/armv6-m\libg.a(lib_a-sbrkr.o)
                0x0800902c                _sbrk_r
 .text.__sread  0x08009050       0x28 g:/iot/5.4 2016q2/bin/../lib/gcc/arm-none-eabi/5.4.1/../../../../arm-none-eabi/lib/armv6-m\libg.a(lib_a-stdio.o)
                0x08009050                __sread
 .text.__swrite
                0x08009078       0x3c g:/iot/5.4 2016q2/bin/../lib/gcc/arm-none-eabi/5.4.1/../../../../arm-none-eabi/lib/armv6-m\libg.a(lib_a-stdio.o)
                0x08009078                __swrite
 .text.__sseek  0x080090b4       0x2c g:/iot/5.4 2016q2/bin/../lib/gcc/arm-none-eabi/5.4.1/../../../../arm-none-eabi/lib/armv6-m\libg.a(lib_a-stdio.o)
                0x080090b4                __sseek
 .text.__sclose
                0x080090e0        0xc g:/iot/5.4 2016q2/bin/../lib/gcc/arm-none-eabi/5.4.1/../../../../arm-none-eabi/lib/armv6-m\libg.a(lib_a-stdio.o)
                0x080090e0                __sclose
 .text.__ssprint_r
                0x080090ec      0x130 g:/iot/5.4 2016q2/bin/../lib/gcc/arm-none-eabi/5.4.1/../../../../arm-none-eabi/lib/armv6-m\libg.a(lib_a-svfiprintf.o)
                0x080090ec                __ssprint_r
 .text.__sprint_r.part.0
                0x0800921c       0x78 g:/iot/5.4 2016q2/bin/../lib/gcc/arm-none-eabi/5.4.1/../../../../arm-none-eabi/lib/armv6-m\libg.a(lib_a-vfiprintf.o)
 .text.__sprint_r
                0x08009294       0x14 g:/iot/5.4 2016q2/bin/../lib/gcc/arm-none-eabi/5.4.1/../../../../arm-none-eabi/lib/armv6-m\libg.a(lib_a-vfiprintf.o)
                0x08009294                __sprint_r
 .text._write_r
                0x080092a8       0x28 g:/iot/5.4 2016q2/bin/../lib/gcc/arm-none-eabi/5.4.1/../../../../arm-none-eabi/lib/armv6-m\libg.a(lib_a-writer.o)
                0x080092a8                _write_r
 .text._calloc_r
                0x080092d0       0x60 g:/iot/5.4 2016q2/bin/../lib/gcc/arm-none-eabi/5.4.1/../../../../arm-none-eabi/lib/armv6-m\libg.a(lib_a-callocr.o)
                0x080092d0                _calloc_r
 .text._close_r
                0x08009330       0x24 g:/iot/5.4 2016q2/bin/../lib/gcc/arm-none-eabi/5.4.1/../../../../arm-none-eabi/lib/armv6-m\libg.a(lib_a-closer.o)
                0x08009330                _close_r
 .text._fclose_r
                0x08009354       0x8c g:/iot/5.4 2016q2/bin/../lib/gcc/arm-none-eabi/5.4.1/../../../../arm-none-eabi/lib/armv6-m\libg.a(lib_a-fclose.o)
                0x08009354                _fclose_r
 .text.__fputwc
                0x080093e0       0x98 g:/iot/5.4 2016q2/bin/../lib/gcc/arm-none-eabi/5.4.1/../../../../arm-none-eabi/lib/armv6-m\libg.a(lib_a-fputwc.o)
                0x080093e0                __fputwc
 .text._fputwc_r
                0x08009478       0x20 g:/iot/5.4 2016q2/bin/../lib/gcc/arm-none-eabi/5.4.1/../../../../arm-none-eabi/lib/armv6-m\libg.a(lib_a-fputwc.o)
                0x08009478                _fputwc_r
 .text._fstat_r
                0x08009498       0x28 g:/iot/5.4 2016q2/bin/../lib/gcc/arm-none-eabi/5.4.1/../../../../arm-none-eabi/lib/armv6-m\libg.a(lib_a-fstatr.o)
                0x08009498                _fstat_r
 .text._isatty_r
                0x080094c0       0x24 g:/iot/5.4 2016q2/bin/../lib/gcc/arm-none-eabi/5.4.1/../../../../arm-none-eabi/lib/armv6-m\libg.a(lib_a-isattyr.o)
                0x080094c0                _isatty_r
 .text._lseek_r
                0x080094e4       0x28 g:/iot/5.4 2016q2/bin/../lib/gcc/arm-none-eabi/5.4.1/../../../../arm-none-eabi/lib/armv6-m\libg.a(lib_a-lseekr.o)
                0x080094e4                _lseek_r
 .text._read_r  0x0800950c       0x28 g:/iot/5.4 2016q2/bin/../lib/gcc/arm-none-eabi/5.4.1/../../../../arm-none-eabi/lib/armv6-m\libg.a(lib_a-readr.o)
                0x0800950c                _read_r
 .text.__swbuf_r
                0x08009534       0xbc g:/iot/5.4 2016q2/bin/../lib/gcc/arm-none-eabi/5.4.1/../../../../arm-none-eabi/lib/armv6-m\libg.a(lib_a-wbuf.o)
                0x08009534                __swbuf_r
 .text._wcrtomb_r
                0x080095f0       0x58 g:/iot/5.4 2016q2/bin/../lib/gcc/arm-none-eabi/5.4.1/../../../../arm-none-eabi/lib/armv6-m\libg.a(lib_a-wcrtomb.o)
                0x080095f0                _wcrtomb_r
 .text.__ascii_wctomb
                0x08009648       0x1c g:/iot/5.4 2016q2/bin/../lib/gcc/arm-none-eabi/5.4.1/../../../../arm-none-eabi/lib/armv6-m\libg.a(lib_a-wctomb_r.o)
                0x08009648                __ascii_wctomb
 .text          0x08009664       0x7c g:/iot/5.4 2016q2/bin/../lib/gcc/arm-none-eabi/5.4.1/armv6-m\libgcc.a(_arm_cmpdf2.o)
                0x08009664                __aeabi_cdrcmple
                0x08009674                __aeabi_cdcmple
                0x08009674                __aeabi_cdcmpeq
                0x08009684                __aeabi_dcmpeq
                0x08009690                __aeabi_dcmplt
                0x080096a4                __aeabi_dcmple
                0x080096b8                __aeabi_dcmpgt
                0x080096cc                __aeabi_dcmpge
 .text          0x080096e0       0x40 g:/iot/5.4 2016q2/bin/../lib/gcc/arm-none-eabi/5.4.1/armv6-m\libgcc.a(_aeabi_uldivmod.o)
                0x080096e0                __aeabi_uldivmod
 .text          0x08009720      0x180 g:/iot/5.4 2016q2/bin/../lib/gcc/arm-none-eabi/5.4.1/armv6-m\libgcc.a(_udivmoddi4.o)
                0x08009720                __udivmoddi4
 .text          0x080098a0      0x658 g:/iot/5.4 2016q2/bin/../lib/gcc/arm-none-eabi/5.4.1/armv6-m\libgcc.a(adddf3.o)
                0x080098a0                __aeabi_dadd
 .text          0x08009ef8      0x62c g:/iot/5.4 2016q2/bin/../lib/gcc/arm-none-eabi/5.4.1/armv6-m\libgcc.a(divdf3.o)
                0x08009ef8                __aeabi_ddiv
 .text          0x0800a524       0x80 g:/iot/5.4 2016q2/bin/../lib/gcc/arm-none-eabi/5.4.1/armv6-m\libgcc.a(eqdf2.o)
                0x0800a524                __nedf2
                0x0800a524                __eqdf2
 .text          0x0800a5a4       0xc8 g:/iot/5.4 2016q2/bin/../lib/gcc/arm-none-eabi/5.4.1/armv6-m\libgcc.a(gedf2.o)
                0x0800a5a4                __gedf2
                0x0800a5a4                __gtdf2
 .text          0x0800a66c       0xd4 g:/iot/5.4 2016q2/bin/../lib/gcc/arm-none-eabi/5.4.1/armv6-m\libgcc.a(ledf2.o)
                0x0800a66c                __ledf2
                0x0800a66c                __ltdf2
 .text          0x0800a740      0x4f4 g:/iot/5.4 2016q2/bin/../lib/gcc/arm-none-eabi/5.4.1/armv6-m\libgcc.a(muldf3.o)
                0x0800a740                __aeabi_dmul
 .text          0x0800ac34      0x6a8 g:/iot/5.4 2016q2/bin/../lib/gcc/arm-none-eabi/5.4.1/armv6-m\libgcc.a(subdf3.o)
                0x0800ac34                __aeabi_dsub
 .text          0x0800b2dc       0x40 g:/iot/5.4 2016q2/bin/../lib/gcc/arm-none-eabi/5.4.1/armv6-m\libgcc.a(unorddf2.o)
                0x0800b2dc                __aeabi_dcmpun
 .text          0x0800b31c       0x6c g:/iot/5.4 2016q2/bin/../lib/gcc/arm-none-eabi/5.4.1/armv6-m\libgcc.a(fixdfsi.o)
                0x0800b31c                __aeabi_d2iz
 .text          0x0800b388       0x84 g:/iot/5.4 2016q2/bin/../lib/gcc/arm-none-eabi/5.4.1/armv6-m\libgcc.a(floatsidf.o)
                0x0800b388                __aeabi_i2d
 .text          0x0800b40c       0x70 g:/iot/5.4 2016q2/bin/../lib/gcc/arm-none-eabi/5.4.1/armv6-m\libgcc.a(floatunsidf.o)
                0x0800b40c                __aeabi_ui2d
 .text          0x0800b47c       0x3c g:/iot/5.4 2016q2/bin/../lib/gcc/arm-none-eabi/5.4.1/armv6-m\libgcc.a(_clzsi2.o)
                0x0800b47c                __clzsi2
 .text          0x0800b4b8       0x18 g:/iot/5.4 2016q2/bin/../lib/gcc/arm-none-eabi/5.4.1/armv6-m\libgcc.a(_clzdi2.o)
                0x0800b4b8                __clzdi2
 *(.init)
 *(.fini)
 *crtbegin.o(.ctors)
 *crtbegin?.o(.ctors)
 *(EXCLUDE_FILE(*crtend.o *crtend?.o) .ctors)
 *(SORT(.ctors.*))
 *(.ctors)
 *crtbegin.o(.dtors)
 *crtbegin?.o(.dtors)
 *(EXCLUDE_FILE(*crtend.o *crtend?.o) .dtors)
 *(SORT(.dtors.*))
 *(.dtors)
 *(.rodata*)
 .rodata        0x0800b4d0       0x1d ..\obj\adc_photoresistor.o
 *fill*         0x0800b4ed        0x3 
 .rodata        0x0800b4f0       0xae ..\obj\main.o
 *fill*         0x0800b59e        0x2 
 .rodata        0x0800b5a0       0x10 ..\obj\stm32f0xx_keypad_d1md1m.o
 .rodata        0x0800b5b0       0x26 ..\obj\i2c_lcd.o
 *fill*         0x0800b5d6        0x2 
 .rodata.str1.4
                0x0800b5d8        0x2 g:/iot/5.4 2016q2/bin/../lib/gcc/arm-none-eabi/5.4.1/../../../../arm-none-eabi/lib/armv6-m\libg.a(lib_a-puts.o)
 *fill*         0x0800b5da        0x2 
 .rodata._svfprintf_r
                0x0800b5dc      0x164 g:/iot/5.4 2016q2/bin/../lib/gcc/arm-none-eabi/5.4.1/../../../../arm-none-eabi/lib/armv6-m\libg.a(lib_a-svfprintf.o)
 .rodata.blanks.7055
                0x0800b740       0x10 g:/iot/5.4 2016q2/bin/../lib/gcc/arm-none-eabi/5.4.1/../../../../arm-none-eabi/lib/armv6-m\libg.a(lib_a-svfprintf.o)
 .rodata.str1.4
                0x0800b750       0x42 g:/iot/5.4 2016q2/bin/../lib/gcc/arm-none-eabi/5.4.1/../../../../arm-none-eabi/lib/armv6-m\libg.a(lib_a-svfprintf.o)
 *fill*         0x0800b792        0x2 
 .rodata.zeroes.7056
                0x0800b794       0x10 g:/iot/5.4 2016q2/bin/../lib/gcc/arm-none-eabi/5.4.1/../../../../arm-none-eabi/lib/armv6-m\libg.a(lib_a-svfprintf.o)
 .rodata._vfprintf_r
                0x0800b7a4      0x164 g:/iot/5.4 2016q2/bin/../lib/gcc/arm-none-eabi/5.4.1/../../../../arm-none-eabi/lib/armv6-m\libg.a(lib_a-vfprintf.o)
 .rodata.blanks.7070
                0x0800b908       0x10 g:/iot/5.4 2016q2/bin/../lib/gcc/arm-none-eabi/5.4.1/../../../../arm-none-eabi/lib/armv6-m\libg.a(lib_a-vfprintf.o)
 .rodata.str1.4
                0x0800b918       0x42 g:/iot/5.4 2016q2/bin/../lib/gcc/arm-none-eabi/5.4.1/../../../../arm-none-eabi/lib/armv6-m\libg.a(lib_a-vfprintf.o)
 .rodata.zeroes.7071
                0x0800b918       0x10 g:/iot/5.4 2016q2/bin/../lib/gcc/arm-none-eabi/5.4.1/../../../../arm-none-eabi/lib/armv6-m\libg.a(lib_a-vfprintf.o)
 .rodata.str1.4
                0x0800b928       0x10 g:/iot/5.4 2016q2/bin/../lib/gcc/arm-none-eabi/5.4.1/../../../../arm-none-eabi/lib/armv6-m\libg.a(lib_a-dtoa.o)
                                 0x12 (size before relaxing)
 .rodata.str1.4
                0x0800b938        0x2 g:/iot/5.4 2016q2/bin/../lib/gcc/arm-none-eabi/5.4.1/../../../../arm-none-eabi/lib/armv6-m\libg.a(lib_a-impure.o)
 *fill*         0x0800b93a        0x2 
 .rodata.str1.4
                0x0800b93c        0xc g:/iot/5.4 2016q2/bin/../lib/gcc/arm-none-eabi/5.4.1/../../../../arm-none-eabi/lib/armv6-m\libg.a(lib_a-locale.o)
                                 0x12 (size before relaxing)
 .rodata.__mprec_tens
                0x0800b948       0xc8 g:/iot/5.4 2016q2/bin/../lib/gcc/arm-none-eabi/5.4.1/../../../../arm-none-eabi/lib/armv6-m\libg.a(lib_a-mprec.o)
                0x0800b948                __mprec_tens
 .rodata.__mprec_bigtens
                0x0800ba10       0x28 g:/iot/5.4 2016q2/bin/../lib/gcc/arm-none-eabi/5.4.1/../../../../arm-none-eabi/lib/armv6-m\libg.a(lib_a-mprec.o)
                0x0800ba10                __mprec_bigtens
 .rodata.p05.5396
                0x0800ba38        0xc g:/iot/5.4 2016q2/bin/../lib/gcc/arm-none-eabi/5.4.1/../../../../arm-none-eabi/lib/armv6-m\libg.a(lib_a-mprec.o)
 .rodata        0x0800ba44       0x40 g:/iot/5.4 2016q2/bin/../lib/gcc/arm-none-eabi/5.4.1/armv6-m\libgcc.a(divdf3.o)
 .rodata        0x0800ba84       0x40 g:/iot/5.4 2016q2/bin/../lib/gcc/arm-none-eabi/5.4.1/armv6-m\libgcc.a(muldf3.o)
 *(.eh_fram e*)

.glue_7         0x0800bac4        0x0
 .glue_7        0x0800bac4        0x0 linker stubs

.glue_7t        0x0800bac4        0x0
 .glue_7t       0x0800bac4        0x0 linker stubs

.vfp11_veneer   0x0800bac4        0x0
 .vfp11_veneer  0x0800bac4        0x0 linker stubs

.v4_bx          0x0800bac4        0x0
 .v4_bx         0x0800bac4        0x0 linker stubs

.iplt           0x0800bac4        0x0
 .iplt          0x0800bac4        0x0 ..\obj\delay.o

.ARM.extab
 *(.ARM.extab* .gnu.linkonce.armextab.*)
                0x0800bac4                __exidx_start = .

.ARM.exidx      0x0800bac4        0x8
 *(.ARM.exidx* .gnu.linkonce.armexidx.*)
 .ARM.exidx     0x0800bac4        0x8 g:/iot/5.4 2016q2/bin/../lib/gcc/arm-none-eabi/5.4.1/armv6-m\libgcc.a(_udivmoddi4.o)
                0x0800bacc                __exidx_end = .
                0x0800bacc                __etext = .
                0x0800bacc                _sidata = __etext

.rel.dyn        0x0800bacc        0x0
 .rel.iplt      0x0800bacc        0x0 ..\obj\delay.o

.data           0x20000000      0x8cc load address 0x0800bacc
                0x20000000                __data_start__ = .
                0x20000000                _sdata = __data_start__
 *(vtable)
 *(.data*)
 .data          0x20000000       0x10 ..\obj\stm32f0xx_rcc.o
 .data          0x20000010        0x4 ..\obj\APS.o
                0x20000010                oscnt
 .data          0x20000014       0x14 ..\obj\system_stm32f0xx.o
                0x20000014                SystemCoreClock
                0x20000018                AHBPrescTable
 .data          0x20000028        0x1 ..\obj\i2c_lcd.o
                0x20000028                backlightState
 *fill*         0x20000029        0x7 
 .data.impure_data
                0x20000030      0x428 g:/iot/5.4 2016q2/bin/../lib/gcc/arm-none-eabi/5.4.1/../../../../arm-none-eabi/lib/armv6-m\libg.a(lib_a-impure.o)
 .data._impure_ptr
                0x20000458        0x4 g:/iot/5.4 2016q2/bin/../lib/gcc/arm-none-eabi/5.4.1/../../../../arm-none-eabi/lib/armv6-m\libg.a(lib_a-impure.o)
                0x20000458                _impure_ptr
 .data.lconv    0x2000045c       0x38 g:/iot/5.4 2016q2/bin/../lib/gcc/arm-none-eabi/5.4.1/../../../../arm-none-eabi/lib/armv6-m\libg.a(lib_a-locale.o)
 .data.lc_ctype_charset
                0x20000494       0x20 g:/iot/5.4 2016q2/bin/../lib/gcc/arm-none-eabi/5.4.1/../../../../arm-none-eabi/lib/armv6-m\libg.a(lib_a-locale.o)
 .data.__mb_cur_max
                0x200004b4        0x4 g:/iot/5.4 2016q2/bin/../lib/gcc/arm-none-eabi/5.4.1/../../../../arm-none-eabi/lib/armv6-m\libg.a(lib_a-locale.o)
                0x200004b4                __mb_cur_max
 .data.__malloc_av_
                0x200004b8      0x408 g:/iot/5.4 2016q2/bin/../lib/gcc/arm-none-eabi/5.4.1/../../../../arm-none-eabi/lib/armv6-m\libg.a(lib_a-mallocr.o)
                0x200004b8                __malloc_av_
 .data.__malloc_trim_threshold
                0x200008c0        0x4 g:/iot/5.4 2016q2/bin/../lib/gcc/arm-none-eabi/5.4.1/../../../../arm-none-eabi/lib/armv6-m\libg.a(lib_a-mallocr.o)
                0x200008c0                __malloc_trim_threshold
 .data.__malloc_sbrk_base
                0x200008c4        0x4 g:/iot/5.4 2016q2/bin/../lib/gcc/arm-none-eabi/5.4.1/../../../../arm-none-eabi/lib/armv6-m\libg.a(lib_a-mallocr.o)
                0x200008c4                __malloc_sbrk_base
 .data.__wctomb
                0x200008c8        0x4 g:/iot/5.4 2016q2/bin/../lib/gcc/arm-none-eabi/5.4.1/../../../../arm-none-eabi/lib/armv6-m\libg.a(lib_a-wctomb_r.o)
                0x200008c8                __wctomb
                0x200008cc                . = ALIGN (0x4)
                [!provide]                PROVIDE (__preinit_array_start, .)
 *(.preinit_array)
                [!provide]                PROVIDE (__preinit_array_end, .)
                0x200008cc                . = ALIGN (0x4)
                [!provide]                PROVIDE (__init_array_start, .)
 *(SORT(.init_array.*))
 *(.init_array)
                [!provide]                PROVIDE (__init_array_end, .)
                0x200008cc                . = ALIGN (0x4)
                [!provide]                PROVIDE (__fini_array_start, .)
 *(SORT(.fini_array.*))
 *(.fini_array)
                [!provide]                PROVIDE (__fini_array_end, .)
 *(.jcr*)
                0x200008cc                . = ALIGN (0x4)
                0x200008cc                __data_end__ = .
                0x200008cc                _edata = __data_end__

.igot.plt       0x200008cc        0x0 load address 0x0800c398
 .igot.plt      0x200008cc        0x0 ..\obj\delay.o

.bss            0x200008cc      0x1f4 load address 0x0800c398
                0x200008cc                . = ALIGN (0x4)
                0x200008cc                __bss_start__ = .
                0x200008cc                _sbss = __bss_start__
 *(.bss*)
 .bss           0x200008cc        0x4 ..\obj\main.o
                0x200008cc                MSec
 .bss           0x200008d0        0x4 ..\obj\syscalls.o
 .bss.__malloc_max_total_mem
                0x200008d4        0x4 g:/iot/5.4 2016q2/bin/../lib/gcc/arm-none-eabi/5.4.1/../../../../arm-none-eabi/lib/armv6-m\libg.a(lib_a-mallocr.o)
                0x200008d4                __malloc_max_total_mem
 .bss.__malloc_max_sbrked_mem
                0x200008d8        0x4 g:/iot/5.4 2016q2/bin/../lib/gcc/arm-none-eabi/5.4.1/../../../../arm-none-eabi/lib/armv6-m\libg.a(lib_a-mallocr.o)
                0x200008d8                __malloc_max_sbrked_mem
 .bss.__malloc_top_pad
                0x200008dc        0x4 g:/iot/5.4 2016q2/bin/../lib/gcc/arm-none-eabi/5.4.1/../../../../arm-none-eabi/lib/armv6-m\libg.a(lib_a-mallocr.o)
                0x200008dc                __malloc_top_pad
 .bss.__malloc_current_mallinfo
                0x200008e0       0x28 g:/iot/5.4 2016q2/bin/../lib/gcc/arm-none-eabi/5.4.1/../../../../arm-none-eabi/lib/armv6-m\libg.a(lib_a-mallocr.o)
                0x200008e0                __malloc_current_mallinfo
 *(COMMON)
 COMMON         0x20000908        0x4 ..\obj\delay.o
                0x20000908                prescaler_ms
                0x2000090a                prescaler_us
 COMMON         0x2000090c        0x8 ..\obj\adc_photoresistor.o
                0x2000090c                LR_BLUE_active
                0x2000090e                LR_RED_active
                0x20000910                LR_BLUE_passive
                0x20000912                LR_RED_passive
 COMMON         0x20000914      0x114 ..\obj\main.o
                0x20000914                N
                0x20000918                recieveBuffer
                0x20000a18                G
                0x20000a20                msgLen
                0x20000a24                rbi
 COMMON         0x20000a28       0x94 ..\obj\APS.o
                0x20000a28                TB
                0x20000a34                list
                0x20000a94                Period
                0x20000a98                RC
 COMMON         0x20000abc        0x4 g:/iot/5.4 2016q2/bin/../lib/gcc/arm-none-eabi/5.4.1/../../../../arm-none-eabi/lib/armv6-m\libg.a(lib_a-reent.o)
                0x20000abc                errno
                0x20000ac0                . = ALIGN (0x4)
                0x20000ac0                __bss_end__ = .
                0x20000ac0                _ebss = __bss_end__

.heap           0x20000ac0        0x0
                0x20000ac0                __end__ = .
                0x20000ac0                _end = __end__
                0x20000ac0                end = __end__
 *(.heap*)
                0x20000ac0                __HeapLimit = .

.co_stack       0x20000ac0        0x0
                0x20000ac0                . = ALIGN (0x8)
 *(.co_stack .co_stack.*)
                0x20004000                __StackTop = (ORIGIN (ram) + LENGTH (ram))
                0x20004000                __StackLimit = (__StackTop - SIZEOF (.co_stack))
                [!provide]                PROVIDE (__stack, __StackTop)
                0x00000001                ASSERT ((__StackLimit >= __HeapLimit), region ram  overflowed with stack)
LOAD ..\obj\delay.o
LOAD ..\obj\adc_photoresistor.o
LOAD ..\obj\stm32f0xx_rcc.o
LOAD ..\obj\stm32f0xx_adc.o
LOAD ..\obj\systick_millis.o
LOAD ..\obj\main.o
LOAD ..\obj\startup_stm32f0xx.o
LOAD ..\obj\stm32f0xx_keypad_d1md1m.o
LOAD ..\obj\stm32f0xx_spi.o
LOAD ..\obj\stm32f0xx_i2c.o
LOAD ..\obj\APS.o
LOAD ..\obj\stm32f0xx_gpio.o
LOAD ..\obj\stm32f0xx_rtc.o
LOAD ..\obj\syscalls.o
LOAD ..\obj\stm32f0xx_usart.o
LOAD ..\obj\stm32f0xx_tim.o
LOAD ..\obj\system_stm32f0xx.o
LOAD ..\obj\stm32f0xx_gpio_init.o
LOAD ..\obj\stm32f0xx_exti.o
LOAD ..\obj\stm32f0xx_syscfg.o
LOAD ..\obj\stm32f0xx_can.o
LOAD ..\obj\stm32f0xx_misc.o
LOAD ..\obj\stm32f0xx_dac.o
LOAD ..\obj\i2c_lcd.o
START GROUP
LOAD g:/iot/5.4 2016q2/bin/../lib/gcc/arm-none-eabi/5.4.1/armv6-m\libgcc.a
LOAD g:/iot/5.4 2016q2/bin/../lib/gcc/arm-none-eabi/5.4.1/../../../../arm-none-eabi/lib/armv6-m\libg.a
LOAD g:/iot/5.4 2016q2/bin/../lib/gcc/arm-none-eabi/5.4.1/../../../../arm-none-eabi/lib/armv6-m\libc.a
END GROUP
OUTPUT(smart-aid.elf elf32-littlearm)

.debug_info     0x00000000     0x8489
 .debug_info    0x00000000      0x433 ..\obj\delay.o
 .debug_info    0x00000433      0x785 ..\obj\adc_photoresistor.o
 .debug_info    0x00000bb8      0xa41 ..\obj\stm32f0xx_rcc.o
 .debug_info    0x000015f9      0xb1a ..\obj\main.o
 .debug_info    0x00002113       0xa1 ..\obj\startup_stm32f0xx.o
 .debug_info    0x000021b4      0x456 ..\obj\stm32f0xx_keypad_d1md1m.o
 .debug_info    0x0000260a      0xbca ..\obj\stm32f0xx_i2c.o
 .debug_info    0x000031d4      0x8ab ..\obj\APS.o
 .debug_info    0x00003a7f      0x5e7 ..\obj\stm32f0xx_gpio.o
 .debug_info    0x00004066      0x58f ..\obj\syscalls.o
 .debug_info    0x000045f5      0xe4e ..\obj\stm32f0xx_usart.o
 .debug_info    0x00005443     0x1c6f ..\obj\stm32f0xx_tim.o
 .debug_info    0x000070b2      0x2aa ..\obj\system_stm32f0xx.o
 .debug_info    0x0000735c      0x66c ..\obj\stm32f0xx_gpio_init.o
 .debug_info    0x000079c8      0x36e ..\obj\stm32f0xx_misc.o
 .debug_info    0x00007d36      0x753 ..\obj\i2c_lcd.o

.debug_abbrev   0x00000000     0x18f1
 .debug_abbrev  0x00000000      0x118 ..\obj\delay.o
 .debug_abbrev  0x00000118      0x1ee ..\obj\adc_photoresistor.o
 .debug_abbrev  0x00000306      0x1ee ..\obj\stm32f0xx_rcc.o
 .debug_abbrev  0x000004f4      0x2f3 ..\obj\main.o
 .debug_abbrev  0x000007e7       0x12 ..\obj\startup_stm32f0xx.o
 .debug_abbrev  0x000007f9      0x188 ..\obj\stm32f0xx_keypad_d1md1m.o
 .debug_abbrev  0x00000981      0x187 ..\obj\stm32f0xx_i2c.o
 .debug_abbrev  0x00000b08      0x1ce ..\obj\APS.o
 .debug_abbrev  0x00000cd6      0x19f ..\obj\stm32f0xx_gpio.o
 .debug_abbrev  0x00000e75      0x170 ..\obj\syscalls.o
 .debug_abbrev  0x00000fe5      0x15e ..\obj\stm32f0xx_usart.o
 .debug_abbrev  0x00001143      0x1b7 ..\obj\stm32f0xx_tim.o
 .debug_abbrev  0x000012fa      0x104 ..\obj\system_stm32f0xx.o
 .debug_abbrev  0x000013fe      0x13c ..\obj\stm32f0xx_gpio_init.o
 .debug_abbrev  0x0000153a      0x145 ..\obj\stm32f0xx_misc.o
 .debug_abbrev  0x0000167f      0x272 ..\obj\i2c_lcd.o

.debug_aranges  0x00000000      0xb80
 .debug_aranges
                0x00000000       0x48 ..\obj\delay.o
 .debug_aranges
                0x00000048       0x88 ..\obj\adc_photoresistor.o
 .debug_aranges
                0x000000d0      0x160 ..\obj\stm32f0xx_rcc.o
 .debug_aranges
                0x00000230       0x70 ..\obj\main.o
 .debug_aranges
                0x000002a0       0x28 ..\obj\startup_stm32f0xx.o
 .debug_aranges
                0x000002c8       0x58 ..\obj\stm32f0xx_keypad_d1md1m.o
 .debug_aranges
                0x00000320      0x168 ..\obj\stm32f0xx_i2c.o
 .debug_aranges
                0x00000488       0x60 ..\obj\APS.o
 .debug_aranges
                0x000004e8       0x80 ..\obj\stm32f0xx_gpio.o
 .debug_aranges
                0x00000568       0x60 ..\obj\syscalls.o
 .debug_aranges
                0x000005c8      0x1a0 ..\obj\stm32f0xx_usart.o
 .debug_aranges
                0x00000768      0x300 ..\obj\stm32f0xx_tim.o
 .debug_aranges
                0x00000a68       0x30 ..\obj\system_stm32f0xx.o
 .debug_aranges
                0x00000a98       0x38 ..\obj\stm32f0xx_gpio_init.o
 .debug_aranges
                0x00000ad0       0x30 ..\obj\stm32f0xx_misc.o
 .debug_aranges
                0x00000b00       0x80 ..\obj\i2c_lcd.o

.debug_ranges   0x00000000      0xa88
 .debug_ranges  0x00000000       0x38 ..\obj\delay.o
 .debug_ranges  0x00000038       0x78 ..\obj\adc_photoresistor.o
 .debug_ranges  0x000000b0      0x150 ..\obj\stm32f0xx_rcc.o
 .debug_ranges  0x00000200       0x60 ..\obj\main.o
 .debug_ranges  0x00000260       0x20 ..\obj\startup_stm32f0xx.o
 .debug_ranges  0x00000280       0x48 ..\obj\stm32f0xx_keypad_d1md1m.o
 .debug_ranges  0x000002c8      0x158 ..\obj\stm32f0xx_i2c.o
 .debug_ranges  0x00000420       0x50 ..\obj\APS.o
 .debug_ranges  0x00000470       0x70 ..\obj\stm32f0xx_gpio.o
 .debug_ranges  0x000004e0       0x50 ..\obj\syscalls.o
 .debug_ranges  0x00000530      0x190 ..\obj\stm32f0xx_usart.o
 .debug_ranges  0x000006c0      0x2f0 ..\obj\stm32f0xx_tim.o
 .debug_ranges  0x000009b0       0x20 ..\obj\system_stm32f0xx.o
 .debug_ranges  0x000009d0       0x28 ..\obj\stm32f0xx_gpio_init.o
 .debug_ranges  0x000009f8       0x20 ..\obj\stm32f0xx_misc.o
 .debug_ranges  0x00000a18       0x70 ..\obj\i2c_lcd.o

.debug_line     0x00000000     0x3570
 .debug_line    0x00000000      0x1d1 ..\obj\delay.o
 .debug_line    0x000001d1      0x2db ..\obj\adc_photoresistor.o
 .debug_line    0x000004ac      0x50f ..\obj\stm32f0xx_rcc.o
 .debug_line    0x000009bb      0x39e ..\obj\main.o
 .debug_line    0x00000d59       0xa6 ..\obj\startup_stm32f0xx.o
 .debug_line    0x00000dff      0x230 ..\obj\stm32f0xx_keypad_d1md1m.o
 .debug_line    0x0000102f      0x4fe ..\obj\stm32f0xx_i2c.o
 .debug_line    0x0000152d      0x32c ..\obj\APS.o
 .debug_line    0x00001859      0x2b8 ..\obj\stm32f0xx_gpio.o
 .debug_line    0x00001b11      0x202 ..\obj\syscalls.o
 .debug_line    0x00001d13      0x5ad ..\obj\stm32f0xx_usart.o
 .debug_line    0x000022c0      0xa16 ..\obj\stm32f0xx_tim.o
 .debug_line    0x00002cd6      0x156 ..\obj\system_stm32f0xx.o
 .debug_line    0x00002e2c      0x23e ..\obj\stm32f0xx_gpio_init.o
 .debug_line    0x0000306a      0x1e0 ..\obj\stm32f0xx_misc.o
 .debug_line    0x0000324a      0x326 ..\obj\i2c_lcd.o

.debug_str      0x00000000     0x2f87
 .debug_str     0x00000000      0x2b1 ..\obj\delay.o
                                0x306 (size before relaxing)
 .debug_str     0x000002b1      0x367 ..\obj\adc_photoresistor.o
                                0x55d (size before relaxing)
 .debug_str     0x00000618      0x5a4 ..\obj\stm32f0xx_rcc.o
                                0x77b (size before relaxing)
 .debug_str     0x00000bbc      0x4b7 ..\obj\main.o
                                0x88f (size before relaxing)
 .debug_str     0x00001073       0xe6 ..\obj\stm32f0xx_keypad_d1md1m.o
                                0x3de (size before relaxing)
 .debug_str     0x00001159      0x48e ..\obj\stm32f0xx_i2c.o
                                0x631 (size before relaxing)
 .debug_str     0x000015e7      0x18d ..\obj\APS.o
                                0x70f (size before relaxing)
 .debug_str     0x00001774      0x186 ..\obj\stm32f0xx_gpio.o
                                0x483 (size before relaxing)
 .debug_str     0x000018fa      0x17a ..\obj\syscalls.o
                                0x397 (size before relaxing)
 .debug_str     0x00001a74      0x663 ..\obj\stm32f0xx_usart.o
                                0x96f (size before relaxing)
 .debug_str     0x000020d7      0xaa9 ..\obj\stm32f0xx_tim.o
                                0xdd5 (size before relaxing)
 .debug_str     0x00002b80       0x90 ..\obj\system_stm32f0xx.o
                                0x255 (size before relaxing)
 .debug_str     0x00002c10      0x1de ..\obj\stm32f0xx_gpio_init.o
                                0x75f (size before relaxing)
 .debug_str     0x00002dee       0xb4 ..\obj\stm32f0xx_misc.o
                                0x2ed (size before relaxing)
 .debug_str     0x00002ea2       0xe5 ..\obj\i2c_lcd.o
                                0x4f7 (size before relaxing)

.comment        0x00000000       0x6e
 .comment       0x00000000       0x6e ..\obj\delay.o
                                 0x6f (size before relaxing)
 .comment       0x0000006e       0x6f ..\obj\adc_photoresistor.o
 .comment       0x0000006e       0x6f ..\obj\stm32f0xx_rcc.o
 .comment       0x0000006e       0x6f ..\obj\main.o
 .comment       0x0000006e       0x6f ..\obj\stm32f0xx_keypad_d1md1m.o
 .comment       0x0000006e       0x6f ..\obj\stm32f0xx_i2c.o
 .comment       0x0000006e       0x6f ..\obj\APS.o
 .comment       0x0000006e       0x6f ..\obj\stm32f0xx_gpio.o
 .comment       0x0000006e       0x6f ..\obj\syscalls.o
 .comment       0x0000006e       0x6f ..\obj\stm32f0xx_usart.o
 .comment       0x0000006e       0x6f ..\obj\stm32f0xx_tim.o
 .comment       0x0000006e       0x6f ..\obj\system_stm32f0xx.o
 .comment       0x0000006e       0x6f ..\obj\stm32f0xx_gpio_init.o
 .comment       0x0000006e       0x6f ..\obj\stm32f0xx_misc.o
 .comment       0x0000006e       0x6f ..\obj\i2c_lcd.o

.ARM.attributes
                0x00000000       0x2f
 .ARM.attributes
                0x00000000       0x31 ..\obj\delay.o
 .ARM.attributes
                0x00000031       0x31 ..\obj\adc_photoresistor.o
 .ARM.attributes
                0x00000062       0x31 ..\obj\stm32f0xx_rcc.o
 .ARM.attributes
                0x00000093       0x31 ..\obj\main.o
 .ARM.attributes
                0x000000c4       0x21 ..\obj\startup_stm32f0xx.o
 .ARM.attributes
                0x000000e5       0x31 ..\obj\stm32f0xx_keypad_d1md1m.o
 .ARM.attributes
                0x00000116       0x31 ..\obj\stm32f0xx_i2c.o
 .ARM.attributes
                0x00000147       0x31 ..\obj\APS.o
 .ARM.attributes
                0x00000178       0x31 ..\obj\stm32f0xx_gpio.o
 .ARM.attributes
                0x000001a9       0x31 ..\obj\syscalls.o
 .ARM.attributes
                0x000001da       0x31 ..\obj\stm32f0xx_usart.o
 .ARM.attributes
                0x0000020b       0x31 ..\obj\stm32f0xx_tim.o
 .ARM.attributes
                0x0000023c       0x31 ..\obj\system_stm32f0xx.o
 .ARM.attributes
                0x0000026d       0x31 ..\obj\stm32f0xx_gpio_init.o
 .ARM.attributes
                0x0000029e       0x31 ..\obj\stm32f0xx_misc.o
 .ARM.attributes
                0x000002cf       0x31 ..\obj\i2c_lcd.o
 .ARM.attributes
                0x00000300       0x1e g:/iot/5.4 2016q2/bin/../lib/gcc/arm-none-eabi/5.4.1/armv6-m\libgcc.a(_udivsi3.o)
 .ARM.attributes
                0x0000031e       0x1e g:/iot/5.4 2016q2/bin/../lib/gcc/arm-none-eabi/5.4.1/armv6-m\libgcc.a(_divsi3.o)
 .ARM.attributes
                0x0000033c       0x1e g:/iot/5.4 2016q2/bin/../lib/gcc/arm-none-eabi/5.4.1/armv6-m\libgcc.a(_dvmd_tls.o)
 .ARM.attributes
                0x0000035a       0x2c g:/iot/5.4 2016q2/bin/../lib/gcc/arm-none-eabi/5.4.1/../../../../arm-none-eabi/lib/armv6-m\libg.a(lib_a-memcpy-stub.o)
 .ARM.attributes
                0x00000386       0x2c g:/iot/5.4 2016q2/bin/../lib/gcc/arm-none-eabi/5.4.1/../../../../arm-none-eabi/lib/armv6-m\libg.a(lib_a-printf.o)
 .ARM.attributes
                0x000003b2       0x2c g:/iot/5.4 2016q2/bin/../lib/gcc/arm-none-eabi/5.4.1/../../../../arm-none-eabi/lib/armv6-m\libg.a(lib_a-puts.o)
 .ARM.attributes
                0x000003de       0x2c g:/iot/5.4 2016q2/bin/../lib/gcc/arm-none-eabi/5.4.1/../../../../arm-none-eabi/lib/armv6-m\libg.a(lib_a-sprintf.o)
 .ARM.attributes
                0x0000040a       0x1b g:/iot/5.4 2016q2/bin/../lib/gcc/arm-none-eabi/5.4.1/../../../../arm-none-eabi/lib/armv6-m\libg.a(lib_a-strcmp.o)
 .ARM.attributes
                0x00000425       0x2c g:/iot/5.4 2016q2/bin/../lib/gcc/arm-none-eabi/5.4.1/../../../../arm-none-eabi/lib/armv6-m\libg.a(lib_a-strlen-stub.o)
 .ARM.attributes
                0x00000451       0x2c g:/iot/5.4 2016q2/bin/../lib/gcc/arm-none-eabi/5.4.1/../../../../arm-none-eabi/lib/armv6-m\libg.a(lib_a-svfprintf.o)
 .ARM.attributes
                0x0000047d       0x2c g:/iot/5.4 2016q2/bin/../lib/gcc/arm-none-eabi/5.4.1/../../../../arm-none-eabi/lib/armv6-m\libg.a(lib_a-vfprintf.o)
 .ARM.attributes
                0x000004a9       0x2c g:/iot/5.4 2016q2/bin/../lib/gcc/arm-none-eabi/5.4.1/../../../../arm-none-eabi/lib/armv6-m\libg.a(lib_a-wsetup.o)
 .ARM.attributes
                0x000004d5       0x2c g:/iot/5.4 2016q2/bin/../lib/gcc/arm-none-eabi/5.4.1/../../../../arm-none-eabi/lib/armv6-m\libg.a(lib_a-dtoa.o)
 .ARM.attributes
                0x00000501       0x2c g:/iot/5.4 2016q2/bin/../lib/gcc/arm-none-eabi/5.4.1/../../../../arm-none-eabi/lib/armv6-m\libg.a(lib_a-fflush.o)
 .ARM.attributes
                0x0000052d       0x2c g:/iot/5.4 2016q2/bin/../lib/gcc/arm-none-eabi/5.4.1/../../../../arm-none-eabi/lib/armv6-m\libg.a(lib_a-findfp.o)
 .ARM.attributes
                0x00000559       0x2c g:/iot/5.4 2016q2/bin/../lib/gcc/arm-none-eabi/5.4.1/../../../../arm-none-eabi/lib/armv6-m\libg.a(lib_a-freer.o)
 .ARM.attributes
                0x00000585       0x2c g:/iot/5.4 2016q2/bin/../lib/gcc/arm-none-eabi/5.4.1/../../../../arm-none-eabi/lib/armv6-m\libg.a(lib_a-fvwrite.o)
 .ARM.attributes
                0x000005b1       0x2c g:/iot/5.4 2016q2/bin/../lib/gcc/arm-none-eabi/5.4.1/../../../../arm-none-eabi/lib/armv6-m\libg.a(lib_a-fwalk.o)
 .ARM.attributes
                0x000005dd       0x2c g:/iot/5.4 2016q2/bin/../lib/gcc/arm-none-eabi/5.4.1/../../../../arm-none-eabi/lib/armv6-m\libg.a(lib_a-impure.o)
 .ARM.attributes
                0x00000609       0x2c g:/iot/5.4 2016q2/bin/../lib/gcc/arm-none-eabi/5.4.1/../../../../arm-none-eabi/lib/armv6-m\libg.a(lib_a-locale.o)
 .ARM.attributes
                0x00000635       0x2c g:/iot/5.4 2016q2/bin/../lib/gcc/arm-none-eabi/5.4.1/../../../../arm-none-eabi/lib/armv6-m\libg.a(lib_a-makebuf.o)
 .ARM.attributes
                0x00000661       0x2c g:/iot/5.4 2016q2/bin/../lib/gcc/arm-none-eabi/5.4.1/../../../../arm-none-eabi/lib/armv6-m\libg.a(lib_a-mallocr.o)
 .ARM.attributes
                0x0000068d       0x2c g:/iot/5.4 2016q2/bin/../lib/gcc/arm-none-eabi/5.4.1/../../../../arm-none-eabi/lib/armv6-m\libg.a(lib_a-memchr-stub.o)
 .ARM.attributes
                0x000006b9       0x2c g:/iot/5.4 2016q2/bin/../lib/gcc/arm-none-eabi/5.4.1/../../../../arm-none-eabi/lib/armv6-m\libg.a(lib_a-memmove.o)
 .ARM.attributes
                0x000006e5       0x2c g:/iot/5.4 2016q2/bin/../lib/gcc/arm-none-eabi/5.4.1/../../../../arm-none-eabi/lib/armv6-m\libg.a(lib_a-memset.o)
 .ARM.attributes
                0x00000711       0x2c g:/iot/5.4 2016q2/bin/../lib/gcc/arm-none-eabi/5.4.1/../../../../arm-none-eabi/lib/armv6-m\libg.a(lib_a-mlock.o)
 .ARM.attributes
                0x0000073d       0x2c g:/iot/5.4 2016q2/bin/../lib/gcc/arm-none-eabi/5.4.1/../../../../arm-none-eabi/lib/armv6-m\libg.a(lib_a-mprec.o)
 .ARM.attributes
                0x00000769       0x2c g:/iot/5.4 2016q2/bin/../lib/gcc/arm-none-eabi/5.4.1/../../../../arm-none-eabi/lib/armv6-m\libg.a(lib_a-reallocr.o)
 .ARM.attributes
                0x00000795       0x2c g:/iot/5.4 2016q2/bin/../lib/gcc/arm-none-eabi/5.4.1/../../../../arm-none-eabi/lib/armv6-m\libg.a(lib_a-sbrkr.o)
 .ARM.attributes
                0x000007c1       0x2c g:/iot/5.4 2016q2/bin/../lib/gcc/arm-none-eabi/5.4.1/../../../../arm-none-eabi/lib/armv6-m\libg.a(lib_a-stdio.o)
 .ARM.attributes
                0x000007ed       0x2c g:/iot/5.4 2016q2/bin/../lib/gcc/arm-none-eabi/5.4.1/../../../../arm-none-eabi/lib/armv6-m\libg.a(lib_a-svfiprintf.o)
 .ARM.attributes
                0x00000819       0x2c g:/iot/5.4 2016q2/bin/../lib/gcc/arm-none-eabi/5.4.1/../../../../arm-none-eabi/lib/armv6-m\libg.a(lib_a-vfiprintf.o)
 .ARM.attributes
                0x00000845       0x2c g:/iot/5.4 2016q2/bin/../lib/gcc/arm-none-eabi/5.4.1/../../../../arm-none-eabi/lib/armv6-m\libg.a(lib_a-writer.o)
 .ARM.attributes
                0x00000871       0x2c g:/iot/5.4 2016q2/bin/../lib/gcc/arm-none-eabi/5.4.1/../../../../arm-none-eabi/lib/armv6-m\libg.a(lib_a-callocr.o)
 .ARM.attributes
                0x0000089d       0x2c g:/iot/5.4 2016q2/bin/../lib/gcc/arm-none-eabi/5.4.1/../../../../arm-none-eabi/lib/armv6-m\libg.a(lib_a-closer.o)
 .ARM.attributes
                0x000008c9       0x2c g:/iot/5.4 2016q2/bin/../lib/gcc/arm-none-eabi/5.4.1/../../../../arm-none-eabi/lib/armv6-m\libg.a(lib_a-fclose.o)
 .ARM.attributes
                0x000008f5       0x2c g:/iot/5.4 2016q2/bin/../lib/gcc/arm-none-eabi/5.4.1/../../../../arm-none-eabi/lib/armv6-m\libg.a(lib_a-fputwc.o)
 .ARM.attributes
                0x00000921       0x2c g:/iot/5.4 2016q2/bin/../lib/gcc/arm-none-eabi/5.4.1/../../../../arm-none-eabi/lib/armv6-m\libg.a(lib_a-fstatr.o)
 .ARM.attributes
                0x0000094d       0x2c g:/iot/5.4 2016q2/bin/../lib/gcc/arm-none-eabi/5.4.1/../../../../arm-none-eabi/lib/armv6-m\libg.a(lib_a-isattyr.o)
 .ARM.attributes
                0x00000979       0x2c g:/iot/5.4 2016q2/bin/../lib/gcc/arm-none-eabi/5.4.1/../../../../arm-none-eabi/lib/armv6-m\libg.a(lib_a-lseekr.o)
 .ARM.attributes
                0x000009a5       0x2c g:/iot/5.4 2016q2/bin/../lib/gcc/arm-none-eabi/5.4.1/../../../../arm-none-eabi/lib/armv6-m\libg.a(lib_a-readr.o)
 .ARM.attributes
                0x000009d1       0x2c g:/iot/5.4 2016q2/bin/../lib/gcc/arm-none-eabi/5.4.1/../../../../arm-none-eabi/lib/armv6-m\libg.a(lib_a-reent.o)
 .ARM.attributes
                0x000009fd       0x2c g:/iot/5.4 2016q2/bin/../lib/gcc/arm-none-eabi/5.4.1/../../../../arm-none-eabi/lib/armv6-m\libg.a(lib_a-wbuf.o)
 .ARM.attributes
                0x00000a29       0x2c g:/iot/5.4 2016q2/bin/../lib/gcc/arm-none-eabi/5.4.1/../../../../arm-none-eabi/lib/armv6-m\libg.a(lib_a-wcrtomb.o)
 .ARM.attributes
                0x00000a55       0x2c g:/iot/5.4 2016q2/bin/../lib/gcc/arm-none-eabi/5.4.1/../../../../arm-none-eabi/lib/armv6-m\libg.a(lib_a-wctomb_r.o)
 .ARM.attributes
                0x00000a81       0x1e g:/iot/5.4 2016q2/bin/../lib/gcc/arm-none-eabi/5.4.1/armv6-m\libgcc.a(_arm_cmpdf2.o)
 .ARM.attributes
                0x00000a9f       0x1e g:/iot/5.4 2016q2/bin/../lib/gcc/arm-none-eabi/5.4.1/armv6-m\libgcc.a(_aeabi_uldivmod.o)
 .ARM.attributes
                0x00000abd       0x2c g:/iot/5.4 2016q2/bin/../lib/gcc/arm-none-eabi/5.4.1/armv6-m\libgcc.a(_udivmoddi4.o)
 .ARM.attributes
                0x00000ae9       0x2c g:/iot/5.4 2016q2/bin/../lib/gcc/arm-none-eabi/5.4.1/armv6-m\libgcc.a(adddf3.o)
 .ARM.attributes
                0x00000b15       0x2c g:/iot/5.4 2016q2/bin/../lib/gcc/arm-none-eabi/5.4.1/armv6-m\libgcc.a(divdf3.o)
 .ARM.attributes
                0x00000b41       0x2c g:/iot/5.4 2016q2/bin/../lib/gcc/arm-none-eabi/5.4.1/armv6-m\libgcc.a(eqdf2.o)
 .ARM.attributes
                0x00000b6d       0x2c g:/iot/5.4 2016q2/bin/../lib/gcc/arm-none-eabi/5.4.1/armv6-m\libgcc.a(gedf2.o)
 .ARM.attributes
                0x00000b99       0x2c g:/iot/5.4 2016q2/bin/../lib/gcc/arm-none-eabi/5.4.1/armv6-m\libgcc.a(ledf2.o)
 .ARM.attributes
                0x00000bc5       0x2c g:/iot/5.4 2016q2/bin/../lib/gcc/arm-none-eabi/5.4.1/armv6-m\libgcc.a(muldf3.o)
 .ARM.attributes
                0x00000bf1       0x2c g:/iot/5.4 2016q2/bin/../lib/gcc/arm-none-eabi/5.4.1/armv6-m\libgcc.a(subdf3.o)
 .ARM.attributes
                0x00000c1d       0x2c g:/iot/5.4 2016q2/bin/../lib/gcc/arm-none-eabi/5.4.1/armv6-m\libgcc.a(unorddf2.o)
 .ARM.attributes
                0x00000c49       0x2c g:/iot/5.4 2016q2/bin/../lib/gcc/arm-none-eabi/5.4.1/armv6-m\libgcc.a(fixdfsi.o)
 .ARM.attributes
                0x00000c75       0x2c g:/iot/5.4 2016q2/bin/../lib/gcc/arm-none-eabi/5.4.1/armv6-m\libgcc.a(floatsidf.o)
 .ARM.attributes
                0x00000ca1       0x2c g:/iot/5.4 2016q2/bin/../lib/gcc/arm-none-eabi/5.4.1/armv6-m\libgcc.a(floatunsidf.o)
 .ARM.attributes
                0x00000ccd       0x1e g:/iot/5.4 2016q2/bin/../lib/gcc/arm-none-eabi/5.4.1/armv6-m\libgcc.a(_clzsi2.o)
 .ARM.attributes
                0x00000ceb       0x1e g:/iot/5.4 2016q2/bin/../lib/gcc/arm-none-eabi/5.4.1/armv6-m\libgcc.a(_clzdi2.o)

.debug_frame    0x00000000     0x39b4
 .debug_frame   0x00000000       0xc8 ..\obj\delay.o
 .debug_frame   0x000000c8      0x1b8 ..\obj\adc_photoresistor.o
 .debug_frame   0x00000280      0x524 ..\obj\stm32f0xx_rcc.o
 .debug_frame   0x000007a4      0x16c ..\obj\main.o
 .debug_frame   0x00000910      0x10c ..\obj\stm32f0xx_keypad_d1md1m.o
 .debug_frame   0x00000a1c      0x550 ..\obj\stm32f0xx_i2c.o
 .debug_frame   0x00000f6c      0x128 ..\obj\APS.o
 .debug_frame   0x00001094      0x1b0 ..\obj\stm32f0xx_gpio.o
 .debug_frame   0x00001244      0x12c ..\obj\syscalls.o
 .debug_frame   0x00001370      0x630 ..\obj\stm32f0xx_usart.o
 .debug_frame   0x000019a0      0xbb0 ..\obj\stm32f0xx_tim.o
 .debug_frame   0x00002550       0x68 ..\obj\system_stm32f0xx.o
 .debug_frame   0x000025b8       0x90 ..\obj\stm32f0xx_gpio_init.o
 .debug_frame   0x00002648       0x70 ..\obj\stm32f0xx_misc.o
 .debug_frame   0x000026b8      0x1a0 ..\obj\i2c_lcd.o
 .debug_frame   0x00002858       0x20 g:/iot/5.4 2016q2/bin/../lib/gcc/arm-none-eabi/5.4.1/armv6-m\libgcc.a(_udivsi3.o)
 .debug_frame   0x00002878       0x20 g:/iot/5.4 2016q2/bin/../lib/gcc/arm-none-eabi/5.4.1/armv6-m\libgcc.a(_divsi3.o)
 .debug_frame   0x00002898       0x2c g:/iot/5.4 2016q2/bin/../lib/gcc/arm-none-eabi/5.4.1/../../../../arm-none-eabi/lib/armv6-m\libg.a(lib_a-memcpy-stub.o)
 .debug_frame   0x000028c4       0x48 g:/iot/5.4 2016q2/bin/../lib/gcc/arm-none-eabi/5.4.1/../../../../arm-none-eabi/lib/armv6-m\libg.a(lib_a-printf.o)
 .debug_frame   0x0000290c       0x44 g:/iot/5.4 2016q2/bin/../lib/gcc/arm-none-eabi/5.4.1/../../../../arm-none-eabi/lib/armv6-m\libg.a(lib_a-puts.o)
 .debug_frame   0x00002950       0x50 g:/iot/5.4 2016q2/bin/../lib/gcc/arm-none-eabi/5.4.1/../../../../arm-none-eabi/lib/armv6-m\libg.a(lib_a-sprintf.o)
 .debug_frame   0x000029a0       0x20 g:/iot/5.4 2016q2/bin/../lib/gcc/arm-none-eabi/5.4.1/../../../../arm-none-eabi/lib/armv6-m\libg.a(lib_a-strcmp.o)
 .debug_frame   0x000029c0       0x28 g:/iot/5.4 2016q2/bin/../lib/gcc/arm-none-eabi/5.4.1/../../../../arm-none-eabi/lib/armv6-m\libg.a(lib_a-strlen-stub.o)
 .debug_frame   0x000029e8       0x3c g:/iot/5.4 2016q2/bin/../lib/gcc/arm-none-eabi/5.4.1/../../../../arm-none-eabi/lib/armv6-m\libg.a(lib_a-svfprintf.o)
 .debug_frame   0x00002a24       0x74 g:/iot/5.4 2016q2/bin/../lib/gcc/arm-none-eabi/5.4.1/../../../../arm-none-eabi/lib/armv6-m\libg.a(lib_a-vfprintf.o)
 .debug_frame   0x00002a98       0x2c g:/iot/5.4 2016q2/bin/../lib/gcc/arm-none-eabi/5.4.1/../../../../arm-none-eabi/lib/armv6-m\libg.a(lib_a-wsetup.o)
 .debug_frame   0x00002ac4       0x68 g:/iot/5.4 2016q2/bin/../lib/gcc/arm-none-eabi/5.4.1/../../../../arm-none-eabi/lib/armv6-m\libg.a(lib_a-dtoa.o)
 .debug_frame   0x00002b2c       0x68 g:/iot/5.4 2016q2/bin/../lib/gcc/arm-none-eabi/5.4.1/../../../../arm-none-eabi/lib/armv6-m\libg.a(lib_a-fflush.o)
 .debug_frame   0x00002b94      0x14c g:/iot/5.4 2016q2/bin/../lib/gcc/arm-none-eabi/5.4.1/../../../../arm-none-eabi/lib/armv6-m\libg.a(lib_a-findfp.o)
 .debug_frame   0x00002ce0       0x54 g:/iot/5.4 2016q2/bin/../lib/gcc/arm-none-eabi/5.4.1/../../../../arm-none-eabi/lib/armv6-m\libg.a(lib_a-freer.o)
 .debug_frame   0x00002d34       0x3c g:/iot/5.4 2016q2/bin/../lib/gcc/arm-none-eabi/5.4.1/../../../../arm-none-eabi/lib/armv6-m\libg.a(lib_a-fvwrite.o)
 .debug_frame   0x00002d70       0x5c g:/iot/5.4 2016q2/bin/../lib/gcc/arm-none-eabi/5.4.1/../../../../arm-none-eabi/lib/armv6-m\libg.a(lib_a-fwalk.o)
 .debug_frame   0x00002dcc       0xa4 g:/iot/5.4 2016q2/bin/../lib/gcc/arm-none-eabi/5.4.1/../../../../arm-none-eabi/lib/armv6-m\libg.a(lib_a-locale.o)
 .debug_frame   0x00002e70       0x50 g:/iot/5.4 2016q2/bin/../lib/gcc/arm-none-eabi/5.4.1/../../../../arm-none-eabi/lib/armv6-m\libg.a(lib_a-makebuf.o)
 .debug_frame   0x00002ec0       0x3c g:/iot/5.4 2016q2/bin/../lib/gcc/arm-none-eabi/5.4.1/../../../../arm-none-eabi/lib/armv6-m\libg.a(lib_a-mallocr.o)
 .debug_frame   0x00002efc       0x2c g:/iot/5.4 2016q2/bin/../lib/gcc/arm-none-eabi/5.4.1/../../../../arm-none-eabi/lib/armv6-m\libg.a(lib_a-memchr-stub.o)
 .debug_frame   0x00002f28       0x2c g:/iot/5.4 2016q2/bin/../lib/gcc/arm-none-eabi/5.4.1/../../../../arm-none-eabi/lib/armv6-m\libg.a(lib_a-memmove.o)
 .debug_frame   0x00002f54       0x2c g:/iot/5.4 2016q2/bin/../lib/gcc/arm-none-eabi/5.4.1/../../../../arm-none-eabi/lib/armv6-m\libg.a(lib_a-memset.o)
 .debug_frame   0x00002f80       0x30 g:/iot/5.4 2016q2/bin/../lib/gcc/arm-none-eabi/5.4.1/../../../../arm-none-eabi/lib/armv6-m\libg.a(lib_a-mlock.o)
 .debug_frame   0x00002fb0      0x258 g:/iot/5.4 2016q2/bin/../lib/gcc/arm-none-eabi/5.4.1/../../../../arm-none-eabi/lib/armv6-m\libg.a(lib_a-mprec.o)
 .debug_frame   0x00003208       0x3c g:/iot/5.4 2016q2/bin/../lib/gcc/arm-none-eabi/5.4.1/../../../../arm-none-eabi/lib/armv6-m\libg.a(lib_a-reallocr.o)
 .debug_frame   0x00003244       0x2c g:/iot/5.4 2016q2/bin/../lib/gcc/arm-none-eabi/5.4.1/../../../../arm-none-eabi/lib/armv6-m\libg.a(lib_a-sbrkr.o)
 .debug_frame   0x00003270       0x90 g:/iot/5.4 2016q2/bin/../lib/gcc/arm-none-eabi/5.4.1/../../../../arm-none-eabi/lib/armv6-m\libg.a(lib_a-stdio.o)
 .debug_frame   0x00003300       0x68 g:/iot/5.4 2016q2/bin/../lib/gcc/arm-none-eabi/5.4.1/../../../../arm-none-eabi/lib/armv6-m\libg.a(lib_a-svfiprintf.o)
 .debug_frame   0x00003368       0xb4 g:/iot/5.4 2016q2/bin/../lib/gcc/arm-none-eabi/5.4.1/../../../../arm-none-eabi/lib/armv6-m\libg.a(lib_a-vfiprintf.o)
 .debug_frame   0x0000341c       0x2c g:/iot/5.4 2016q2/bin/../lib/gcc/arm-none-eabi/5.4.1/../../../../arm-none-eabi/lib/armv6-m\libg.a(lib_a-writer.o)
 .debug_frame   0x00003448       0x28 g:/iot/5.4 2016q2/bin/../lib/gcc/arm-none-eabi/5.4.1/../../../../arm-none-eabi/lib/armv6-m\libg.a(lib_a-callocr.o)
 .debug_frame   0x00003470       0x2c g:/iot/5.4 2016q2/bin/../lib/gcc/arm-none-eabi/5.4.1/../../../../arm-none-eabi/lib/armv6-m\libg.a(lib_a-closer.o)
 .debug_frame   0x0000349c       0x44 g:/iot/5.4 2016q2/bin/../lib/gcc/arm-none-eabi/5.4.1/../../../../arm-none-eabi/lib/armv6-m\libg.a(lib_a-fclose.o)
 .debug_frame   0x000034e0       0x6c g:/iot/5.4 2016q2/bin/../lib/gcc/arm-none-eabi/5.4.1/../../../../arm-none-eabi/lib/armv6-m\libg.a(lib_a-fputwc.o)
 .debug_frame   0x0000354c       0x2c g:/iot/5.4 2016q2/bin/../lib/gcc/arm-none-eabi/5.4.1/../../../../arm-none-eabi/lib/armv6-m\libg.a(lib_a-fstatr.o)
 .debug_frame   0x00003578       0x2c g:/iot/5.4 2016q2/bin/../lib/gcc/arm-none-eabi/5.4.1/../../../../arm-none-eabi/lib/armv6-m\libg.a(lib_a-isattyr.o)
 .debug_frame   0x000035a4       0x2c g:/iot/5.4 2016q2/bin/../lib/gcc/arm-none-eabi/5.4.1/../../../../arm-none-eabi/lib/armv6-m\libg.a(lib_a-lseekr.o)
 .debug_frame   0x000035d0       0x2c g:/iot/5.4 2016q2/bin/../lib/gcc/arm-none-eabi/5.4.1/../../../../arm-none-eabi/lib/armv6-m\libg.a(lib_a-readr.o)
 .debug_frame   0x000035fc       0x48 g:/iot/5.4 2016q2/bin/../lib/gcc/arm-none-eabi/5.4.1/../../../../arm-none-eabi/lib/armv6-m\libg.a(lib_a-reent.o)
 .debug_frame   0x00003644       0x48 g:/iot/5.4 2016q2/bin/../lib/gcc/arm-none-eabi/5.4.1/../../../../arm-none-eabi/lib/armv6-m\libg.a(lib_a-wbuf.o)
 .debug_frame   0x0000368c       0x60 g:/iot/5.4 2016q2/bin/../lib/gcc/arm-none-eabi/5.4.1/../../../../arm-none-eabi/lib/armv6-m\libg.a(lib_a-wcrtomb.o)
 .debug_frame   0x000036ec       0x48 g:/iot/5.4 2016q2/bin/../lib/gcc/arm-none-eabi/5.4.1/../../../../arm-none-eabi/lib/armv6-m\libg.a(lib_a-wctomb_r.o)
 .debug_frame   0x00003734       0x3c g:/iot/5.4 2016q2/bin/../lib/gcc/arm-none-eabi/5.4.1/armv6-m\libgcc.a(_udivmoddi4.o)
 .debug_frame   0x00003770       0x3c g:/iot/5.4 2016q2/bin/../lib/gcc/arm-none-eabi/5.4.1/armv6-m\libgcc.a(adddf3.o)
 .debug_frame   0x000037ac       0x3c g:/iot/5.4 2016q2/bin/../lib/gcc/arm-none-eabi/5.4.1/armv6-m\libgcc.a(divdf3.o)
 .debug_frame   0x000037e8       0x38 g:/iot/5.4 2016q2/bin/../lib/gcc/arm-none-eabi/5.4.1/armv6-m\libgcc.a(eqdf2.o)
 .debug_frame   0x00003820       0x38 g:/iot/5.4 2016q2/bin/../lib/gcc/arm-none-eabi/5.4.1/armv6-m\libgcc.a(gedf2.o)
 .debug_frame   0x00003858       0x38 g:/iot/5.4 2016q2/bin/../lib/gcc/arm-none-eabi/5.4.1/armv6-m\libgcc.a(ledf2.o)
 .debug_frame   0x00003890       0x3c g:/iot/5.4 2016q2/bin/../lib/gcc/arm-none-eabi/5.4.1/armv6-m\libgcc.a(muldf3.o)
 .debug_frame   0x000038cc       0x38 g:/iot/5.4 2016q2/bin/../lib/gcc/arm-none-eabi/5.4.1/armv6-m\libgcc.a(subdf3.o)
 .debug_frame   0x00003904       0x2c g:/iot/5.4 2016q2/bin/../lib/gcc/arm-none-eabi/5.4.1/armv6-m\libgcc.a(unorddf2.o)
 .debug_frame   0x00003930       0x2c g:/iot/5.4 2016q2/bin/../lib/gcc/arm-none-eabi/5.4.1/armv6-m\libgcc.a(fixdfsi.o)
 .debug_frame   0x0000395c       0x2c g:/iot/5.4 2016q2/bin/../lib/gcc/arm-none-eabi/5.4.1/armv6-m\libgcc.a(floatsidf.o)
 .debug_frame   0x00003988       0x2c g:/iot/5.4 2016q2/bin/../lib/gcc/arm-none-eabi/5.4.1/armv6-m\libgcc.a(floatunsidf.o)
