Archive member included to satisfy reference by file (symbol)

c:/program files (x86)/gnu tools arm embedded/6 2017-q2-update/bin/../lib/gcc/arm-none-eabi/6.3.1/thumb/v6-m\libgcc.a(_udivsi3.o)
                              ..\obj\stm32f0xx_rcc.o (__aeabi_uidiv)
c:/program files (x86)/gnu tools arm embedded/6 2017-q2-update/bin/../lib/gcc/arm-none-eabi/6.3.1/thumb/v6-m\libgcc.a(_divsi3.o)
                              ..\obj\APS.o (__aeabi_idiv)
c:/program files (x86)/gnu tools arm embedded/6 2017-q2-update/bin/../lib/gcc/arm-none-eabi/6.3.1/thumb/v6-m\libgcc.a(_dvmd_tls.o)
                              c:/program files (x86)/gnu tools arm embedded/6 2017-q2-update/bin/../lib/gcc/arm-none-eabi/6.3.1/thumb/v6-m\libgcc.a(_udivsi3.o) (__aeabi_idiv0)

Allocating common symbols
Common symbol       size              file

N                   0x3               ..\obj\APS.o
TB                  0xc               ..\obj\APS.o
list                0x60              ..\obj\APS.o
G                   0x8               ..\obj\main.o
Period              0x4               ..\obj\APS.o
RC                  0x24              ..\obj\APS.o

Discarded input sections

 .text          0x00000000        0x0 ..\obj\stm32f0xx_rcc.o
 .bss           0x00000000        0x0 ..\obj\stm32f0xx_rcc.o
 .text.RCC_DeInit
                0x00000000       0x88 ..\obj\stm32f0xx_rcc.o
 .text.RCC_HSEConfig
                0x00000000       0x28 ..\obj\stm32f0xx_rcc.o
 .text.RCC_WaitForHSEStartUp
                0x00000000       0x5e ..\obj\stm32f0xx_rcc.o
 .text.RCC_AdjustHSICalibrationValue
                0x00000000       0x3c ..\obj\stm32f0xx_rcc.o
 .text.RCC_HSICmd
                0x00000000       0x3c ..\obj\stm32f0xx_rcc.o
 .text.RCC_AdjustHSI14CalibrationValue
                0x00000000       0x3c ..\obj\stm32f0xx_rcc.o
 .text.RCC_HSI14Cmd
                0x00000000       0x3c ..\obj\stm32f0xx_rcc.o
 .text.RCC_HSI14ADCRequestCmd
                0x00000000       0x3c ..\obj\stm32f0xx_rcc.o
 .text.RCC_LSEConfig
                0x00000000       0x38 ..\obj\stm32f0xx_rcc.o
 .text.RCC_LSEDriveConfig
                0x00000000       0x2c ..\obj\stm32f0xx_rcc.o
 .text.RCC_LSICmd
                0x00000000       0x3c ..\obj\stm32f0xx_rcc.o
 .text.RCC_PLLConfig
                0x00000000       0x38 ..\obj\stm32f0xx_rcc.o
 .text.RCC_PLLCmd
                0x00000000       0x40 ..\obj\stm32f0xx_rcc.o
 .text.RCC_HSI48Cmd
                0x00000000       0x40 ..\obj\stm32f0xx_rcc.o
 .text.RCC_PREDIV1Config
                0x00000000       0x34 ..\obj\stm32f0xx_rcc.o
 .text.RCC_ClockSecuritySystemCmd
                0x00000000       0x40 ..\obj\stm32f0xx_rcc.o
 .text.RCC_MCOConfig
                0x00000000       0x44 ..\obj\stm32f0xx_rcc.o
 .text.RCC_SYSCLKConfig
                0x00000000       0x34 ..\obj\stm32f0xx_rcc.o
 .text.RCC_GetSYSCLKSource
                0x00000000       0x1c ..\obj\stm32f0xx_rcc.o
 .text.RCC_HCLKConfig
                0x00000000       0x34 ..\obj\stm32f0xx_rcc.o
 .text.RCC_PCLKConfig
                0x00000000       0x38 ..\obj\stm32f0xx_rcc.o
 .text.RCC_ADCCLKConfig
                0x00000000       0x54 ..\obj\stm32f0xx_rcc.o
 .text.RCC_CECCLKConfig
                0x00000000       0x2c ..\obj\stm32f0xx_rcc.o
 .text.RCC_I2CCLKConfig
                0x00000000       0x2c ..\obj\stm32f0xx_rcc.o
 .text.RCC_USARTCLKConfig
                0x00000000       0x50 ..\obj\stm32f0xx_rcc.o
 .text.RCC_USBCLKConfig
                0x00000000       0x2c ..\obj\stm32f0xx_rcc.o
 .text.RCC_RTCCLKConfig
                0x00000000       0x20 ..\obj\stm32f0xx_rcc.o
 .text.RCC_RTCCLKCmd
                0x00000000       0x40 ..\obj\stm32f0xx_rcc.o
 .text.RCC_BackupResetCmd
                0x00000000       0x40 ..\obj\stm32f0xx_rcc.o
 .text.RCC_APB2PeriphClockCmd
                0x00000000       0x40 ..\obj\stm32f0xx_rcc.o
 .text.RCC_AHBPeriphResetCmd
                0x00000000       0x40 ..\obj\stm32f0xx_rcc.o
 .text.RCC_APB2PeriphResetCmd
                0x00000000       0x40 ..\obj\stm32f0xx_rcc.o
 .text.RCC_APB1PeriphResetCmd
                0x00000000       0x40 ..\obj\stm32f0xx_rcc.o
 .text.RCC_ITConfig
                0x00000000       0x50 ..\obj\stm32f0xx_rcc.o
 .text.RCC_GetFlagStatus
                0x00000000       0x94 ..\obj\stm32f0xx_rcc.o
 .text.RCC_ClearFlag
                0x00000000       0x1c ..\obj\stm32f0xx_rcc.o
 .text.RCC_GetITStatus
                0x00000000       0x44 ..\obj\stm32f0xx_rcc.o
 .text.RCC_ClearITPendingBit
                0x00000000       0x20 ..\obj\stm32f0xx_rcc.o
 .text          0x00000000        0x0 ..\obj\main.o
 .data          0x00000000        0x0 ..\obj\main.o
 .text          0x00000000       0x14 ..\obj\startup_stm32f0xx.o
 .data          0x00000000        0x0 ..\obj\startup_stm32f0xx.o
 .bss           0x00000000        0x0 ..\obj\startup_stm32f0xx.o
 .text          0x00000000        0x0 ..\obj\APS.o
 .bss           0x00000000        0x0 ..\obj\APS.o
 .text.APS_DeletePin
                0x00000000       0x80 ..\obj\APS.o
 .text.APS_SetPositionPercent
                0x00000000       0x7a ..\obj\APS.o
 .text          0x00000000        0x0 ..\obj\stm32f0xx_gpio.o
 .data          0x00000000        0x0 ..\obj\stm32f0xx_gpio.o
 .bss           0x00000000        0x0 ..\obj\stm32f0xx_gpio.o
 .text.GPIO_DeInit
                0x00000000       0xf0 ..\obj\stm32f0xx_gpio.o
 .text.GPIO_StructInit
                0x00000000       0x34 ..\obj\stm32f0xx_gpio.o
 .text.GPIO_PinLockConfig
                0x00000000       0x46 ..\obj\stm32f0xx_gpio.o
 .text.GPIO_ReadInputDataBit
                0x00000000       0x48 ..\obj\stm32f0xx_gpio.o
 .text.GPIO_ReadInputData
                0x00000000       0x16 ..\obj\stm32f0xx_gpio.o
 .text.GPIO_ReadOutputDataBit
                0x00000000       0x48 ..\obj\stm32f0xx_gpio.o
 .text.GPIO_ReadOutputData
                0x00000000       0x16 ..\obj\stm32f0xx_gpio.o
 .text.GPIO_WriteBit
                0x00000000       0x3a ..\obj\stm32f0xx_gpio.o
 .text.GPIO_Write
                0x00000000       0x1e ..\obj\stm32f0xx_gpio.o
 .text.GPIO_PinAFConfig
                0x00000000       0xa4 ..\obj\stm32f0xx_gpio.o
 .text          0x00000000        0x0 ..\obj\stm32f0xx_tim.o
 .data          0x00000000        0x0 ..\obj\stm32f0xx_tim.o
 .bss           0x00000000        0x0 ..\obj\stm32f0xx_tim.o
 .text.TIM_DeInit
                0x00000000      0x124 ..\obj\stm32f0xx_tim.o
 .text.TIM_TimeBaseStructInit
                0x00000000       0x30 ..\obj\stm32f0xx_tim.o
 .text.TIM_PrescalerConfig
                0x00000000       0x30 ..\obj\stm32f0xx_tim.o
 .text.TIM_CounterModeConfig
                0x00000000       0x54 ..\obj\stm32f0xx_tim.o
 .text.TIM_SetCounter
                0x00000000       0x18 ..\obj\stm32f0xx_tim.o
 .text.TIM_SetAutoreload
                0x00000000       0x18 ..\obj\stm32f0xx_tim.o
 .text.TIM_GetCounter
                0x00000000       0x14 ..\obj\stm32f0xx_tim.o
 .text.TIM_GetPrescaler
                0x00000000       0x16 ..\obj\stm32f0xx_tim.o
 .text.TIM_UpdateDisableConfig
                0x00000000       0x40 ..\obj\stm32f0xx_tim.o
 .text.TIM_UpdateRequestConfig
                0x00000000       0x40 ..\obj\stm32f0xx_tim.o
 .text.TIM_ARRPreloadConfig
                0x00000000       0x40 ..\obj\stm32f0xx_tim.o
 .text.TIM_SelectOnePulseMode
                0x00000000       0x38 ..\obj\stm32f0xx_tim.o
 .text.TIM_SetClockDivision
                0x00000000       0x3c ..\obj\stm32f0xx_tim.o
 .text.TIM_BDTRConfig
                0x00000000       0x4c ..\obj\stm32f0xx_tim.o
 .text.TIM_BDTRStructInit
                0x00000000       0x3a ..\obj\stm32f0xx_tim.o
 .text.TIM_CtrlPWMOutputs
                0x00000000       0x4c ..\obj\stm32f0xx_tim.o
 .text.TIM_OC1Init
                0x00000000      0x1a4 ..\obj\stm32f0xx_tim.o
 .text.TIM_OC2Init
                0x00000000      0x1a4 ..\obj\stm32f0xx_tim.o
 .text.TIM_OC3Init
                0x00000000      0x1a8 ..\obj\stm32f0xx_tim.o
 .text.TIM_OC4Init
                0x00000000      0x138 ..\obj\stm32f0xx_tim.o
 .text.TIM_OCStructInit
                0x00000000       0x40 ..\obj\stm32f0xx_tim.o
 .text.TIM_SelectOCxM
                0x00000000       0xd0 ..\obj\stm32f0xx_tim.o
 .text.TIM_SetCompare1
                0x00000000       0x18 ..\obj\stm32f0xx_tim.o
 .text.TIM_SetCompare2
                0x00000000       0x18 ..\obj\stm32f0xx_tim.o
 .text.TIM_SetCompare3
                0x00000000       0x18 ..\obj\stm32f0xx_tim.o
 .text.TIM_SetCompare4
                0x00000000       0x18 ..\obj\stm32f0xx_tim.o
 .text.TIM_ForcedOC1Config
                0x00000000       0x54 ..\obj\stm32f0xx_tim.o
 .text.TIM_ForcedOC2Config
                0x00000000       0x5c ..\obj\stm32f0xx_tim.o
 .text.TIM_ForcedOC3Config
                0x00000000       0x54 ..\obj\stm32f0xx_tim.o
 .text.TIM_ForcedOC4Config
                0x00000000       0x5c ..\obj\stm32f0xx_tim.o
 .text.TIM_CCPreloadControl
                0x00000000       0x40 ..\obj\stm32f0xx_tim.o
 .text.TIM_OC1PreloadConfig
                0x00000000       0x54 ..\obj\stm32f0xx_tim.o
 .text.TIM_OC2PreloadConfig
                0x00000000       0x5c ..\obj\stm32f0xx_tim.o
 .text.TIM_OC3PreloadConfig
                0x00000000       0x54 ..\obj\stm32f0xx_tim.o
 .text.TIM_OC4PreloadConfig
                0x00000000       0x5c ..\obj\stm32f0xx_tim.o
 .text.TIM_OC1FastConfig
                0x00000000       0x54 ..\obj\stm32f0xx_tim.o
 .text.TIM_OC2FastConfig
                0x00000000       0x5c ..\obj\stm32f0xx_tim.o
 .text.TIM_OC3FastConfig
                0x00000000       0x54 ..\obj\stm32f0xx_tim.o
 .text.TIM_OC4FastConfig
                0x00000000       0x5c ..\obj\stm32f0xx_tim.o
 .text.TIM_ClearOC1Ref
                0x00000000       0x54 ..\obj\stm32f0xx_tim.o
 .text.TIM_ClearOC2Ref
                0x00000000       0x58 ..\obj\stm32f0xx_tim.o
 .text.TIM_ClearOC3Ref
                0x00000000       0x54 ..\obj\stm32f0xx_tim.o
 .text.TIM_ClearOC4Ref
                0x00000000       0x58 ..\obj\stm32f0xx_tim.o
 .text.TIM_OC1PolarityConfig
                0x00000000       0x54 ..\obj\stm32f0xx_tim.o
 .text.TIM_OC1NPolarityConfig
                0x00000000       0x54 ..\obj\stm32f0xx_tim.o
 .text.TIM_OC2PolarityConfig
                0x00000000       0x58 ..\obj\stm32f0xx_tim.o
 .text.TIM_OC2NPolarityConfig
                0x00000000       0x58 ..\obj\stm32f0xx_tim.o
 .text.TIM_OC3PolarityConfig
                0x00000000       0x5c ..\obj\stm32f0xx_tim.o
 .text.TIM_OC3NPolarityConfig
                0x00000000       0x5c ..\obj\stm32f0xx_tim.o
 .text.TIM_OC4PolarityConfig
                0x00000000       0x5c ..\obj\stm32f0xx_tim.o
 .text.TIM_SelectOCREFClear
                0x00000000       0x38 ..\obj\stm32f0xx_tim.o
 .text.TIM_CCxCmd
                0x00000000       0x6a ..\obj\stm32f0xx_tim.o
 .text.TIM_CCxNCmd
                0x00000000       0x6a ..\obj\stm32f0xx_tim.o
 .text.TIM_SelectCOM
                0x00000000       0x40 ..\obj\stm32f0xx_tim.o
 .text.TIM_ICInit
                0x00000000       0xb0 ..\obj\stm32f0xx_tim.o
 .text.TIM_ICStructInit
                0x00000000       0x2e ..\obj\stm32f0xx_tim.o
 .text.TIM_PWMIConfig
                0x00000000       0xec ..\obj\stm32f0xx_tim.o
 .text.TIM_GetCapture1
                0x00000000       0x14 ..\obj\stm32f0xx_tim.o
 .text.TIM_GetCapture2
                0x00000000       0x14 ..\obj\stm32f0xx_tim.o
 .text.TIM_GetCapture3
                0x00000000       0x14 ..\obj\stm32f0xx_tim.o
 .text.TIM_GetCapture4
                0x00000000       0x14 ..\obj\stm32f0xx_tim.o
 .text.TIM_SetIC1Prescaler
                0x00000000       0x38 ..\obj\stm32f0xx_tim.o
 .text.TIM_SetIC2Prescaler
                0x00000000       0x40 ..\obj\stm32f0xx_tim.o
 .text.TIM_SetIC3Prescaler
                0x00000000       0x38 ..\obj\stm32f0xx_tim.o
 .text.TIM_SetIC4Prescaler
                0x00000000       0x40 ..\obj\stm32f0xx_tim.o
 .text.TIM_GenerateEvent
                0x00000000       0x1e ..\obj\stm32f0xx_tim.o
 .text.TIM_GetFlagStatus
                0x00000000       0x48 ..\obj\stm32f0xx_tim.o
 .text.TIM_ClearFlag
                0x00000000       0x22 ..\obj\stm32f0xx_tim.o
 .text.TIM_DMAConfig
                0x00000000       0x32 ..\obj\stm32f0xx_tim.o
 .text.TIM_DMACmd
                0x00000000       0x52 ..\obj\stm32f0xx_tim.o
 .text.TIM_SelectCCDMA
                0x00000000       0x40 ..\obj\stm32f0xx_tim.o
 .text.TIM_InternalClockConfig
                0x00000000       0x20 ..\obj\stm32f0xx_tim.o
 .text.TIM_ITRxExternalClockConfig
                0x00000000       0x34 ..\obj\stm32f0xx_tim.o
 .text.TIM_TIxExternalClockConfig
                0x00000000       0x80 ..\obj\stm32f0xx_tim.o
 .text.TIM_ETRClockMode1Config
                0x00000000       0xa0 ..\obj\stm32f0xx_tim.o
 .text.TIM_ETRClockMode2Config
                0x00000000       0x56 ..\obj\stm32f0xx_tim.o
 .text.TIM_SelectInputTrigger
                0x00000000       0x54 ..\obj\stm32f0xx_tim.o
 .text.TIM_SelectOutputTrigger
                0x00000000       0x38 ..\obj\stm32f0xx_tim.o
 .text.TIM_SelectSlaveMode
                0x00000000       0x38 ..\obj\stm32f0xx_tim.o
 .text.TIM_SelectMasterSlaveMode
                0x00000000       0x38 ..\obj\stm32f0xx_tim.o
 .text.TIM_ETRConfig
                0x00000000       0x82 ..\obj\stm32f0xx_tim.o
 .text.TIM_EncoderInterfaceConfig
                0x00000000       0xfc ..\obj\stm32f0xx_tim.o
 .text.TIM_SelectHallSensor
                0x00000000       0x40 ..\obj\stm32f0xx_tim.o
 .text.TIM_RemapConfig
                0x00000000       0x20 ..\obj\stm32f0xx_tim.o
 .text.TI1_Config
                0x00000000       0xce ..\obj\stm32f0xx_tim.o
 .text.TI2_Config
                0x00000000       0xf8 ..\obj\stm32f0xx_tim.o
 .text.TI3_Config
                0x00000000       0xf0 ..\obj\stm32f0xx_tim.o
 .text.TI4_Config
                0x00000000      0x100 ..\obj\stm32f0xx_tim.o
 .text          0x00000000        0x0 ..\obj\system_stm32f0xx.o
 .bss           0x00000000        0x0 ..\obj\system_stm32f0xx.o
 .text.SystemCoreClockUpdate
                0x00000000       0xd4 ..\obj\system_stm32f0xx.o
 .text          0x00000000        0x0 ..\obj\stm32f0xx_misc.o
 .data          0x00000000        0x0 ..\obj\stm32f0xx_misc.o
 .bss           0x00000000        0x0 ..\obj\stm32f0xx_misc.o
 .text.NVIC_SystemLPConfig
                0x00000000       0x48 ..\obj\stm32f0xx_misc.o
 .text.SysTick_CLKSourceConfig
                0x00000000       0x34 ..\obj\stm32f0xx_misc.o
 .data          0x00000000        0x0 c:/program files (x86)/gnu tools arm embedded/6 2017-q2-update/bin/../lib/gcc/arm-none-eabi/6.3.1/thumb/v6-m\libgcc.a(_udivsi3.o)
 .bss           0x00000000        0x0 c:/program files (x86)/gnu tools arm embedded/6 2017-q2-update/bin/../lib/gcc/arm-none-eabi/6.3.1/thumb/v6-m\libgcc.a(_udivsi3.o)
 .data          0x00000000        0x0 c:/program files (x86)/gnu tools arm embedded/6 2017-q2-update/bin/../lib/gcc/arm-none-eabi/6.3.1/thumb/v6-m\libgcc.a(_divsi3.o)
 .bss           0x00000000        0x0 c:/program files (x86)/gnu tools arm embedded/6 2017-q2-update/bin/../lib/gcc/arm-none-eabi/6.3.1/thumb/v6-m\libgcc.a(_divsi3.o)
 .data          0x00000000        0x0 c:/program files (x86)/gnu tools arm embedded/6 2017-q2-update/bin/../lib/gcc/arm-none-eabi/6.3.1/thumb/v6-m\libgcc.a(_dvmd_tls.o)
 .bss           0x00000000        0x0 c:/program files (x86)/gnu tools arm embedded/6 2017-q2-update/bin/../lib/gcc/arm-none-eabi/6.3.1/thumb/v6-m\libgcc.a(_dvmd_tls.o)

Memory Configuration

Name             Origin             Length             Attributes
rom              0x08000000         0x00020000         xr
ram              0x20000000         0x00004000         xrw
*default*        0x00000000         0xffffffff

Linker script and memory map

                0x20004000                _eram = 0x20004000

.text           0x08000000     0x1388
 *(.isr_vector)
 .isr_vector    0x08000000       0xc4 ..\obj\startup_stm32f0xx.o
                0x08000000                g_pfnVectors
 *(.text*)
 .text.RCC_GetClocksFreq
                0x080000c4      0x278 ..\obj\stm32f0xx_rcc.o
                0x080000c4                RCC_GetClocksFreq
 .text.RCC_AHBPeriphClockCmd
                0x0800033c       0x40 ..\obj\stm32f0xx_rcc.o
                0x0800033c                RCC_AHBPeriphClockCmd
 .text.RCC_APB1PeriphClockCmd
                0x0800037c       0x40 ..\obj\stm32f0xx_rcc.o
                0x0800037c                RCC_APB1PeriphClockCmd
 .text.NVIC_SetPriority
                0x080003bc       0xdc ..\obj\main.o
 .text.SysTick_Config
                0x08000498       0x4c ..\obj\main.o
 .text.SysTick_Handler
                0x080004e4       0x18 ..\obj\main.o
                0x080004e4                SysTick_Handler
 .text.Delay    0x080004fc       0x2c ..\obj\main.o
                0x080004fc                Delay
 .text.main     0x08000528      0x168 ..\obj\main.o
                0x08000528                main
 .text.Reset_Handler
                0x08000690       0x44 ..\obj\startup_stm32f0xx.o
                0x08000690                Reset_Handler
 .text.Default_Handler
                0x080006d4        0x2 ..\obj\startup_stm32f0xx.o
                0x080006d4                PVD_VDDUSB_LP_IRQHandler
                0x080006d4                TIM1_CC_IRQHandler
                0x080006d4                HardFault_Handler
                0x080006d4                ADC1_COMP_IRQHandler
                0x080006d4                PendSV_Handler
                0x080006d4                NMI_Handler
                0x080006d4                I2C1_IRQHandler
                0x080006d4                RCC_CRS_IRQHandler
                0x080006d4                SPI1_IRQHandler
                0x080006d4                TIM6_DAC_IRQHandler
                0x080006d4                USART3_4_IRQHandler
                0x080006d4                EXTI2_3_IRQHandler
                0x080006d4                I2C2_IRQHandler
                0x080006d4                TIM17_IRQHandler
                0x080006d4                CEC_CAN_IRQHandler
                0x080006d4                RTC_IRQHandler
                0x080006d4                DMA1_Channel4_5_6_7_IRQHandler
                0x080006d4                TIM16_IRQHandler
                0x080006d4                TIM3_IRQHandler
                0x080006d4                EXTI4_15_IRQHandler
                0x080006d4                DMA1_Channel1_IRQHandler
                0x080006d4                Default_Handler
                0x080006d4                TIM7_IRQHandler
                0x080006d4                TIM15_IRQHandler
                0x080006d4                EXTI0_1_IRQHandler
                0x080006d4                SPI2_IRQHandler
                0x080006d4                SVC_Handler
                0x080006d4                USB_LP_IRQHandler
                0x080006d4                TS_IRQHandler
                0x080006d4                WWDG_IRQHandler
                0x080006d4                TIM2_IRQHandler
                0x080006d4                DMA1_Channel2_3_IRQHandler
                0x080006d4                USART2_IRQHandler
                0x080006d4                FLASH_IRQHandler
                0x080006d4                USART1_IRQHandler
                0x080006d4                TIM1_BRK_UP_TRG_COM_IRQHandler
 *fill*         0x080006d6        0x2 
 .text.TIM14_IRQHandler
                0x080006d8      0x110 ..\obj\APS.o
                0x080006d8                TIM14_IRQHandler
 .text.APS_Init
                0x080007e8       0xfc ..\obj\APS.o
                0x080007e8                APS_Init
 .text.APS_AddPin
                0x080008e4      0x138 ..\obj\APS.o
                0x080008e4                APS_AddPin
 .text.APS_SetPosition
                0x08000a1c       0x8c ..\obj\APS.o
                0x08000a1c                APS_SetPosition
 .text.APS_SetPositionDegree
                0x08000aa8       0x7a ..\obj\APS.o
                0x08000aa8                APS_SetPositionDegree
 *fill*         0x08000b22        0x2 
 .text.APS_GetStatus
                0x08000b24       0x1c ..\obj\APS.o
                0x08000b24                APS_GetStatus
 .text.APS_WaitForUpdate
                0x08000b40       0x14 ..\obj\APS.o
                0x08000b40                APS_WaitForUpdate
 .text.GPIO_Init
                0x08000b54      0x126 ..\obj\stm32f0xx_gpio.o
                0x08000b54                GPIO_Init
 .text.GPIO_SetBits
                0x08000c7a       0x1e ..\obj\stm32f0xx_gpio.o
                0x08000c7a                GPIO_SetBits
 .text.GPIO_ResetBits
                0x08000c98       0x1e ..\obj\stm32f0xx_gpio.o
                0x08000c98                GPIO_ResetBits
 *fill*         0x08000cb6        0x2 
 .text.TIM_TimeBaseInit
                0x08000cb8       0xf0 ..\obj\stm32f0xx_tim.o
                0x08000cb8                TIM_TimeBaseInit
 .text.TIM_Cmd  0x08000da8       0x40 ..\obj\stm32f0xx_tim.o
                0x08000da8                TIM_Cmd
 .text.TIM_ITConfig
                0x08000de8       0x52 ..\obj\stm32f0xx_tim.o
                0x08000de8                TIM_ITConfig
 .text.TIM_GetITStatus
                0x08000e3a       0x7e ..\obj\stm32f0xx_tim.o
                0x08000e3a                TIM_GetITStatus
 .text.TIM_ClearITPendingBit
                0x08000eb8       0x22 ..\obj\stm32f0xx_tim.o
                0x08000eb8                TIM_ClearITPendingBit
 *fill*         0x08000eda        0x2 
 .text.SystemInit
                0x08000edc       0x8c ..\obj\system_stm32f0xx.o
                0x08000edc                SystemInit
 .text.SetSysClock
                0x08000f68       0x88 ..\obj\system_stm32f0xx.o
 .text.NVIC_Init
                0x08000ff0       0xac ..\obj\stm32f0xx_misc.o
                0x08000ff0                NVIC_Init
 .text          0x0800109c      0x114 c:/program files (x86)/gnu tools arm embedded/6 2017-q2-update/bin/../lib/gcc/arm-none-eabi/6.3.1/thumb/v6-m\libgcc.a(_udivsi3.o)
                0x0800109c                __aeabi_uidiv
                0x0800109c                __udivsi3
                0x080011a8                __aeabi_uidivmod
 .text          0x080011b0      0x1d4 c:/program files (x86)/gnu tools arm embedded/6 2017-q2-update/bin/../lib/gcc/arm-none-eabi/6.3.1/thumb/v6-m\libgcc.a(_divsi3.o)
                0x080011b0                __divsi3
                0x080011b0                __aeabi_idiv
                0x0800137c                __aeabi_idivmod
 .text          0x08001384        0x4 c:/program files (x86)/gnu tools arm embedded/6 2017-q2-update/bin/../lib/gcc/arm-none-eabi/6.3.1/thumb/v6-m\libgcc.a(_dvmd_tls.o)
                0x08001384                __aeabi_idiv0
                0x08001384                __aeabi_ldiv0
 *(.init)
 *(.fini)
 *crtbegin.o(.ctors)
 *crtbegin?.o(.ctors)
 *(EXCLUDE_FILE(*crtend.o *crtend?.o) .ctors)
 *(SORT(.ctors.*))
 *(.ctors)
 *crtbegin.o(.dtors)
 *crtbegin?.o(.dtors)
 *(EXCLUDE_FILE(*crtend.o *crtend?.o) .dtors)
 *(SORT(.dtors.*))
 *(.dtors)
 *(.rodata*)
 *(.eh_fram e*)

.glue_7         0x08001388        0x0
 .glue_7        0x08001388        0x0 linker stubs

.glue_7t        0x08001388        0x0
 .glue_7t       0x08001388        0x0 linker stubs

.vfp11_veneer   0x08001388        0x0
 .vfp11_veneer  0x08001388        0x0 linker stubs

.v4_bx          0x08001388        0x0
 .v4_bx         0x08001388        0x0 linker stubs

.iplt           0x08001388        0x0
 .iplt          0x08001388        0x0 ..\obj\stm32f0xx_rcc.o

.rel.dyn        0x08001388        0x0
 .rel.iplt      0x08001388        0x0 ..\obj\stm32f0xx_rcc.o

.ARM.extab
 *(.ARM.extab* .gnu.linkonce.armextab.*)
                0x08001388                __exidx_start = .

.ARM.exidx
 *(.ARM.exidx* .gnu.linkonce.armexidx.*)
                0x08001388                __exidx_end = .
                0x08001388                __etext = .
                0x08001388                _sidata = __etext

.data           0x20000000       0x28 load address 0x08001388
                0x20000000                __data_start__ = .
                0x20000000                _sdata = __data_start__
 *(vtable)
 *(.data*)
 .data          0x20000000       0x10 ..\obj\stm32f0xx_rcc.o
 .data          0x20000010        0x4 ..\obj\APS.o
                0x20000010                oscnt
 .data          0x20000014       0x14 ..\obj\system_stm32f0xx.o
                0x20000014                SystemCoreClock
                0x20000018                AHBPrescTable
                0x20000028                . = ALIGN (0x4)
                [!provide]                PROVIDE (__preinit_array_start, .)
 *(.preinit_array)
                [!provide]                PROVIDE (__preinit_array_end, .)
                0x20000028                . = ALIGN (0x4)
                [!provide]                PROVIDE (__init_array_start, .)
 *(SORT(.init_array.*))
 *(.init_array)
                [!provide]                PROVIDE (__init_array_end, .)
                0x20000028                . = ALIGN (0x4)
                [!provide]                PROVIDE (__fini_array_start, .)
 *(SORT(.fini_array.*))
 *(.fini_array)
                [!provide]                PROVIDE (__fini_array_end, .)
 *(.jcr*)
                0x20000028                . = ALIGN (0x4)
                0x20000028                __data_end__ = .
                0x20000028                _edata = __data_end__

.igot.plt       0x20000028        0x0 load address 0x080013b0
 .igot.plt      0x20000028        0x0 ..\obj\stm32f0xx_rcc.o

.bss            0x20000028       0xa8 load address 0x080013b0
                0x20000028                . = ALIGN (0x4)
                0x20000028                __bss_start__ = .
                0x20000028                _sbss = __bss_start__
 *(.bss*)
 .bss           0x20000028        0x8 ..\obj\main.o
                0x20000028                MSec
                0x2000002c                pill
 *(COMMON)
 COMMON         0x20000030        0x8 ..\obj\main.o
                0x20000030                G
 COMMON         0x20000038       0x98 ..\obj\APS.o
                0x20000038                N
                0x2000003c                TB
                0x20000048                list
                0x200000a8                Period
                0x200000ac                RC
                0x200000d0                . = ALIGN (0x4)
                0x200000d0                __bss_end__ = .
                0x200000d0                _ebss = __bss_end__

.heap           0x200000d0        0x0
                0x200000d0                __end__ = .
                0x200000d0                _end = __end__
                0x200000d0                end = __end__
 *(.heap*)
                0x200000d0                __HeapLimit = .

.co_stack       0x200000d0        0x0
                0x200000d0                . = ALIGN (0x8)
 *(.co_stack .co_stack.*)
                0x20004000                __StackTop = (ORIGIN (ram) + LENGTH (ram))
                0x20004000                __StackLimit = (__StackTop - SIZEOF (.co_stack))
                [!provide]                PROVIDE (__stack, __StackTop)
                0x00000001                ASSERT ((__StackLimit >= __HeapLimit), region ram  overflowed with stack)
LOAD ..\obj\stm32f0xx_rcc.o
LOAD ..\obj\main.o
LOAD ..\obj\startup_stm32f0xx.o
LOAD ..\obj\APS.o
LOAD ..\obj\stm32f0xx_gpio.o
LOAD ..\obj\stm32f0xx_tim.o
LOAD ..\obj\system_stm32f0xx.o
LOAD ..\obj\stm32f0xx_misc.o
START GROUP
LOAD c:/program files (x86)/gnu tools arm embedded/6 2017-q2-update/bin/../lib/gcc/arm-none-eabi/6.3.1/thumb/v6-m\libgcc.a
LOAD c:/program files (x86)/gnu tools arm embedded/6 2017-q2-update/bin/../lib/gcc/arm-none-eabi/6.3.1/../../../../arm-none-eabi/lib/thumb/v6-m\libg.a
LOAD c:/program files (x86)/gnu tools arm embedded/6 2017-q2-update/bin/../lib/gcc/arm-none-eabi/6.3.1/../../../../arm-none-eabi/lib/thumb/v6-m\libc.a
END GROUP
OUTPUT(STM32F0-AnyPinServo.elf elf32-littlearm)

.debug_info     0x00000000     0x4325
 .debug_info    0x00000000      0xa4c ..\obj\stm32f0xx_rcc.o
 .debug_info    0x00000a4c      0x6c9 ..\obj\main.o
 .debug_info    0x00001115       0xd3 ..\obj\startup_stm32f0xx.o
 .debug_info    0x000011e8      0x8b2 ..\obj\APS.o
 .debug_info    0x00001a9a      0x5f2 ..\obj\stm32f0xx_gpio.o
 .debug_info    0x0000208c     0x1c7a ..\obj\stm32f0xx_tim.o
 .debug_info    0x00003d06      0x2b1 ..\obj\system_stm32f0xx.o
 .debug_info    0x00003fb7      0x36e ..\obj\stm32f0xx_misc.o

.debug_abbrev   0x00000000      0xbb9
 .debug_abbrev  0x00000000      0x1ff ..\obj\stm32f0xx_rcc.o
 .debug_abbrev  0x000001ff      0x20b ..\obj\main.o
 .debug_abbrev  0x0000040a       0x12 ..\obj\startup_stm32f0xx.o
 .debug_abbrev  0x0000041c      0x1f7 ..\obj\APS.o
 .debug_abbrev  0x00000613      0x196 ..\obj\stm32f0xx_gpio.o
 .debug_abbrev  0x000007a9      0x1b0 ..\obj\stm32f0xx_tim.o
 .debug_abbrev  0x00000959      0x122 ..\obj\system_stm32f0xx.o
 .debug_abbrev  0x00000a7b      0x13e ..\obj\stm32f0xx_misc.o

.debug_aranges  0x00000000      0x608
 .debug_aranges
                0x00000000      0x160 ..\obj\stm32f0xx_rcc.o
 .debug_aranges
                0x00000160       0x40 ..\obj\main.o
 .debug_aranges
                0x000001a0       0x28 ..\obj\startup_stm32f0xx.o
 .debug_aranges
                0x000001c8       0x60 ..\obj\APS.o
 .debug_aranges
                0x00000228       0x80 ..\obj\stm32f0xx_gpio.o
 .debug_aranges
                0x000002a8      0x300 ..\obj\stm32f0xx_tim.o
 .debug_aranges
                0x000005a8       0x30 ..\obj\system_stm32f0xx.o
 .debug_aranges
                0x000005d8       0x30 ..\obj\stm32f0xx_misc.o

.debug_ranges   0x00000000      0x590
 .debug_ranges  0x00000000      0x150 ..\obj\stm32f0xx_rcc.o
 .debug_ranges  0x00000150       0x30 ..\obj\main.o
 .debug_ranges  0x00000180       0x20 ..\obj\startup_stm32f0xx.o
 .debug_ranges  0x000001a0       0x50 ..\obj\APS.o
 .debug_ranges  0x000001f0       0x70 ..\obj\stm32f0xx_gpio.o
 .debug_ranges  0x00000260      0x2f0 ..\obj\stm32f0xx_tim.o
 .debug_ranges  0x00000550       0x20 ..\obj\system_stm32f0xx.o
 .debug_ranges  0x00000570       0x20 ..\obj\stm32f0xx_misc.o

.debug_line     0x00000000     0x1fb8
 .debug_line    0x00000000      0x5bb ..\obj\stm32f0xx_rcc.o
 .debug_line    0x000005bb      0x2e7 ..\obj\main.o
 .debug_line    0x000008a2       0xba ..\obj\startup_stm32f0xx.o
 .debug_line    0x0000095c      0x3bd ..\obj\APS.o
 .debug_line    0x00000d19      0x363 ..\obj\stm32f0xx_gpio.o
 .debug_line    0x0000107c      0xac2 ..\obj\stm32f0xx_tim.o
 .debug_line    0x00001b3e      0x1da ..\obj\system_stm32f0xx.o
 .debug_line    0x00001d18      0x2a0 ..\obj\stm32f0xx_misc.o

.debug_str      0x00000000     0x1bf8
 .debug_str     0x00000000      0x706 ..\obj\stm32f0xx_rcc.o
                                0x79f (size before relaxing)
 .debug_str     0x00000706      0x4a8 ..\obj\main.o
                                0x618 (size before relaxing)
 .debug_str     0x00000bae      0x281 ..\obj\APS.o
                                0x718 (size before relaxing)
 .debug_str     0x00000e2f      0x1a0 ..\obj\stm32f0xx_gpio.o
                                0x4a7 (size before relaxing)
 .debug_str     0x00000fcf      0xabd ..\obj\stm32f0xx_tim.o
                                0xdf9 (size before relaxing)
 .debug_str     0x00001a8c       0xa4 ..\obj\system_stm32f0xx.o
                                0x269 (size before relaxing)
 .debug_str     0x00001b30       0xc8 ..\obj\stm32f0xx_misc.o
                                0x311 (size before relaxing)

.comment        0x00000000       0x7f
 .comment       0x00000000       0x7f ..\obj\stm32f0xx_rcc.o
                                 0x80 (size before relaxing)
 .comment       0x0000007f       0x80 ..\obj\main.o
 .comment       0x0000007f       0x80 ..\obj\APS.o
 .comment       0x0000007f       0x80 ..\obj\stm32f0xx_gpio.o
 .comment       0x0000007f       0x80 ..\obj\stm32f0xx_tim.o
 .comment       0x0000007f       0x80 ..\obj\system_stm32f0xx.o
 .comment       0x0000007f       0x80 ..\obj\stm32f0xx_misc.o

.ARM.attributes
                0x00000000       0x2f
 .ARM.attributes
                0x00000000       0x31 ..\obj\stm32f0xx_rcc.o
 .ARM.attributes
                0x00000031       0x31 ..\obj\main.o
 .ARM.attributes
                0x00000062       0x21 ..\obj\startup_stm32f0xx.o
 .ARM.attributes
                0x00000083       0x31 ..\obj\APS.o
 .ARM.attributes
                0x000000b4       0x31 ..\obj\stm32f0xx_gpio.o
 .ARM.attributes
                0x000000e5       0x31 ..\obj\stm32f0xx_tim.o
 .ARM.attributes
                0x00000116       0x31 ..\obj\system_stm32f0xx.o
 .ARM.attributes
                0x00000147       0x31 ..\obj\stm32f0xx_misc.o
 .ARM.attributes
                0x00000178       0x1e c:/program files (x86)/gnu tools arm embedded/6 2017-q2-update/bin/../lib/gcc/arm-none-eabi/6.3.1/thumb/v6-m\libgcc.a(_udivsi3.o)
 .ARM.attributes
                0x00000196       0x1e c:/program files (x86)/gnu tools arm embedded/6 2017-q2-update/bin/../lib/gcc/arm-none-eabi/6.3.1/thumb/v6-m\libgcc.a(_divsi3.o)
 .ARM.attributes
                0x000001b4       0x1e c:/program files (x86)/gnu tools arm embedded/6 2017-q2-update/bin/../lib/gcc/arm-none-eabi/6.3.1/thumb/v6-m\libgcc.a(_dvmd_tls.o)

.debug_frame    0x00000000     0x1574
 .debug_frame   0x00000000      0x524 ..\obj\stm32f0xx_rcc.o
 .debug_frame   0x00000524       0xb0 ..\obj\main.o
 .debug_frame   0x000005d4      0x128 ..\obj\APS.o
 .debug_frame   0x000006fc      0x1b0 ..\obj\stm32f0xx_gpio.o
 .debug_frame   0x000008ac      0xbb0 ..\obj\stm32f0xx_tim.o
 .debug_frame   0x0000145c       0x68 ..\obj\system_stm32f0xx.o
 .debug_frame   0x000014c4       0x70 ..\obj\stm32f0xx_misc.o
 .debug_frame   0x00001534       0x20 c:/program files (x86)/gnu tools arm embedded/6 2017-q2-update/bin/../lib/gcc/arm-none-eabi/6.3.1/thumb/v6-m\libgcc.a(_udivsi3.o)
 .debug_frame   0x00001554       0x20 c:/program files (x86)/gnu tools arm embedded/6 2017-q2-update/bin/../lib/gcc/arm-none-eabi/6.3.1/thumb/v6-m\libgcc.a(_divsi3.o)
